Archive member included to satisfy reference by file (symbol)

../Middlewares/ST/ARM/DSP/Lib\libarm_cortexM4lf_math.a(arm_rfft_fast_init_f32.o)
                              ./Core/Src/main.o (arm_rfft_fast_init_f32)
../Middlewares/ST/ARM/DSP/Lib\libarm_cortexM4lf_math.a(arm_rfft_fast_f32.o)
                              ./Core/Src/main.o (arm_rfft_fast_f32)
../Middlewares/ST/ARM/DSP/Lib\libarm_cortexM4lf_math.a(arm_cfft_f32.o)
                              ../Middlewares/ST/ARM/DSP/Lib\libarm_cortexM4lf_math.a(arm_rfft_fast_f32.o) (arm_cfft_f32)
../Middlewares/ST/ARM/DSP/Lib\libarm_cortexM4lf_math.a(arm_bitreversal2.o)
                              ../Middlewares/ST/ARM/DSP/Lib\libarm_cortexM4lf_math.a(arm_cfft_f32.o) (arm_bitreversal_32)
../Middlewares/ST/ARM/DSP/Lib\libarm_cortexM4lf_math.a(arm_cmplx_mag_f32.o)
                              ./Core/Src/main.o (arm_cmplx_mag_f32)
../Middlewares/ST/ARM/DSP/Lib\libarm_cortexM4lf_math.a(arm_common_tables.o)
                              ../Middlewares/ST/ARM/DSP/Lib\libarm_cortexM4lf_math.a(arm_rfft_fast_init_f32.o) (twiddleCoef_rfft_4096)
../Middlewares/ST/ARM/DSP/Lib\libarm_cortexM4lf_math.a(arm_cfft_init_f32.o)
                              ../Middlewares/ST/ARM/DSP/Lib\libarm_cortexM4lf_math.a(arm_rfft_fast_init_f32.o) (arm_cfft_init_f32)
../Middlewares/ST/ARM/DSP/Lib\libarm_cortexM4lf_math.a(arm_cfft_radix8_f32.o)
                              ../Middlewares/ST/ARM/DSP/Lib\libarm_cortexM4lf_math.a(arm_cfft_f32.o) (arm_radix8_butterfly_f32)
../Middlewares/ST/ARM/DSP/Lib\libarm_cortexM4lf_math.a(arm_const_structs.o)
                              ../Middlewares/ST/ARM/DSP/Lib\libarm_cortexM4lf_math.a(arm_cfft_init_f32.o) (arm_cfft_sR_f32_len4096)
D:/E/1subject/HK4/VXL_VDK/doan/STM32CubeIDE_1.18.0/STM32CubeIDE/plugins/com.st.stm32cube.ide.mcu.externaltools.gnu-tools-for-stm32.13.3.rel1.win32_1.0.100.202509120712/tools/bin/../lib/gcc/arm-none-eabi/13.3.1/../../../../arm-none-eabi/lib/thumb/v7e-m+fp/hard\libc_nano.a(libc_a-exit.o)
                              D:/E/1subject/HK4/VXL_VDK/doan/STM32CubeIDE_1.18.0/STM32CubeIDE/plugins/com.st.stm32cube.ide.mcu.externaltools.gnu-tools-for-stm32.13.3.rel1.win32_1.0.100.202509120712/tools/bin/../lib/gcc/arm-none-eabi/13.3.1/../../../../arm-none-eabi/lib/thumb/v7e-m+fp/hard/crt0.o (exit)
D:/E/1subject/HK4/VXL_VDK/doan/STM32CubeIDE_1.18.0/STM32CubeIDE/plugins/com.st.stm32cube.ide.mcu.externaltools.gnu-tools-for-stm32.13.3.rel1.win32_1.0.100.202509120712/tools/bin/../lib/gcc/arm-none-eabi/13.3.1/../../../../arm-none-eabi/lib/thumb/v7e-m+fp/hard\libc_nano.a(libc_a-rand.o)
                              ./Core/Src/main.o (rand)
D:/E/1subject/HK4/VXL_VDK/doan/STM32CubeIDE_1.18.0/STM32CubeIDE/plugins/com.st.stm32cube.ide.mcu.externaltools.gnu-tools-for-stm32.13.3.rel1.win32_1.0.100.202509120712/tools/bin/../lib/gcc/arm-none-eabi/13.3.1/../../../../arm-none-eabi/lib/thumb/v7e-m+fp/hard\libc_nano.a(libc_a-findfp.o)
                              D:/E/1subject/HK4/VXL_VDK/doan/STM32CubeIDE_1.18.0/STM32CubeIDE/plugins/com.st.stm32cube.ide.mcu.externaltools.gnu-tools-for-stm32.13.3.rel1.win32_1.0.100.202509120712/tools/bin/../lib/gcc/arm-none-eabi/13.3.1/../../../../arm-none-eabi/lib/thumb/v7e-m+fp/hard\libc_nano.a(libc_a-exit.o) (__stdio_exit_handler)
D:/E/1subject/HK4/VXL_VDK/doan/STM32CubeIDE_1.18.0/STM32CubeIDE/plugins/com.st.stm32cube.ide.mcu.externaltools.gnu-tools-for-stm32.13.3.rel1.win32_1.0.100.202509120712/tools/bin/../lib/gcc/arm-none-eabi/13.3.1/../../../../arm-none-eabi/lib/thumb/v7e-m+fp/hard\libc_nano.a(libc_a-fwalk.o)
                              D:/E/1subject/HK4/VXL_VDK/doan/STM32CubeIDE_1.18.0/STM32CubeIDE/plugins/com.st.stm32cube.ide.mcu.externaltools.gnu-tools-for-stm32.13.3.rel1.win32_1.0.100.202509120712/tools/bin/../lib/gcc/arm-none-eabi/13.3.1/../../../../arm-none-eabi/lib/thumb/v7e-m+fp/hard\libc_nano.a(libc_a-findfp.o) (_fwalk_sglue)
D:/E/1subject/HK4/VXL_VDK/doan/STM32CubeIDE_1.18.0/STM32CubeIDE/plugins/com.st.stm32cube.ide.mcu.externaltools.gnu-tools-for-stm32.13.3.rel1.win32_1.0.100.202509120712/tools/bin/../lib/gcc/arm-none-eabi/13.3.1/../../../../arm-none-eabi/lib/thumb/v7e-m+fp/hard\libc_nano.a(libc_a-stdio.o)
                              D:/E/1subject/HK4/VXL_VDK/doan/STM32CubeIDE_1.18.0/STM32CubeIDE/plugins/com.st.stm32cube.ide.mcu.externaltools.gnu-tools-for-stm32.13.3.rel1.win32_1.0.100.202509120712/tools/bin/../lib/gcc/arm-none-eabi/13.3.1/../../../../arm-none-eabi/lib/thumb/v7e-m+fp/hard\libc_nano.a(libc_a-findfp.o) (__sread)
D:/E/1subject/HK4/VXL_VDK/doan/STM32CubeIDE_1.18.0/STM32CubeIDE/plugins/com.st.stm32cube.ide.mcu.externaltools.gnu-tools-for-stm32.13.3.rel1.win32_1.0.100.202509120712/tools/bin/../lib/gcc/arm-none-eabi/13.3.1/../../../../arm-none-eabi/lib/thumb/v7e-m+fp/hard\libc_nano.a(libc_a-memset.o)
[...]
Memory Configuration

Name             Origin             Length             Attributes
CCMRAM           0x10000000         0x00010000         xrw
RAM              0x20000000         0x00020000         xrw
FLASH            0x08000000         0x00080000         xr
*default*        0x00000000         0xffffffff

Linker script and memory map

LOAD D:/E/1subject/HK4/VXL_VDK/doan/STM32CubeIDE_1.18.0/STM32CubeIDE/plugins/com.st.stm32cube.ide.mcu.externaltools.gnu-tools-for-stm32.13.3.rel1.win32_1.0.100.202509120712/tools/bin/../lib/gcc/arm-none-eabi/13.3.1/thumb/v7e-m+fp/hard/crti.o
LOAD D:/E/1subject/HK4/VXL_VDK/doan/STM32CubeIDE_1.18.0/STM32CubeIDE/plugins/com.st.stm32cube.ide.mcu.externaltools.gnu-tools-for-stm32.13.3.rel1.win32_1.0.100.202509120712/tools/bin/../lib/gcc/arm-none-eabi/13.3.1/thumb/v7e-m+fp/hard/crtbegin.o
LOAD D:/E/1subject/HK4/VXL_VDK/doan/STM32CubeIDE_1.18.0/STM32CubeIDE/plugins/com.st.stm32cube.ide.mcu.externaltools.gnu-tools-for-stm32.13.3.rel1.win32_1.0.100.202509120712/tools/bin/../lib/gcc/arm-none-eabi/13.3.1/../../../../arm-none-eabi/lib/thumb/v7e-m+fp/hard/crt0.o
LOAD ./Core/Src/main.o
LOAD ./Core/Src/stm32f4xx_hal_msp.o
LOAD ./Core/Src/stm32f4xx_it.o
LOAD ./Core/Src/syscalls.o
LOAD ./Core/Src/sysmem.o
LOAD ./Core/Src/system_stm32f4xx.o
LOAD ./Core/Startup/startup_stm32f407vetx.o
LOAD ./Drivers/STM32F4xx_HAL_Driver/Src/stm32f4xx_hal.o
LOAD ./Drivers/STM32F4xx_HAL_Driver/Src/stm32f4xx_hal_adc.o
LOAD ./Drivers/STM32F4xx_HAL_Driver/Src/stm32f4xx_hal_adc_ex.o
LOAD ./Drivers/STM32F4xx_HAL_Driver/Src/stm32f4xx_hal_cortex.o
LOAD ./Drivers/STM32F4xx_HAL_Driver/Src/stm32f4xx_hal_dma.o
LOAD ./Drivers/STM32F4xx_HAL_Driver/Src/stm32f4xx_hal_dma_ex.o
LOAD ./Drivers/STM32F4xx_HAL_Driver/Src/stm32f4xx_hal_exti.o
LOAD ./Drivers/STM32F4xx_HAL_Driver/Src/stm32f4xx_hal_flash.o
LOAD ./Drivers/STM32F4xx_HAL_Driver/Src/stm32f4xx_hal_flash_ex.o
LOAD ./Drivers/STM32F4xx_HAL_Driver/Src/stm32f4xx_hal_flash_ramfunc.o
LOAD ./Drivers/STM32F4xx_HAL_Driver/Src/stm32f4xx_hal_gpio.o
LOAD ./Drivers/STM32F4xx_HAL_Driver/Src/stm32f4xx_hal_pwr.o
LOAD ./Drivers/STM32F4xx_HAL_Driver/Src/stm32f4xx_hal_pwr_ex.o
LOAD ./Drivers/STM32F4xx_HAL_Driver/Src/stm32f4xx_hal_rcc.o
LOAD ./Drivers/STM32F4xx_HAL_Driver/Src/stm32f4xx_hal_rcc_ex.o
LOAD ./Drivers/STM32F4xx_HAL_Driver/Src/stm32f4xx_hal_spi.o
LOAD ./Drivers/STM32F4xx_HAL_Driver/Src/stm32f4xx_hal_tim.o
LOAD ./Drivers/STM32F4xx_HAL_Driver/Src/stm32f4xx_hal_tim_ex.o
LOAD ./Drivers/STM32F4xx_HAL_Driver/Src/stm32f4xx_hal_uart.o
LOAD ./Drivers/STM32F4xx_HAL_Driver/Src/stm32f4xx_hal_usart.o
LOAD ./Drivers/STM32F4xx_HAL_Driver/Src/stm32f4xx_ll_adc.o
LOAD ../Middlewares/ST/ARM/DSP/Lib\libarm_cortexM4lf_math.a
START GROUP
LOAD D:/E/1subject/HK4/VXL_VDK/doan/STM32CubeIDE_1.18.0/STM32CubeIDE/plugins/com.st.stm32cube.ide.mcu.externaltools.gnu-tools-for-stm32.13.3.rel1.win32_1.0.100.202509120712/tools/bin/../lib/gcc/arm-none-eabi/13.3.1/../../../../arm-none-eabi/lib/thumb/v7e-m+fp/hard\libc_nano.a
LOAD D:/E/1subject/HK4/VXL_VDK/doan/STM32CubeIDE_1.18.0/STM32CubeIDE/plugins/com.st.stm32cube.ide.mcu.externaltools.gnu-tools-for-stm32.13.3.rel1.win32_1.0.100.202509120712/tools/bin/../lib/gcc/arm-none-eabi/13.3.1/../../../../arm-none-eabi/lib/thumb/v7e-m+fp/hard\libm.a
END GROUP
START GROUP
LOAD D:/E/1subject/HK4/VXL_VDK/doan/STM32CubeIDE_1.18.0/STM32CubeIDE/plugins/com.st.stm32cube.ide.mcu.externaltools.gnu-tools-for-stm32.13.3.rel1.win32_1.0.100.202509120712/tools/bin/../lib/gcc/arm-none-eabi/13.3.1/thumb/v7e-m+fp/hard\libgcc.a
LOAD D:/E/1subject/HK4/VXL_VDK/doan/STM32CubeIDE_1.18.0/STM32CubeIDE/plugins/com.st.stm32cube.ide.mcu.externaltools.gnu-tools-for-stm32.13.3.rel1.win32_1.0.100.202509120712/tools/bin/../lib/gcc/arm-none-eabi/13.3.1/../../../../arm-none-eabi/lib/thumb/v7e-m+fp/hard\libc_nano.a
END GROUP
START GROUP
LOAD D:/E/1subject/HK4/VXL_VDK/doan/STM32CubeIDE_1.18.0/STM32CubeIDE/plugins/com.st.stm32cube.ide.mcu.externaltools.gnu-tools-for-stm32.13.3.rel1.win32_1.0.100.202509120712/tools/bin/../lib/gcc/arm-none-eabi/13.3.1/thumb/v7e-m+fp/hard\libgcc.a
LOAD D:/E/1subject/HK4/VXL_VDK/doan/STM32CubeIDE_1.18.0/STM32CubeIDE/plugins/com.st.stm32cube.ide.mcu.externaltools.gnu-tools-for-stm32.13.3.rel1.win32_1.0.100.202509120712/tools/bin/../lib/gcc/arm-none-eabi/13.3.1/../../../../arm-none-eabi/lib/thumb/v7e-m+fp/hard\libc_nano.a
LOAD D:/E/1subject/HK4/VXL_VDK/doan/STM32CubeIDE_1.18.0/STM32CubeIDE/plugins/com.st.stm32cube.ide.mcu.externaltools.gnu-tools-for-stm32.13.3.rel1.win32_1.0.100.202509120712/tools/bin/../lib/gcc/arm-none-eabi/13.3.1/../../../../arm-none-eabi/lib/thumb/v7e-m+fp/hard\libnosys.a
END GROUP
START GROUP
LOAD D:/E/1subject/HK4/VXL_VDK/doan/STM32CubeIDE_1.18.0/STM32CubeIDE/plugins/com.st.stm32cube.ide.mcu.externaltools.gnu-tools-for-stm32.13.3.rel1.win32_1.0.100.202509120712/tools/bin/../lib/gcc/arm-none-eabi/13.3.1/thumb/v7e-m+fp/hard\libgcc.a
LOAD D:/E/1subject/HK4/VXL_VDK/doan/STM32CubeIDE_1.18.0/STM32CubeIDE/plugins/com.st.stm32cube.ide.mcu.externaltools.gnu-tools-for-stm32.13.3.rel1.win32_1.0.100.202509120712/tools/bin/../lib/gcc/arm-none-eabi/13.3.1/../../../../arm-none-eabi/lib/thumb/v7e-m+fp/hard\libc_nano.a
LOAD D:/E/1subject/HK4/VXL_VDK/doan/STM32CubeIDE_1.18.0/STM32CubeIDE/plugins/com.st.stm32cube.ide.mcu.externaltools.gnu-tools-for-stm32.13.3.rel1.win32_1.0.100.202509120712/tools/bin/../lib/gcc/arm-none-eabi/13.3.1/../../../../arm-none-eabi/lib/thumb/v7e-m+fp/hard\libnosys.a
END GROUP
LOAD D:/E/1subject/HK4/VXL_VDK/doan/STM32CubeIDE_1.18.0/STM32CubeIDE/plugins/com.st.stm32cube.ide.mcu.externaltools.gnu-tools-for-stm32.13.3.rel1.win32_1.0.100.202509120712/tools/bin/../lib/gcc/arm-none-eabi/13.3.1/thumb/v7e-m+fp/hard/crtend.o
LOAD D:/E/1subject/HK4/VXL_VDK/doan/STM32CubeIDE_1.18.0/STM32CubeIDE/plugins/com.st.stm32cube.ide.mcu.externaltools.gnu-tools-for-stm32.13.3.rel1.win32_1.0.100.202509120712/tools/bin/../lib/gcc/arm-none-eabi/13.3.1/thumb/v7e-m+fp/hard/crtn.o
                0x20020000                        _estack = (ORIGIN (RAM) + LENGTH (RAM))
                0x00000200                        _Min_Heap_Size = 0x200
                0x00000400                        _Min_Stack_Size = 0x400

.isr_vector     0x08000000      0x188
                0x08000000                        . = ALIGN (0x4)
 *(.isr_vector)
 .isr_vector    0x08000000      0x188 ./Core/Startup/startup_stm32f407vetx.o
                0x08000000                g_pfnVectors
                0x08000188                        . = ALIGN (0x4)

.text           0x08000190     0x9cec
                0x08000190                        . = ALIGN (0x4)
 *(.text)
 .text          0x08000190       0x40 D:/E/1subject/HK4/VXL_VDK/doan/STM32CubeIDE_1.18.0/STM32CubeIDE/plugins/com.st.stm32cube.ide.mcu.externaltools.gnu-tools-for-stm32.13.3.rel1.win32_1.0.100.202509120712/tools/bin/../lib/gcc/arm-none-eabi/13.3.1/thumb/v7e-m+fp/hard/crtbegin.o
 .text          0x080001d0       0xa0 D:/E/1subject/HK4/VXL_VDK/doan/STM32CubeIDE_1.18.0/STM32CubeIDE/plugins/com.st.stm32cube.ide.mcu.externaltools.gnu-tools-for-stm32.13.3.rel1.win32_1.0.100.202509120712/tools/bin/../lib/gcc/arm-none-eabi/13.3.1/../../../../arm-none-eabi/lib/thumb/v7e-m+fp/hard\libc_nano.a(libc_a-memchr.o)
                0x080001d0                memchr
 .text          0x08000270      0x378 D:/E/1subject/HK4/VXL_VDK/doan/STM32CubeIDE_1.18.0/STM32CubeIDE/plugins/com.st.stm32cube.ide.mcu.externaltools.gnu-tools-for-stm32.13.3.rel1.win32_1.0.100.202509120712/tools/bin/../lib/gcc/arm-none-eabi/13.3.1/thumb/v7e-m+fp/hard\libgcc.a(_arm_addsubdf3.o)
                0x08000270                __aeabi_drsub
                0x08000278                __aeabi_dsub
                0x08000278                __subdf3
                0x0800027c                __aeabi_dadd
                0x0800027c                __adddf3
                0x080004f4                __floatunsidf
                0x080004f4                __aeabi_ui2d
                0x08000514                __floatsidf
                0x08000514                __aeabi_i2d
                0x08000538                __aeabi_f2d
                0x08000538                __extendsfdf2
                0x0800057c                __floatundidf
                0x0800057c                __aeabi_ul2d
                0x0800058c                __floatdidf
                0x0800058c                __aeabi_l2d
 .text          0x080005e8      0x424 D:/E/1subject/HK4/VXL_VDK/doan/STM32CubeIDE_1.18.0/STM32CubeIDE/plugins/com.st.stm32cube.ide.mcu.externaltools.gnu-tools-for-stm32.13.3.rel1.win32_1.0.100.202509120712/tools/bin/../lib/gcc/arm-none-eabi/13.3.1/thumb/v7e-m+fp/hard\libgcc.a(_arm_muldivdf3.o)
                0x080005e8                __aeabi_dmul
                0x080005e8                __muldf3
                0x0800083c                __divdf3
                0x0800083c                __aeabi_ddiv
 .text          0x08000a0c       0x40 D:/E/1subject/HK4/VXL_VDK/doan/STM32CubeIDE_1.18.0/STM32CubeIDE/plugins/com.st.stm32cube.ide.mcu.externaltools.gnu-tools-for-stm32.13.3.rel1.win32_1.0.100.202509120712/tools/bin/../lib/gcc/arm-none-eabi/13.3.1/thumb/v7e-m+fp/hard\libgcc.a(_arm_fixunsdfsi.o)
                0x08000a0c                __aeabi_d2uiz
                0x08000a0c                __fixunsdfsi
 .text          0x08000a4c       0x30 D:/E/1subject/HK4/VXL_VDK/doan/STM32CubeIDE_1.18.0/STM32CubeIDE/plugins/com.st.stm32cube.ide.mcu.externaltools.gnu-tools-for-stm32.13.3.rel1.win32_1.0.100.202509120712/tools/bin/../lib/gcc/arm-none-eabi/13.3.1/thumb/v7e-m+fp/hard\libgcc.a(_aeabi_uldivmod.o)
                0x08000a4c                __aeabi_uldivmod
 .text          0x08000a7c      0x2f8 D:/E/1subject/HK4/VXL_VDK/doan/STM32CubeIDE_1.18.0/STM32CubeIDE/plugins/com.st.stm32cube.ide.mcu.externaltools.gnu-tools-for-stm32.13.3.rel1.win32_1.0.100.202509120712/tools/bin/../lib/gcc/arm-none-eabi/13.3.1/thumb/v7e-m+fp/hard\libgcc.a(_udivmoddi4.o)
                0x08000a7c                __udivmoddi4
 .text          0x08000d74        0x4 D:/E/1subject/HK4/VXL_VDK/doan/STM32CubeIDE_1.18.0/STM32CubeIDE/plugins/com.st.stm32cube.ide.mcu.externaltools.gnu-tools-for-stm32.13.3.rel1.win32_1.0.100.202509120712/tools/bin/../lib/gcc/arm-none-eabi/13.3.1/thumb/v7e-m+fp/hard\libgcc.a(_dvmd_tls.o)
                0x08000d74                __aeabi_idiv0
                0x08000d74                __aeabi_ldiv0
 *(.text*)
 .text.spi_update
                0x08000d78       0x1c ./Core/Src/main.o
                0x08000d78                spi_update
 .text.spi_set_led
                0x08000d94       0x6c ./Core/Src/main.o
                0x08000d94                spi_set_led
 .text.spi_init_buffer
                0x08000e00       0x78 ./Core/Src/main.o
                0x08000e00                spi_init_buffer
 .text.usart_set_led
                0x08000e78       0x6c ./Core/Src/main.o
                0x08000e78                usart_set_led
 .text.usart_update
                0x08000ee4       0x28 ./Core/Src/main.o
                0x08000ee4                usart_update
 .text.usart_init_buffer
                0x08000f0c       0x78 ./Core/Src/main.o
                0x08000f0c                usart_init_buffer
 .text.update_all_strips
                0x08000f84       0x10 ./Core/Src/main.o
                0x08000f84                update_all_strips
 .text.led_init
                0x08000f94       0x14 ./Core/Src/main.o
                0x08000f94                led_init
 .text.hsv_to_rgb
                0x08000fa8      0x190 ./Core/Src/main.o
                0x08000fa8                hsv_to_rgb
 .text.effect_vu_meter_smart
                0x08001138      0x148 ./Core/Src/main.o
                0x08001138                effect_vu_meter_smart
 .text.effect_freq_color
                0x08001280      0x174 ./Core/Src/main.o
                0x08001280                effect_freq_color
 .text.effect_rainbow_pulse
                0x080013f4      0x104 ./Core/Src/main.o
                0x080013f4                effect_rainbow_pulse
 .text.effect_music_rain
                0x080014f8      0x1ec ./Core/Src/main.o
                0x080014f8                effect_music_rain
 *fill*         0x080016e4        0x4 
 .text.effect_falling_rain
                0x080016e8      0x1e0 ./Core/Src/main.o
                0x080016e8                effect_falling_rain
 .text.effect_fire
                0x080018c8      0x224 ./Core/Src/main.o
                0x080018c8                effect_fire
 *fill*         0x08001aec        0x4 
 .text.effect_center_pulse
                0x08001af0      0x134 ./Core/Src/main.o
                0x08001af0                effect_center_pulse
 .text.led_effects_manager
                0x08001c24      0x130 ./Core/Src/main.o
                0x08001c24                led_effects_manager
 .text.reset_system_effects
                0x08001d54       0x5c ./Core/Src/main.o
                0x08001d54                reset_system_effects
 .text.audio_init
                0x08001db0       0x2c ./Core/Src/main.o
                0x08001db0                audio_init
 .text.process_audio_data
                0x08001ddc      0x1fc ./Core/Src/main.o
                0x08001ddc                process_audio_data
 .text.HAL_ADC_ConvCpltCallback
                0x08001fd8       0x34 ./Core/Src/main.o
                0x08001fd8                HAL_ADC_ConvCpltCallback
 .text.button_scan
                0x0800200c      0x16c ./Core/Src/main.o
                0x0800200c                button_scan
 .text.bluetooth_init
                0x08002178       0x1c ./Core/Src/main.o
                0x08002178                bluetooth_init
 .text.bluetooth_check_connection
                0x08002194       0x34 ./Core/Src/main.o
                0x08002194                bluetooth_check_connection
 .text.HAL_UART_RxCpltCallback
                0x080021c8       0xcc ./Core/Src/main.o
                0x080021c8                HAL_UART_RxCpltCallback
 .text.main     0x08002294       0x54 ./Core/Src/main.o
                0x08002294                main
 .text.SystemClock_Config
                0x080022e8       0xd4 ./Core/Src/main.o
                0x080022e8                SystemClock_Config
 .text.MX_ADC1_Init
                0x080023bc       0xa4 ./Core/Src/main.o
 .text.MX_SPI3_Init
                0x08002460       0x6c ./Core/Src/main.o
 .text.MX_TIM2_Init
                0x080024cc       0x98 ./Core/Src/main.o
 .text.MX_USART2_UART_Init
                0x08002564       0x54 ./Core/Src/main.o
 .text.MX_USART6_Init
                0x080025b8       0x5c ./Core/Src/main.o
 .text.MX_DMA_Init
                0x08002614       0x7c ./Core/Src/main.o
 .text.MX_GPIO_Init
                0x08002690      0x114 ./Core/Src/main.o
 .text.HAL_SPI_TxCpltCallback
                0x080027a4       0x14 ./Core/Src/main.o
                0x080027a4                HAL_SPI_TxCpltCallback
 .text.Error_Handler
                0x080027b8        0xc ./Core/Src/main.o
                0x080027b8                Error_Handler
 .text.HAL_MspInit
                0x080027c4       0x50 ./Core/Src/stm32f4xx_hal_msp.o
                0x080027c4                HAL_MspInit
 .text.HAL_ADC_MspInit
                0x08002814       0xf0 ./Core/Src/stm32f4xx_hal_msp.o
                0x08002814                HAL_ADC_MspInit
 .text.HAL_SPI_MspInit
                0x08002904      0x144 ./Core/Src/stm32f4xx_hal_msp.o
                0x08002904                HAL_SPI_MspInit
 .text.HAL_TIM_Base_MspInit
                0x08002a48       0x40 ./Core/Src/stm32f4xx_hal_msp.o
                0x08002a48                HAL_TIM_Base_MspInit
 .text.HAL_UART_MspInit
                0x08002a88       0xa0 ./Core/Src/stm32f4xx_hal_msp.o
                0x08002a88                HAL_UART_MspInit
 .text.HAL_USART_MspInit
                0x08002b28      0x104 ./Core/Src/stm32f4xx_hal_msp.o
                0x08002b28                HAL_USART_MspInit
 .text.NMI_Handler
                0x08002c2c        0x8 ./Core/Src/stm32f4xx_it.o
                0x08002c2c                NMI_Handler
 .text.HardFault_Handler
                0x08002c34        0x8 ./Core/Src/stm32f4xx_it.o
                0x08002c34                HardFault_Handler
 .text.MemManage_Handler
                0x08002c3c        0x8 ./Core/Src/stm32f4xx_it.o
                0x08002c3c                MemManage_Handler
 .text.BusFault_Handler
                0x08002c44        0x8 ./Core/Src/stm32f4xx_it.o
                0x08002c44                BusFault_Handler
 .text.UsageFault_Handler
                0x08002c4c        0x8 ./Core/Src/stm32f4xx_it.o
                0x08002c4c                UsageFault_Handler
 .text.SVC_Handler
                0x08002c54        0xe ./Core/Src/stm32f4xx_it.o
                0x08002c54                SVC_Handler
 .text.DebugMon_Handler
                0x08002c62        0xe ./Core/Src/stm32f4xx_it.o
                0x08002c62                DebugMon_Handler
 .text.PendSV_Handler
                0x08002c70        0xe ./Core/Src/stm32f4xx_it.o
                0x08002c70                PendSV_Handler
 .text.SysTick_Handler
                0x08002c7e        0xc ./Core/Src/stm32f4xx_it.o
                0x08002c7e                SysTick_Handler
 *fill*         0x08002c8a        0x2 
 .text.DMA1_Stream5_IRQHandler
                0x08002c8c       0x14 ./Core/Src/stm32f4xx_it.o
                0x08002c8c                DMA1_Stream5_IRQHandler
 .text.USART2_IRQHandler
                0x08002ca0       0x14 ./Core/Src/stm32f4xx_it.o
                0x08002ca0                USART2_IRQHandler
 .text.SPI3_IRQHandler
                0x08002cb4       0x14 ./Core/Src/stm32f4xx_it.o
                0x08002cb4                SPI3_IRQHandler
 .text.DMA2_Stream0_IRQHandler
                0x08002cc8       0x14 ./Core/Src/stm32f4xx_it.o
                0x08002cc8                DMA2_Stream0_IRQHandler
 .text.DMA2_Stream6_IRQHandler
                0x08002cdc       0x14 ./Core/Src/stm32f4xx_it.o
                0x08002cdc                DMA2_Stream6_IRQHandler
 .text.USART6_IRQHandler
                0x08002cf0       0x14 ./Core/Src/stm32f4xx_it.o
                0x08002cf0                USART6_IRQHandler
 .text._getpid  0x08002d04       0x10 ./Core/Src/syscalls.o
                0x08002d04                _getpid
 .text._kill    0x08002d14       0x20 ./Core/Src/syscalls.o
                0x08002d14                _kill
 .text._exit    0x08002d34       0x16 ./Core/Src/syscalls.o
                0x08002d34                _exit
 .text._read    0x08002d4a       0x3a ./Core/Src/syscalls.o
                0x08002d4a                _read
 .text._write   0x08002d84       0x38 ./Core/Src/syscalls.o
                0x08002d84                _write
 .text._close   0x08002dbc       0x18 ./Core/Src/syscalls.o
                0x08002dbc                _close
 .text._fstat   0x08002dd4       0x20 ./Core/Src/syscalls.o
                0x08002dd4                _fstat
 .text._isatty  0x08002df4       0x16 ./Core/Src/syscalls.o
                0x08002df4                _isatty
 .text._lseek   0x08002e0a       0x1a ./Core/Src/syscalls.o
                0x08002e0a                _lseek
 .text._sbrk    0x08002e24       0x6c ./Core/Src/sysmem.o
                0x08002e24                _sbrk
 .text.SystemInit
                0x08002e90       0x24 ./Core/Src/system_stm32f4xx.o
                0x08002e90                SystemInit
 .text.Reset_Handler
                0x08002eb4       0x50 ./Core/Startup/startup_stm32f407vetx.o
                0x08002eb4                Reset_Handler
 .text.Default_Handler
                0x08002f04        0x2 ./Core/Startup/startup_stm32f407vetx.o
                0x08002f04                RTC_Alarm_IRQHandler
                0x08002f04                HASH_RNG_IRQHandler
                0x08002f04                EXTI2_IRQHandler
                0x08002f04                TIM8_CC_IRQHandler
                0x08002f04                TIM1_CC_IRQHandler
                0x08002f04                DMA2_Stream5_IRQHandler
                0x08002f04                PVD_IRQHandler
                0x08002f04                SDIO_IRQHandler
                0x08002f04                TAMP_STAMP_IRQHandler
                0x08002f04                CAN2_RX1_IRQHandler
                0x08002f04                EXTI3_IRQHandler
                0x08002f04                TIM8_TRG_COM_TIM14_IRQHandler
                0x08002f04                TIM1_UP_TIM10_IRQHandler
                0x08002f04                TIM8_UP_TIM13_IRQHandler
                0x08002f04                I2C3_ER_IRQHandler
                0x08002f04                EXTI0_IRQHandler
                0x08002f04                I2C2_EV_IRQHandler
                0x08002f04                DMA1_Stream2_IRQHandler
                0x08002f04                CAN1_RX0_IRQHandler
                0x08002f04                FPU_IRQHandler
                0x08002f04                OTG_HS_WKUP_IRQHandler
                0x08002f04                CAN2_SCE_IRQHandler
                0x08002f04                DMA2_Stream2_IRQHandler
                0x08002f04                SPI1_IRQHandler
                0x08002f04                TIM6_DAC_IRQHandler
                0x08002f04                TIM1_BRK_TIM9_IRQHandler
                0x08002f04                DCMI_IRQHandler
                0x08002f04                CAN2_RX0_IRQHandler
                0x08002f04                DMA2_Stream3_IRQHandler
                0x08002f04                USART3_IRQHandler
                0x08002f04                CAN1_RX1_IRQHandler
                0x08002f04                UART5_IRQHandler
                0x08002f04                TIM4_IRQHandler
                0x08002f04                I2C1_EV_IRQHandler
                0x08002f04                DMA1_Stream6_IRQHandler
                0x08002f04                DMA1_Stream1_IRQHandler
                0x08002f04                UART4_IRQHandler
                0x08002f04                TIM3_IRQHandler
                0x08002f04                RCC_IRQHandler
                0x08002f04                TIM8_BRK_TIM12_IRQHandler
                0x08002f04                Default_Handler
                0x08002f04                EXTI15_10_IRQHandler
                0x08002f04                ADC_IRQHandler
                0x08002f04                DMA1_Stream7_IRQHandler
                0x08002f04                TIM7_IRQHandler
                0x08002f04                CAN2_TX_IRQHandler
                0x08002f04                TIM5_IRQHandler
                0x08002f04                DMA2_Stream7_IRQHandler
                0x08002f04                I2C3_EV_IRQHandler
                0x08002f04                EXTI9_5_IRQHandler
                0x08002f04                RTC_WKUP_IRQHandler
                0x08002f04                ETH_WKUP_IRQHandler
                0x08002f04                SPI2_IRQHandler
                0x08002f04                OTG_HS_EP1_IN_IRQHandler
                0x08002f04                DMA1_Stream0_IRQHandler
                0x08002f04                CAN1_TX_IRQHandler
                0x08002f04                EXTI4_IRQHandler
                0x08002f04                FSMC_IRQHandler
                0x08002f04                ETH_IRQHandler
                0x08002f04                OTG_HS_EP1_OUT_IRQHandler
                0x08002f04                WWDG_IRQHandler
                0x08002f04                TIM2_IRQHandler
                0x08002f04                OTG_FS_WKUP_IRQHandler
                0x08002f04                TIM1_TRG_COM_TIM11_IRQHandler
                0x08002f04                OTG_HS_IRQHandler
                0x08002f04                EXTI1_IRQHandler
                0x08002f04                I2C2_ER_IRQHandler
                0x08002f04                DMA2_Stream1_IRQHandler
                0x08002f04                CAN1_SCE_IRQHandler
                0x08002f04                FLASH_IRQHandler
                0x08002f04                DMA2_Stream4_IRQHandler
                0x08002f04                USART1_IRQHandler
                0x08002f04                OTG_FS_IRQHandler
                0x08002f04                DMA1_Stream4_IRQHandler
                0x08002f04                I2C1_ER_IRQHandler
                0x08002f04                DMA1_Stream3_IRQHandler
 *fill*         0x08002f06        0x2 
 .text.HAL_Init
                0x08002f08       0x44 ./Drivers/STM32F4xx_HAL_Driver/Src/stm32f4xx_hal.o
                0x08002f08                HAL_Init
 .text.HAL_InitTick
                0x08002f4c       0x60 ./Drivers/STM32F4xx_HAL_Driver/Src/stm32f4xx_hal.o
                0x08002f4c                HAL_InitTick
 .text.HAL_IncTick
                0x08002fac       0x28 ./Drivers/STM32F4xx_HAL_Driver/Src/stm32f4xx_hal.o
                0x08002fac                HAL_IncTick
 .text.HAL_GetTick
                0x08002fd4       0x18 ./Drivers/STM32F4xx_HAL_Driver/Src/stm32f4xx_hal.o
                0x08002fd4                HAL_GetTick
 .text.HAL_Delay
                0x08002fec       0x48 ./Drivers/STM32F4xx_HAL_Driver/Src/stm32f4xx_hal.o
                0x08002fec                HAL_Delay
 .text.HAL_ADC_Init
                0x08003034       0x86 ./Drivers/STM32F4xx_HAL_Driver/Src/stm32f4xx_hal_adc.o
                0x08003034                HAL_ADC_Init
 *fill*         0x080030ba        0x2 
 .text.HAL_ADC_Start_DMA
                0x080030bc      0x228 ./Drivers/STM32F4xx_HAL_Driver/Src/stm32f4xx_hal_adc.o
                0x080030bc                HAL_ADC_Start_DMA
 .text.HAL_ADC_Stop_DMA
                0x080032e4       0xb4 ./Drivers/STM32F4xx_HAL_Driver/Src/stm32f4xx_hal_adc.o
                0x080032e4                HAL_ADC_Stop_DMA
 .text.HAL_ADC_ConvHalfCpltCallback
                0x08003398       0x14 ./Drivers/STM32F4xx_HAL_Driver/Src/stm32f4xx_hal_adc.o
                0x08003398                HAL_ADC_ConvHalfCpltCallback
 .text.HAL_ADC_ErrorCallback
                0x080033ac       0x14 ./Drivers/STM32F4xx_HAL_Driver/Src/stm32f4xx_hal_adc.o
                0x080033ac                HAL_ADC_ErrorCallback
 .text.HAL_ADC_ConfigChannel
                0x080033c0      0x244 ./Drivers/STM32F4xx_HAL_Driver/Src/stm32f4xx_hal_adc.o
                0x080033c0                HAL_ADC_ConfigChannel
 .text.ADC_Init
                0x08003604      0x1f8 ./Drivers/STM32F4xx_HAL_Driver/Src/stm32f4xx_hal_adc.o
 .text.ADC_DMAConvCplt
                0x080037fc       0xba ./Drivers/STM32F4xx_HAL_Driver/Src/stm32f4xx_hal_adc.o
 .text.ADC_DMAHalfConvCplt
                0x080038b6       0x1c ./Drivers/STM32F4xx_HAL_Driver/Src/stm32f4xx_hal_adc.o
 .text.ADC_DMAError
                0x080038d2       0x2e ./Drivers/STM32F4xx_HAL_Driver/Src/stm32f4xx_hal_adc.o
 .text.__NVIC_SetPriorityGrouping
                0x08003900       0x48 ./Drivers/STM32F4xx_HAL_Driver/Src/stm32f4xx_hal_cortex.o
 .text.__NVIC_GetPriorityGrouping
                0x08003948       0x1c ./Drivers/STM32F4xx_HAL_Driver/Src/stm32f4xx_hal_cortex.o
 .text.__NVIC_EnableIRQ
                0x08003964       0x3c ./Drivers/STM32F4xx_HAL_Driver/Src/stm32f4xx_hal_cortex.o
 .text.__NVIC_SetPriority
                0x080039a0       0x54 ./Drivers/STM32F4xx_HAL_Driver/Src/stm32f4xx_hal_cortex.o
 .text.NVIC_EncodePriority
                0x080039f4       0x66 ./Drivers/STM32F4xx_HAL_Driver/Src/stm32f4xx_hal_cortex.o
 *fill*         0x08003a5a        0x2 
 .text.SysTick_Config
                0x08003a5c       0x44 ./Drivers/STM32F4xx_HAL_Driver/Src/stm32f4xx_hal_cortex.o
 .text.HAL_NVIC_SetPriorityGrouping
                0x08003aa0       0x16 ./Drivers/STM32F4xx_HAL_Driver/Src/stm32f4xx_hal_cortex.o
                0x08003aa0                HAL_NVIC_SetPriorityGrouping
 .text.HAL_NVIC_SetPriority
                0x08003ab6       0x38 ./Drivers/STM32F4xx_HAL_Driver/Src/stm32f4xx_hal_cortex.o
                0x08003ab6                HAL_NVIC_SetPriority
 .text.HAL_NVIC_EnableIRQ
                0x08003aee       0x1c ./Drivers/STM32F4xx_HAL_Driver/Src/stm32f4xx_hal_cortex.o
                0x08003aee                HAL_NVIC_EnableIRQ
 .text.HAL_SYSTICK_Config
                0x08003b0a       0x18 ./Drivers/STM32F4xx_HAL_Driver/Src/stm32f4xx_hal_cortex.o
                0x08003b0a                HAL_SYSTICK_Config
 *fill*         0x08003b22        0x2 
 .text.HAL_DMA_Init
                0x08003b24      0x15c ./Drivers/STM32F4xx_HAL_Driver/Src/stm32f4xx_hal_dma.o
                0x08003b24                HAL_DMA_Init
 .text.HAL_DMA_Start_IT
                0x08003c80       0xb0 ./Drivers/STM32F4xx_HAL_Driver/Src/stm32f4xx_hal_dma.o
                0x08003c80                HAL_DMA_Start_IT
 .text.HAL_DMA_Abort
                0x08003d30       0xe0 ./Drivers/STM32F4xx_HAL_Driver/Src/stm32f4xx_hal_dma.o
                0x08003d30                HAL_DMA_Abort
 .text.HAL_DMA_Abort_IT
                0x08003e10       0x44 ./Drivers/STM32F4xx_HAL_Driver/Src/stm32f4xx_hal_dma.o
                0x08003e10                HAL_DMA_Abort_IT
 .text.HAL_DMA_IRQHandler
                0x08003e54      0x314 ./Drivers/STM32F4xx_HAL_Driver/Src/stm32f4xx_hal_dma.o
                0x08003e54                HAL_DMA_IRQHandler
 .text.DMA_SetConfig
                0x08004168       0x5c ./Drivers/STM32F4xx_HAL_Driver/Src/stm32f4xx_hal_dma.o
 .text.DMA_CalcBaseAndBitshift
                0x080041c4       0x6c ./Drivers/STM32F4xx_HAL_Driver/Src/stm32f4xx_hal_dma.o
 .text.DMA_CheckFifoParam
                0x08004230       0xf8 ./Drivers/STM32F4xx_HAL_Driver/Src/stm32f4xx_hal_dma.o
 .text.HAL_GPIO_Init
                0x08004328      0x338 ./Drivers/STM32F4xx_HAL_Driver/Src/stm32f4xx_hal_gpio.o
                0x08004328                HAL_GPIO_Init
 .text.HAL_GPIO_ReadPin
                0x08004660       0x30 ./Drivers/STM32F4xx_HAL_Driver/Src/stm32f4xx_hal_gpio.o
                0x08004660                HAL_GPIO_ReadPin
 .text.HAL_GPIO_WritePin
                0x08004690       0x32 ./Drivers/STM32F4xx_HAL_Driver/Src/stm32f4xx_hal_gpio.o
                0x08004690                HAL_GPIO_WritePin
 *fill*         0x080046c2        0x2 
 .text.HAL_RCC_OscConfig
                0x080046c4      0x4f0 ./Drivers/STM32F4xx_HAL_Driver/Src/stm32f4xx_hal_rcc.o
                0x080046c4                HAL_RCC_OscConfig
 .text.HAL_RCC_ClockConfig
                0x08004bb4      0x1cc ./Drivers/STM32F4xx_HAL_Driver/Src/stm32f4xx_hal_rcc.o
                0x08004bb4                HAL_RCC_ClockConfig
 .text.HAL_RCC_GetSysClockFreq
                0x08004d80      0x18c ./Drivers/STM32F4xx_HAL_Driver/Src/stm32f4xx_hal_rcc.o
                0x08004d80                HAL_RCC_GetSysClockFreq
 .text.HAL_RCC_GetHCLKFreq
                0x08004f0c       0x18 ./Drivers/STM32F4xx_HAL_Driver/Src/stm32f4xx_hal_rcc.o
                0x08004f0c                HAL_RCC_GetHCLKFreq
 .text.HAL_RCC_GetPCLK1Freq
                0x08004f24       0x28 ./Drivers/STM32F4xx_HAL_Driver/Src/stm32f4xx_hal_rcc.o
                0x08004f24                HAL_RCC_GetPCLK1Freq
 .text.HAL_RCC_GetPCLK2Freq
                0x08004f4c       0x28 ./Drivers/STM32F4xx_HAL_Driver/Src/stm32f4xx_hal_rcc.o
                0x08004f4c                HAL_RCC_GetPCLK2Freq
 .text.HAL_SPI_Init
                0x08004f74      0x112 ./Drivers/STM32F4xx_HAL_Driver/Src/stm32f4xx_hal_spi.o
                0x08004f74                HAL_SPI_Init
 *fill*         0x08005086        0x2 
 .text.HAL_SPI_Transmit_DMA
                0x08005088      0x164 ./Drivers/STM32F4xx_HAL_Driver/Src/stm32f4xx_hal_spi.o
                0x08005088                HAL_SPI_Transmit_DMA
 .text.HAL_SPI_IRQHandler
                0x080051ec      0x200 ./Drivers/STM32F4xx_HAL_Driver/Src/stm32f4xx_hal_spi.o
                0x080051ec                HAL_SPI_IRQHandler
 .text.HAL_SPI_TxHalfCpltCallback
                0x080053ec       0x14 ./Drivers/STM32F4xx_HAL_Driver/Src/stm32f4xx_hal_spi.o
                0x080053ec                HAL_SPI_TxHalfCpltCallback
 .text.HAL_SPI_ErrorCallback
                0x08005400       0x14 ./Drivers/STM32F4xx_HAL_Driver/Src/stm32f4xx_hal_spi.o
                0x08005400                HAL_SPI_ErrorCallback
 .text.SPI_DMATransmitCplt
                0x08005414       0xa8 ./Drivers/STM32F4xx_HAL_Driver/Src/stm32f4xx_hal_spi.o
 .text.SPI_DMAHalfTransmitCplt
                0x080054bc       0x1c ./Drivers/STM32F4xx_HAL_Driver/Src/stm32f4xx_hal_spi.o
 .text.SPI_DMAError
                0x080054d8       0x40 ./Drivers/STM32F4xx_HAL_Driver/Src/stm32f4xx_hal_spi.o
 .text.SPI_DMAAbortOnError
                0x08005518       0x28 ./Drivers/STM32F4xx_HAL_Driver/Src/stm32f4xx_hal_spi.o
 .text.SPI_WaitFlagStateUntilTimeout
                0x08005540      0x110 ./Drivers/STM32F4xx_HAL_Driver/Src/stm32f4xx_hal_spi.o
 .text.SPI_EndRxTxTransaction
                0x08005650       0xa8 ./Drivers/STM32F4xx_HAL_Driver/Src/stm32f4xx_hal_spi.o
 .text.HAL_TIM_Base_Init
                0x080056f8       0x9e ./Drivers/STM32F4xx_HAL_Driver/Src/stm32f4xx_hal_tim.o
                0x080056f8                HAL_TIM_Base_Init
 *fill*         0x08005796        0x2 
 .text.HAL_TIM_Base_Start
                0x08005798       0xd0 ./Drivers/STM32F4xx_HAL_Driver/Src/stm32f4xx_hal_tim.o
                0x08005798                HAL_TIM_Base_Start
 .text.HAL_TIM_ConfigClockSource
                0x08005868      0x18e ./Drivers/STM32F4xx_HAL_Driver/Src/stm32f4xx_hal_tim.o
                0x08005868                HAL_TIM_ConfigClockSource
 *fill*         0x080059f6        0x2 
 .text.TIM_Base_SetConfig
                0x080059f8      0x14c ./Drivers/STM32F4xx_HAL_Driver/Src/stm32f4xx_hal_tim.o
                0x080059f8                TIM_Base_SetConfig
 .text.TIM_TI1_ConfigInputStage
                0x08005b44       0x5e ./Drivers/STM32F4xx_HAL_Driver/Src/stm32f4xx_hal_tim.o
 .text.TIM_TI2_ConfigInputStage
                0x08005ba2       0x60 ./Drivers/STM32F4xx_HAL_Driver/Src/stm32f4xx_hal_tim.o
 .text.TIM_ITRx_SetConfig
                0x08005c02       0x36 ./Drivers/STM32F4xx_HAL_Driver/Src/stm32f4xx_hal_tim.o
 .text.TIM_ETR_SetConfig
                0x08005c38       0x40 ./Drivers/STM32F4xx_HAL_Driver/Src/stm32f4xx_hal_tim.o
                0x08005c38                TIM_ETR_SetConfig
 .text.HAL_TIMEx_MasterConfigSynchronization
                0x08005c78       0xf8 ./Drivers/STM32F4xx_HAL_Driver/Src/stm32f4xx_hal_tim_ex.o
                0x08005c78                HAL_TIMEx_MasterConfigSynchronization
 .text.HAL_UART_Init
                0x08005d70       0xa0 ./Drivers/STM32F4xx_HAL_Driver/Src/stm32f4xx_hal_uart.o
                0x08005d70                HAL_UART_Init
 .text.HAL_UART_Receive_IT
                0x08005e10       0x4a ./Drivers/STM32F4xx_HAL_Driver/Src/stm32f4xx_hal_uart.o
                0x08005e10                HAL_UART_Receive_IT
 *fill*         0x08005e5a        0x2 
 .text.HAL_UART_IRQHandler
                0x08005e5c      0x554 ./Drivers/STM32F4xx_HAL_Driver/Src/stm32f4xx_hal_uart.o
                0x08005e5c                HAL_UART_IRQHandler
 .text.HAL_UART_TxCpltCallback
                0x080063b0       0x14 ./Drivers/STM32F4xx_HAL_Driver/Src/stm32f4xx_hal_uart.o
                0x080063b0                HAL_UART_TxCpltCallback
 .text.HAL_UART_ErrorCallback
                0x080063c4       0x14 ./Drivers/STM32F4xx_HAL_Driver/Src/stm32f4xx_hal_uart.o
                0x080063c4                HAL_UART_ErrorCallback
 .text.HAL_UARTEx_RxEventCallback
                0x080063d8       0x18 ./Drivers/STM32F4xx_HAL_Driver/Src/stm32f4xx_hal_uart.o
                0x080063d8                HAL_UARTEx_RxEventCallback
 .text.UART_Start_Receive_IT
                0x080063f0       0x74 ./Drivers/STM32F4xx_HAL_Driver/Src/stm32f4xx_hal_uart.o
                0x080063f0                UART_Start_Receive_IT
 .text.UART_EndRxTransfer
                0x08006464       0xc6 ./Drivers/STM32F4xx_HAL_Driver/Src/stm32f4xx_hal_uart.o
 .text.UART_DMAAbortOnError
                0x0800652a       0x22 ./Drivers/STM32F4xx_HAL_Driver/Src/stm32f4xx_hal_uart.o
 .text.UART_Transmit_IT
                0x0800654c       0xa0 ./Drivers/STM32F4xx_HAL_Driver/Src/stm32f4xx_hal_uart.o
 .text.UART_EndTransmit_IT
                0x080065ec       0x30 ./Drivers/STM32F4xx_HAL_Driver/Src/stm32f4xx_hal_uart.o
 .text.UART_Receive_IT
                0x0800661c      0x17c ./Drivers/STM32F4xx_HAL_Driver/Src/stm32f4xx_hal_uart.o
 .text.UART_SetConfig
                0x08006798      0x4e8 ./Drivers/STM32F4xx_HAL_Driver/Src/stm32f4xx_hal_uart.o
 .text.HAL_USART_Init
                0x08006c80       0x82 ./Drivers/STM32F4xx_HAL_Driver/Src/stm32f4xx_hal_usart.o
                0x08006c80                HAL_USART_Init
 *fill*         0x08006d02        0x2 
 .text.HAL_USART_Transmit_DMA
                0x08006d04      0x100 ./Drivers/STM32F4xx_HAL_Driver/Src/stm32f4xx_hal_usart.o
                0x08006d04                HAL_USART_Transmit_DMA
 .text.HAL_USART_IRQHandler
                0x08006e04      0x23c ./Drivers/STM32F4xx_HAL_Driver/Src/stm32f4xx_hal_usart.o
                0x08006e04                HAL_USART_IRQHandler
 .text.HAL_USART_TxCpltCallback
                0x08007040       0x14 ./Drivers/STM32F4xx_HAL_Driver/Src/stm32f4xx_hal_usart.o
                0x08007040                HAL_USART_TxCpltCallback
 .text.HAL_USART_TxHalfCpltCallback
                0x08007054       0x14 ./Drivers/STM32F4xx_HAL_Driver/Src/stm32f4xx_hal_usart.o
                0x08007054                HAL_USART_TxHalfCpltCallback
 .text.HAL_USART_RxCpltCallback
                0x08007068       0x14 ./Drivers/STM32F4xx_HAL_Driver/Src/stm32f4xx_hal_usart.o
                0x08007068                HAL_USART_RxCpltCallback
 .text.HAL_USART_TxRxCpltCallback
                0x0800707c       0x14 ./Drivers/STM32F4xx_HAL_Driver/Src/stm32f4xx_hal_usart.o
                0x0800707c                HAL_USART_TxRxCpltCallback
 .text.HAL_USART_ErrorCallback
                0x08007090       0x14 ./Drivers/STM32F4xx_HAL_Driver/Src/stm32f4xx_hal_usart.o
                0x08007090                HAL_USART_ErrorCallback
 .text.HAL_USART_GetState
                0x080070a4       0x1c ./Drivers/STM32F4xx_HAL_Driver/Src/stm32f4xx_hal_usart.o
                0x080070a4                HAL_USART_GetState
 .text.USART_DMATransmitCplt
                0x080070c0       0x6a ./Drivers/STM32F4xx_HAL_Driver/Src/stm32f4xx_hal_usart.o
 .text.USART_DMATxHalfCplt
                0x0800712a       0x1c ./Drivers/STM32F4xx_HAL_Driver/Src/stm32f4xx_hal_usart.o
 .text.USART_DMAError
                0x08007146       0x9c ./Drivers/STM32F4xx_HAL_Driver/Src/stm32f4xx_hal_usart.o
 .text.USART_EndTxTransfer
                0x080071e2       0x2c ./Drivers/STM32F4xx_HAL_Driver/Src/stm32f4xx_hal_usart.o
 .text.USART_EndRxTransfer
                0x0800720e       0x3c ./Drivers/STM32F4xx_HAL_Driver/Src/stm32f4xx_hal_usart.o
 .text.USART_DMAAbortOnError
                0x0800724a       0x28 ./Drivers/STM32F4xx_HAL_Driver/Src/stm32f4xx_hal_usart.o
 .text.USART_Transmit_IT
                0x08007272       0xa0 ./Drivers/STM32F4xx_HAL_Driver/Src/stm32f4xx_hal_usart.o
 .text.USART_EndTransmit_IT
                0x08007312       0x40 ./Drivers/STM32F4xx_HAL_Driver/Src/stm32f4xx_hal_usart.o
 .text.USART_Receive_IT
                0x08007352      0x10c ./Drivers/STM32F4xx_HAL_Driver/Src/stm32f4xx_hal_usart.o
 .text.USART_TransmitReceive_IT
                0x0800745e      0x19a ./Drivers/STM32F4xx_HAL_Driver/Src/stm32f4xx_hal_usart.o
 .text.USART_SetConfig
                0x080075f8      0x530 ./Drivers/STM32F4xx_HAL_Driver/Src/stm32f4xx_hal_usart.o
 .text.arm_rfft_32_fast_init_f32
                0x08007b28       0x24 ../Middlewares/ST/ARM/DSP/Lib\libarm_cortexM4lf_math.a(arm_rfft_fast_init_f32.o)
 .text.arm_rfft_64_fast_init_f32
                0x08007b4c       0x24 ../Middlewares/ST/ARM/DSP/Lib\libarm_cortexM4lf_math.a(arm_rfft_fast_init_f32.o)
 .text.arm_rfft_128_fast_init_f32
                0x08007b70       0x24 ../Middlewares/ST/ARM/DSP/Lib\libarm_cortexM4lf_math.a(arm_rfft_fast_init_f32.o)
 .text.arm_rfft_256_fast_init_f32
                0x08007b94       0x24 ../Middlewares/ST/ARM/DSP/Lib\libarm_cortexM4lf_math.a(arm_rfft_fast_init_f32.o)
 .text.arm_rfft_512_fast_init_f32
                0x08007bb8       0x28 ../Middlewares/ST/ARM/DSP/Lib\libarm_cortexM4lf_math.a(arm_rfft_fast_init_f32.o)
 .text.arm_rfft_1024_fast_init_f32
                0x08007be0       0x28 ../Middlewares/ST/ARM/DSP/Lib\libarm_cortexM4lf_math.a(arm_rfft_fast_init_f32.o)
 .text.arm_rfft_2048_fast_init_f32
                0x08007c08       0x28 ../Middlewares/ST/ARM/DSP/Lib\libarm_cortexM4lf_math.a(arm_rfft_fast_init_f32.o)
 .text.arm_rfft_4096_fast_init_f32
                0x08007c30       0x28 ../Middlewares/ST/ARM/DSP/Lib\libarm_cortexM4lf_math.a(arm_rfft_fast_init_f32.o)
 .text.arm_rfft_fast_init_f32
                0x08007c58       0x74 ../Middlewares/ST/ARM/DSP/Lib\libarm_cortexM4lf_math.a(arm_rfft_fast_init_f32.o)
                0x08007c58                arm_rfft_fast_init_f32
 .text.stage_rfft_f32
                0x08007ccc       0xb4 ../Middlewares/ST/ARM/DSP/Lib\libarm_cortexM4lf_math.a(arm_rfft_fast_f32.o)
                0x08007ccc                stage_rfft_f32
 .text.merge_rfft_f32
                0x08007d80       0xac ../Middlewares/ST/ARM/DSP/Lib\libarm_cortexM4lf_math.a(arm_rfft_fast_f32.o)
                0x08007d80                merge_rfft_f32
 .text.arm_rfft_fast_f32
                0x08007e2c       0x38 ../Middlewares/ST/ARM/DSP/Lib\libarm_cortexM4lf_math.a(arm_rfft_fast_f32.o)
                0x08007e2c                arm_rfft_fast_f32
 .text.arm_cfft_radix8by2_f32
                0x08007e64      0x1a4 ../Middlewares/ST/ARM/DSP/Lib\libarm_cortexM4lf_math.a(arm_cfft_f32.o)
                0x08007e64                arm_cfft_radix8by2_f32
 .text.arm_cfft_radix8by4_f32
                0x08008008      0x4ac ../Middlewares/ST/ARM/DSP/Lib\libarm_cortexM4lf_math.a(arm_cfft_f32.o)
                0x08008008                arm_cfft_radix8by4_f32
 .text.arm_cfft_f32
                0x080084b4       0xf0 ../Middlewares/ST/ARM/DSP/Lib\libarm_cortexM4lf_math.a(arm_cfft_f32.o)
                0x080084b4                arm_cfft_f32
 .text.arm_bitreversal_32
                0x080085a4       0x40 ../Middlewares/ST/ARM/DSP/Lib\libarm_cortexM4lf_math.a(arm_bitreversal2.o)
                0x080085a4                arm_bitreversal_32
 .text.arm_cmplx_mag_f32
                0x080085e4      0x248 ../Middlewares/ST/ARM/DSP/Lib\libarm_cortexM4lf_math.a(arm_cmplx_mag_f32.o)
                0x080085e4                arm_cmplx_mag_f32
 .text.arm_cfft_init_f32
                0x0800882c       0xa4 ../Middlewares/ST/ARM/DSP/Lib\libarm_cortexM4lf_math.a(arm_cfft_init_f32.o)
                0x0800882c                arm_cfft_init_f32
 .text.arm_radix8_butterfly_f32
                0x080088d0      0x598 ../Middlewares/ST/ARM/DSP/Lib\libarm_cortexM4lf_math.a(arm_cfft_radix8_f32.o)
                0x080088d0                arm_radix8_butterfly_f32
 .text.rand     0x08008e68       0x7c D:/E/1subject/HK4/VXL_VDK/doan/STM32CubeIDE_1.18.0/STM32CubeIDE/plugins/com.st.stm32cube.ide.mcu.externaltools.gnu-tools-for-stm32.13.3.rel1.win32_1.0.100.202509120712/tools/bin/../lib/gcc/arm-none-eabi/13.3.1/../../../../arm-none-eabi/lib/thumb/v7e-m+fp/hard\libc_nano.a(libc_a-rand.o)
                0x08008e68                rand
 .text.std      0x08008ee4       0x6c D:/E/1subject/HK4/VXL_VDK/doan/STM32CubeIDE_1.18.0/STM32CubeIDE/plugins/com.st.stm32cube.ide.mcu.externaltools.gnu-tools-for-stm32.13.3.rel1.win32_1.0.100.202509120712/tools/bin/../lib/gcc/arm-none-eabi/13.3.1/../../../../arm-none-eabi/lib/thumb/v7e-m+fp/hard\libc_nano.a(libc_a-findfp.o)
 .text.stdio_exit_handler
                0x08008f50       0x18 D:/E/1subject/HK4/VXL_VDK/doan/STM32CubeIDE_1.18.0/STM32CubeIDE/plugins/com.st.stm32cube.ide.mcu.externaltools.gnu-tools-for-stm32.13.3.rel1.win32_1.0.100.202509120712/tools/bin/../lib/gcc/arm-none-eabi/13.3.1/../../../../arm-none-eabi/lib/thumb/v7e-m+fp/hard\libc_nano.a(libc_a-findfp.o)
 .text.cleanup_stdio
                0x08008f68       0x40 D:/E/1subject/HK4/VXL_VDK/doan/STM32CubeIDE_1.18.0/STM32CubeIDE/plugins/com.st.stm32cube.ide.mcu.externaltools.gnu-tools-for-stm32.13.3.rel1.win32_1.0.100.202509120712/tools/bin/../lib/gcc/arm-none-eabi/13.3.1/../../../../arm-none-eabi/lib/thumb/v7e-m+fp/hard\libc_nano.a(libc_a-findfp.o)
 .text.global_stdio_init.part.0
                0x08008fa8       0x3c D:/E/1subject/HK4/VXL_VDK/doan/STM32CubeIDE_1.18.0/STM32CubeIDE/plugins/com.st.stm32cube.ide.mcu.externaltools.gnu-tools-for-stm32.13.3.rel1.win32_1.0.100.202509120712/tools/bin/../lib/gcc/arm-none-eabi/13.3.1/../../../../arm-none-eabi/lib/thumb/v7e-m+fp/hard\libc_nano.a(libc_a-findfp.o)
 .text.__sfp_lock_acquire
                0x08008fe4        0xc D:/E/1subject/HK4/VXL_VDK/doan/STM32CubeIDE_1.18.0/STM32CubeIDE/plugins/com.st.stm32cube.ide.mcu.externaltools.gnu-tools-for-stm32.13.3.rel1.win32_1.0.100.202509120712/tools/bin/../lib/gcc/arm-none-eabi/13.3.1/../../../../arm-none-eabi/lib/thumb/v7e-m+fp/hard\libc_nano.a(libc_a-findfp.o)
                0x08008fe4                __sfp_lock_acquire
 .text.__sfp_lock_release
                0x08008ff0        0xc D:/E/1subject/HK4/VXL_VDK/doan/STM32CubeIDE_1.18.0/STM32CubeIDE/plugins/com.st.stm32cube.ide.mcu.externaltools.gnu-tools-for-stm32.13.3.rel1.win32_1.0.100.202509120712/tools/bin/../lib/gcc/arm-none-eabi/13.3.1/../../../../arm-none-eabi/lib/thumb/v7e-m+fp/hard\libc_nano.a(libc_a-findfp.o)
                0x08008ff0                __sfp_lock_release
 .text.__sinit  0x08008ffc       0x30 D:/E/1subject/HK4/VXL_VDK/doan/STM32CubeIDE_1.18.0/STM32CubeIDE/plugins/com.st.stm32cube.ide.mcu.externaltools.gnu-tools-for-stm32.13.3.rel1.win32_1.0.100.202509120712/tools/bin/../lib/gcc/arm-none-eabi/13.3.1/../../../../arm-none-eabi/lib/thumb/v7e-m+fp/hard\libc_nano.a(libc_a-findfp.o)
                0x08008ffc                __sinit
 .text._fwalk_sglue
                0x0800902c       0x3c D:/E/1subject/HK4/VXL_VDK/doan/STM32CubeIDE_1.18.0/STM32CubeIDE/plugins/com.st.stm32cube.ide.mcu.externaltools.gnu-tools-for-stm32.13.3.rel1.win32_1.0.100.202509120712/tools/bin/../lib/gcc/arm-none-eabi/13.3.1/../../../../arm-none-eabi/lib/thumb/v7e-m+fp/hard\libc_nano.a(libc_a-fwalk.o)
                0x0800902c                _fwalk_sglue
 .text.__sread  0x08009068       0x22 D:/E/1subject/HK4/VXL_VDK/doan/STM32CubeIDE_1.18.0/STM32CubeIDE/plugins/com.st.stm32cube.ide.mcu.externaltools.gnu-tools-for-stm32.13.3.rel1.win32_1.0.100.202509120712/tools/bin/../lib/gcc/arm-none-eabi/13.3.1/../../../../arm-none-eabi/lib/thumb/v7e-m+fp/hard\libc_nano.a(libc_a-stdio.o)
                0x08009068                __sread
 .text.__swrite
                0x0800908a       0x38 D:/E/1subject/HK4/VXL_VDK/doan/STM32CubeIDE_1.18.0/STM32CubeIDE/plugins/com.st.stm32cube.ide.mcu.externaltools.gnu-tools-for-stm32.13.3.rel1.win32_1.0.100.202509120712/tools/bin/../lib/gcc/arm-none-eabi/13.3.1/../../../../arm-none-eabi/lib/thumb/v7e-m+fp/hard\libc_nano.a(libc_a-stdio.o)
                0x0800908a                __swrite
 .text.__sseek  0x080090c2       0x24 D:/E/1subject/HK4/VXL_VDK/doan/STM32CubeIDE_1.18.0/STM32CubeIDE/plugins/com.st.stm32cube.ide.mcu.externaltools.gnu-tools-for-stm32.13.3.rel1.win32_1.0.100.202509120712/tools/bin/../lib/gcc/arm-none-eabi/13.3.1/../../../../arm-none-eabi/lib/thumb/v7e-m+fp/hard\libc_nano.a(libc_a-stdio.o)
                0x080090c2                __sseek
 .text.__sclose
                0x080090e6        0x8 D:/E/1subject/HK4/VXL_VDK/doan/STM32CubeIDE_1.18.0/STM32CubeIDE/plugins/com.st.stm32cube.ide.mcu.externaltools.gnu-tools-for-stm32.13.3.rel1.win32_1.0.100.202509120712/tools/bin/../lib/gcc/arm-none-eabi/13.3.1/../../../../arm-none-eabi/lib/thumb/v7e-m+fp/hard\libc_nano.a(libc_a-stdio.o)
                0x080090e6                __sclose
 .text.memset   0x080090ee       0x10 D:/E/1subject/HK4/VXL_VDK/doan/STM32CubeIDE_1.18.0/STM32CubeIDE/plugins/com.st.stm32cube.ide.mcu.externaltools.gnu-tools-for-stm32.13.3.rel1.win32_1.0.100.202509120712/tools/bin/../lib/gcc/arm-none-eabi/13.3.1/../../../../arm-none-eabi/lib/thumb/v7e-m+fp/hard\libc_nano.a(libc_a-memset.o)
                0x080090ee                memset
 *fill*         0x080090fe        0x2 
 .text._close_r
                0x08009100       0x20 D:/E/1subject/HK4/VXL_VDK/doan/STM32CubeIDE_1.18.0/STM32CubeIDE/plugins/com.st.stm32cube.ide.mcu.externaltools.gnu-tools-for-stm32.13.3.rel1.win32_1.0.100.202509120712/tools/bin/../lib/gcc/arm-none-eabi/13.3.1/../../../../arm-none-eabi/lib/thumb/v7e-m+fp/hard\libc_nano.a(libc_a-closer.o)
                0x08009100                _close_r
 .text._lseek_r
                0x08009120       0x24 D:/E/1subject/HK4/VXL_VDK/doan/STM32CubeIDE_1.18.0/STM32CubeIDE/plugins/com.st.stm32cube.ide.mcu.externaltools.gnu-tools-for-stm32.13.3.rel1.win32_1.0.100.202509120712/tools/bin/../lib/gcc/arm-none-eabi/13.3.1/../../../../arm-none-eabi/lib/thumb/v7e-m+fp/hard\libc_nano.a(libc_a-lseekr.o)
                0x08009120                _lseek_r
 .text._read_r  0x08009144       0x24 D:/E/1subject/HK4/VXL_VDK/doan/STM32CubeIDE_1.18.0/STM32CubeIDE/plugins/com.st.stm32cube.ide.mcu.externaltools.gnu-tools-for-stm32.13.3.rel1.win32_1.0.100.202509120712/tools/bin/../lib/gcc/arm-none-eabi/13.3.1/../../../../arm-none-eabi/lib/thumb/v7e-m+fp/hard\libc_nano.a(libc_a-readr.o)
                0x08009144                _read_r
 .text._write_r
                0x08009168       0x24 D:/E/1subject/HK4/VXL_VDK/doan/STM32CubeIDE_1.18.0/STM32CubeIDE/plugins/com.st.stm32cube.ide.mcu.externaltools.gnu-tools-for-stm32.13.3.rel1.win32_1.0.100.202509120712/tools/bin/../lib/gcc/arm-none-eabi/13.3.1/../../../../arm-none-eabi/lib/thumb/v7e-m+fp/hard\libc_nano.a(libc_a-writer.o)
                0x08009168                _write_r
 .text.__errno  0x0800918c        0xc D:/E/1subject/HK4/VXL_VDK/doan/STM32CubeIDE_1.18.0/STM32CubeIDE/plugins/com.st.stm32cube.ide.mcu.externaltools.gnu-tools-for-stm32.13.3.rel1.win32_1.0.100.202509120712/tools/bin/../lib/gcc/arm-none-eabi/13.3.1/../../../../arm-none-eabi/lib/thumb/v7e-m+fp/hard\libc_nano.a(libc_a-errno.o)
                0x0800918c                __errno
 .text.__libc_init_array
                0x08009198       0x48 D:/E/1subject/HK4/VXL_VDK/doan/STM32CubeIDE_1.18.0/STM32CubeIDE/plugins/com.st.stm32cube.ide.mcu.externaltools.gnu-tools-for-stm32.13.3.rel1.win32_1.0.100.202509120712/tools/bin/../lib/gcc/arm-none-eabi/13.3.1/../../../../arm-none-eabi/lib/thumb/v7e-m+fp/hard\libc_nano.a(libc_a-init.o)
                0x08009198                __libc_init_array
 .text.__retarget_lock_init_recursive
                0x080091e0        0x2 D:/E/1subject/HK4/VXL_VDK/doan/STM32CubeIDE_1.18.0/STM32CubeIDE/plugins/com.st.stm32cube.ide.mcu.externaltools.gnu-tools-for-stm32.13.3.rel1.win32_1.0.100.202509120712/tools/bin/../lib/gcc/arm-none-eabi/13.3.1/../../../../arm-none-eabi/lib/thumb/v7e-m+fp/hard\libc_nano.a(libc_a-lock.o)
                0x080091e0                __retarget_lock_init_recursive
 .text.__retarget_lock_acquire_recursive
                0x080091e2        0x2 D:/E/1subject/HK4/VXL_VDK/doan/STM32CubeIDE_1.18.0/STM32CubeIDE/plugins/com.st.stm32cube.ide.mcu.externaltools.gnu-tools-for-stm32.13.3.rel1.win32_1.0.100.202509120712/tools/bin/../lib/gcc/arm-none-eabi/13.3.1/../../../../arm-none-eabi/lib/thumb/v7e-m+fp/hard\libc_nano.a(libc_a-lock.o)
                0x080091e2                __retarget_lock_acquire_recursive
 .text.__retarget_lock_release_recursive
                0x080091e4        0x2 D:/E/1subject/HK4/VXL_VDK/doan/STM32CubeIDE_1.18.0/STM32CubeIDE/plugins/com.st.stm32cube.ide.mcu.externaltools.gnu-tools-for-stm32.13.3.rel1.win32_1.0.100.202509120712/tools/bin/../lib/gcc/arm-none-eabi/13.3.1/../../../../arm-none-eabi/lib/thumb/v7e-m+fp/hard\libc_nano.a(libc_a-lock.o)
                0x080091e4                __retarget_lock_release_recursive
 *fill*         0x080091e6        0x2 
 .text.__assert_func
                0x080091e8       0x3c D:/E/1subject/HK4/VXL_VDK/doan/STM32CubeIDE_1.18.0/STM32CubeIDE/plugins/com.st.stm32cube.ide.mcu.externaltools.gnu-tools-for-stm32.13.3.rel1.win32_1.0.100.202509120712/tools/bin/../lib/gcc/arm-none-eabi/13.3.1/../../../../arm-none-eabi/lib/thumb/v7e-m+fp/hard\libc_nano.a(libc_a-assert.o)
                0x080091e8                __assert_func
 .text._free_r  0x08009224       0x94 D:/E/1subject/HK4/VXL_VDK/doan/STM32CubeIDE_1.18.0/STM32CubeIDE/plugins/com.st.stm32cube.ide.mcu.externaltools.gnu-tools-for-stm32.13.3.rel1.win32_1.0.100.202509120712/tools/bin/../lib/gcc/arm-none-eabi/13.3.1/../../../../arm-none-eabi/lib/thumb/v7e-m+fp/hard\libc_nano.a(libc_a-freer.o)
                0x08009224                _free_r
 .text.malloc   0x080092b8       0x10 D:/E/1subject/HK4/VXL_VDK/doan/STM32CubeIDE_1.18.0/STM32CubeIDE/plugins/com.st.stm32cube.ide.mcu.externaltools.gnu-tools-for-stm32.13.3.rel1.win32_1.0.100.202509120712/tools/bin/../lib/gcc/arm-none-eabi/13.3.1/../../../../arm-none-eabi/lib/thumb/v7e-m+fp/hard\libc_nano.a(libc_a-malloc.o)
                0x080092b8                malloc
 .text.sbrk_aligned
                0x080092c8       0x44 D:/E/1subject/HK4/VXL_VDK/doan/STM32CubeIDE_1.18.0/STM32CubeIDE/plugins/com.st.stm32cube.ide.mcu.externaltools.gnu-tools-for-stm32.13.3.rel1.win32_1.0.100.202509120712/tools/bin/../lib/gcc/arm-none-eabi/13.3.1/../../../../arm-none-eabi/lib/thumb/v7e-m+fp/hard\libc_nano.a(libc_a-mallocr.o)
 .text._malloc_r
                0x0800930c      0x100 D:/E/1subject/HK4/VXL_VDK/doan/STM32CubeIDE_1.18.0/STM32CubeIDE/plugins/com.st.stm32cube.ide.mcu.externaltools.gnu-tools-for-stm32.13.3.rel1.win32_1.0.100.202509120712/tools/bin/../lib/gcc/arm-none-eabi/13.3.1/../../../../arm-none-eabi/lib/thumb/v7e-m+fp/hard\libc_nano.a(libc_a-mallocr.o)
                0x0800930c                _malloc_r
 .text.__malloc_lock
                0x0800940c        0xc D:/E/1subject/HK4/VXL_VDK/doan/STM32CubeIDE_1.18.0/STM32CubeIDE/plugins/com.st.stm32cube.ide.mcu.externaltools.gnu-tools-for-stm32.13.3.rel1.win32_1.0.100.202509120712/tools/bin/../lib/gcc/arm-none-eabi/13.3.1/../../../../arm-none-eabi/lib/thumb/v7e-m+fp/hard\libc_nano.a(libc_a-mlock.o)
                0x0800940c                __malloc_lock
 .text.__malloc_unlock
                0x08009418        0xc D:/E/1subject/HK4/VXL_VDK/doan/STM32CubeIDE_1.18.0/STM32CubeIDE/plugins/com.st.stm32cube.ide.mcu.externaltools.gnu-tools-for-stm32.13.3.rel1.win32_1.0.100.202509120712/tools/bin/../lib/gcc/arm-none-eabi/13.3.1/../../../../arm-none-eabi/lib/thumb/v7e-m+fp/hard\libc_nano.a(libc_a-mlock.o)
                0x08009418                __malloc_unlock
 .text.__sflush_r
                0x08009424      0x108 D:/E/1subject/HK4/VXL_VDK/doan/STM32CubeIDE_1.18.0/STM32CubeIDE/plugins/com.st.stm32cube.ide.mcu.externaltools.gnu-tools-for-stm32.13.3.rel1.win32_1.0.100.202509120712/tools/bin/../lib/gcc/arm-none-eabi/13.3.1/../../../../arm-none-eabi/lib/thumb/v7e-m+fp/hard\libc_nano.a(libc_a-fflush.o)
                0x08009424                __sflush_r
 .text._fflush_r
                0x0800952c       0x50 D:/E/1subject/HK4/VXL_VDK/doan/STM32CubeIDE_1.18.0/STM32CubeIDE/plugins/com.st.stm32cube.ide.mcu.externaltools.gnu-tools-for-stm32.13.3.rel1.win32_1.0.100.202509120712/tools/bin/../lib/gcc/arm-none-eabi/13.3.1/../../../../arm-none-eabi/lib/thumb/v7e-m+fp/hard\libc_nano.a(libc_a-fflush.o)
                0x0800952c                _fflush_r
 .text.fprintf  0x0800957c       0x24 D:/E/1subject/HK4/VXL_VDK/doan/STM32CubeIDE_1.18.0/STM32CubeIDE/plugins/com.st.stm32cube.ide.mcu.externaltools.gnu-tools-for-stm32.13.3.rel1.win32_1.0.100.202509120712/tools/bin/../lib/gcc/arm-none-eabi/13.3.1/../../../../arm-none-eabi/lib/thumb/v7e-m+fp/hard\libc_nano.a(libc_a-fprintf.o)
                0x0800957c                fiprintf
                0x0800957c                fprintf
 .text._sbrk_r  0x080095a0       0x20 D:/E/1subject/HK4/VXL_VDK/doan/STM32CubeIDE_1.18.0/STM32CubeIDE/plugins/com.st.stm32cube.ide.mcu.externaltools.gnu-tools-for-stm32.13.3.rel1.win32_1.0.100.202509120712/tools/bin/../lib/gcc/arm-none-eabi/13.3.1/../../../../arm-none-eabi/lib/thumb/v7e-m+fp/hard\libc_nano.a(libc_a-sbrkr.o)
                0x080095a0                _sbrk_r
 .text.abort    0x080095c0        0xe D:/E/1subject/HK4/VXL_VDK/doan/STM32CubeIDE_1.18.0/STM32CubeIDE/plugins/com.st.stm32cube.ide.mcu.externaltools.gnu-tools-for-stm32.13.3.rel1.win32_1.0.100.202509120712/tools/bin/../lib/gcc/arm-none-eabi/13.3.1/../../../../arm-none-eabi/lib/thumb/v7e-m+fp/hard\libc_nano.a(libc_a-abort.o)
                0x080095c0                abort
 .text.__sfputc_r
                0x080095ce       0x2e D:/E/1subject/HK4/VXL_VDK/doan/STM32CubeIDE_1.18.0/STM32CubeIDE/plugins/com.st.stm32cube.ide.mcu.externaltools.gnu-tools-for-stm32.13.3.rel1.win32_1.0.100.202509120712/tools/bin/../lib/gcc/arm-none-eabi/13.3.1/../../../../arm-none-eabi/lib/thumb/v7e-m+fp/hard\libc_nano.a(libc_a-nano-vfprintf.o)
 .text.__sfputs_r
                0x080095fc       0x24 D:/E/1subject/HK4/VXL_VDK/doan/STM32CubeIDE_1.18.0/STM32CubeIDE/plugins/com.st.stm32cube.ide.mcu.externaltools.gnu-tools-for-stm32.13.3.rel1.win32_1.0.100.202509120712/tools/bin/../lib/gcc/arm-none-eabi/13.3.1/../../../../arm-none-eabi/lib/thumb/v7e-m+fp/hard\libc_nano.a(libc_a-nano-vfprintf.o)
                0x080095fc                __sfputs_r
 .text._vfprintf_r
                0x08009620      0x230 D:/E/1subject/HK4/VXL_VDK/doan/STM32CubeIDE_1.18.0/STM32CubeIDE/plugins/com.st.stm32cube.ide.mcu.externaltools.gnu-tools-for-stm32.13.3.rel1.win32_1.0.100.202509120712/tools/bin/../lib/gcc/arm-none-eabi/13.3.1/../../../../arm-none-eabi/lib/thumb/v7e-m+fp/hard\libc_nano.a(libc_a-nano-vfprintf.o)
                0x08009620                _vfprintf_r
                0x08009620                _vfiprintf_r
 .text._printf_common
                0x08009850       0xda D:/E/1subject/HK4/VXL_VDK/doan/STM32CubeIDE_1.18.0/STM32CubeIDE/plugins/com.st.stm32cube.ide.mcu.externaltools.gnu-tools-for-stm32.13.3.rel1.win32_1.0.100.202509120712/tools/bin/../lib/gcc/arm-none-eabi/13.3.1/../../../../arm-none-eabi/lib/thumb/v7e-m+fp/hard\libc_nano.a(libc_a-nano-vfprintf_i.o)
                0x08009850                _printf_common
 *fill*         0x0800992a        0x2 
 .text._printf_i
                0x0800992c      0x23c D:/E/1subject/HK4/VXL_VDK/doan/STM32CubeIDE_1.18.0/STM32CubeIDE/plugins/com.st.stm32cube.ide.mcu.externaltools.gnu-tools-for-stm32.13.3.rel1.win32_1.0.100.202509120712/tools/bin/../lib/gcc/arm-none-eabi/13.3.1/../../../../arm-none-eabi/lib/thumb/v7e-m+fp/hard\libc_nano.a(libc_a-nano-vfprintf_i.o)
                0x0800992c                _printf_i
 .text.__swbuf_r
                0x08009b68       0x7c D:/E/1subject/HK4/VXL_VDK/doan/STM32CubeIDE_1.18.0/STM32CubeIDE/plugins/com.st.stm32cube.ide.mcu.externaltools.gnu-tools-for-stm32.13.3.rel1.win32_1.0.100.202509120712/tools/bin/../lib/gcc/arm-none-eabi/13.3.1/../../../../arm-none-eabi/lib/thumb/v7e-m+fp/hard\libc_nano.a(libc_a-wbuf.o)
                0x08009b68                __swbuf_r
 .text.__swsetup_r
                0x08009be4       0xac D:/E/1subject/HK4/VXL_VDK/doan/STM32CubeIDE_1.18.0/STM32CubeIDE/plugins/com.st.stm32cube.ide.mcu.externaltools.gnu-tools-for-stm32.13.3.rel1.win32_1.0.100.202509120712/tools/bin/../lib/gcc/arm-none-eabi/13.3.1/../../../../arm-none-eabi/lib/thumb/v7e-m+fp/hard\libc_nano.a(libc_a-wsetup.o)
                0x08009be4                __swsetup_r
 .text._raise_r
                0x08009c90       0x50 D:/E/1subject/HK4/VXL_VDK/doan/STM32CubeIDE_1.18.0/STM32CubeIDE/plugins/com.st.stm32cube.ide.mcu.externaltools.gnu-tools-for-stm32.13.3.rel1.win32_1.0.100.202509120712/tools/bin/../lib/gcc/arm-none-eabi/13.3.1/../../../../arm-none-eabi/lib/thumb/v7e-m+fp/hard\libc_nano.a(libc_a-signal.o)
                0x08009c90                _raise_r
 .text.raise    0x08009ce0       0x10 D:/E/1subject/HK4/VXL_VDK/doan/STM32CubeIDE_1.18.0/STM32CubeIDE/plugins/com.st.stm32cube.ide.mcu.externaltools.gnu-tools-for-stm32.13.3.rel1.win32_1.0.100.202509120712/tools/bin/../lib/gcc/arm-none-eabi/13.3.1/../../../../arm-none-eabi/lib/thumb/v7e-m+fp/hard\libc_nano.a(libc_a-signal.o)
                0x08009ce0                raise
 .text._kill_r  0x08009cf0       0x24 D:/E/1subject/HK4/VXL_VDK/doan/STM32CubeIDE_1.18.0/STM32CubeIDE/plugins/com.st.stm32cube.ide.mcu.externaltools.gnu-tools-for-stm32.13.3.rel1.win32_1.0.100.202509120712/tools/bin/../lib/gcc/arm-none-eabi/13.3.1/../../../../arm-none-eabi/lib/thumb/v7e-m+fp/hard\libc_nano.a(libc_a-signalr.o)
                0x08009cf0                _kill_r
 .text._getpid_r
                0x08009d14        0x4 D:/E/1subject/HK4/VXL_VDK/doan/STM32CubeIDE_1.18.0/STM32CubeIDE/plugins/com.st.stm32cube.ide.mcu.externaltools.gnu-tools-for-stm32.13.3.rel1.win32_1.0.100.202509120712/tools/bin/../lib/gcc/arm-none-eabi/13.3.1/../../../../arm-none-eabi/lib/thumb/v7e-m+fp/hard\libc_nano.a(libc_a-signalr.o)
                0x08009d14                _getpid_r
 .text.__swhatbuf_r
                0x08009d18       0x4c D:/E/1subject/HK4/VXL_VDK/doan/STM32CubeIDE_1.18.0/STM32CubeIDE/plugins/com.st.stm32cube.ide.mcu.externaltools.gnu-tools-for-stm32.13.3.rel1.win32_1.0.100.202509120712/tools/bin/../lib/gcc/arm-none-eabi/13.3.1/../../../../arm-none-eabi/lib/thumb/v7e-m+fp/hard\libc_nano.a(libc_a-makebuf.o)
                0x08009d18                __swhatbuf_r
 .text.__smakebuf_r
                0x08009d64       0x78 D:/E/1subject/HK4/VXL_VDK/doan/STM32CubeIDE_1.18.0/STM32CubeIDE/plugins/com.st.stm32cube.ide.mcu.externaltools.gnu-tools-for-stm32.13.3.rel1.win32_1.0.100.202509120712/tools/bin/../lib/gcc/arm-none-eabi/13.3.1/../../../../arm-none-eabi/lib/thumb/v7e-m+fp/hard\libc_nano.a(libc_a-makebuf.o)
                0x08009d64                __smakebuf_r
 .text._fstat_r
                0x08009ddc       0x24 D:/E/1subject/HK4/VXL_VDK/doan/STM32CubeIDE_1.18.0/STM32CubeIDE/plugins/com.st.stm32cube.ide.mcu.externaltools.gnu-tools-for-stm32.13.3.rel1.win32_1.0.100.202509120712/tools/bin/../lib/gcc/arm-none-eabi/13.3.1/../../../../arm-none-eabi/lib/thumb/v7e-m+fp/hard\libc_nano.a(libc_a-fstatr.o)
                0x08009ddc                _fstat_r
 .text._isatty_r
                0x08009e00       0x20 D:/E/1subject/HK4/VXL_VDK/doan/STM32CubeIDE_1.18.0/STM32CubeIDE/plugins/com.st.stm32cube.ide.mcu.externaltools.gnu-tools-for-stm32.13.3.rel1.win32_1.0.100.202509120712/tools/bin/../lib/gcc/arm-none-eabi/13.3.1/../../../../arm-none-eabi/lib/thumb/v7e-m+fp/hard\libc_nano.a(libc_a-isattyr.o)
                0x08009e00                _isatty_r
 .text.sqrtf    0x08009e20       0x3c D:/E/1subject/HK4/VXL_VDK/doan/STM32CubeIDE_1.18.0/STM32CubeIDE/plugins/com.st.stm32cube.ide.mcu.externaltools.gnu-tools-for-stm32.13.3.rel1.win32_1.0.100.202509120712/tools/bin/../lib/gcc/arm-none-eabi/13.3.1/../../../../arm-none-eabi/lib/thumb/v7e-m+fp/hard\libm.a(libm_a-wf_sqrt.o)
                0x08009e20                sqrtf
 .text.__ieee754_sqrtf
                0x08009e5c        0x6 D:/E/1subject/HK4/VXL_VDK/doan/STM32CubeIDE_1.18.0/STM32CubeIDE/plugins/com.st.stm32cube.ide.mcu.externaltools.gnu-tools-for-stm32.13.3.rel1.win32_1.0.100.202509120712/tools/bin/../lib/gcc/arm-none-eabi/13.3.1/../../../../arm-none-eabi/lib/thumb/v7e-m+fp/hard\libm.a(libm_a-ef_sqrt.o)
                0x08009e5c                __ieee754_sqrtf
 *(.glue_7)
 .glue_7        0x08009e62        0x0 linker stubs
 *(.glue_7t)
 .glue_7t       0x08009e62        0x0 linker stubs
 *(.eh_frame)
 *fill*         0x08009e62        0x2 
 .eh_frame      0x08009e64        0x0 D:/E/1subject/HK4/VXL_VDK/doan/STM32CubeIDE_1.18.0/STM32CubeIDE/plugins/com.st.stm32cube.ide.mcu.externaltools.gnu-tools-for-stm32.13.3.rel1.win32_1.0.100.202509120712/tools/bin/../lib/gcc/arm-none-eabi/13.3.1/thumb/v7e-m+fp/hard/crtbegin.o
 *(.init)
 .init          0x08009e64        0x4 D:/E/1subject/HK4/VXL_VDK/doan/STM32CubeIDE_1.18.0/STM32CubeIDE/plugins/com.st.stm32cube.ide.mcu.externaltools.gnu-tools-for-stm32.13.3.rel1.win32_1.0.100.202509120712/tools/bin/../lib/gcc/arm-none-eabi/13.3.1/thumb/v7e-m+fp/hard/crti.o
                0x08009e64                _init
 .init          0x08009e68        0x8 D:/E/1subject/HK4/VXL_VDK/doan/STM32CubeIDE_1.18.0/STM32CubeIDE/plugins/com.st.stm32cube.ide.mcu.externaltools.gnu-tools-for-stm32.13.3.rel1.win32_1.0.100.202509120712/tools/bin/../lib/gcc/arm-none-eabi/13.3.1/thumb/v7e-m+fp/hard/crtn.o
 *(.fini)
 .fini          0x08009e70        0x4 D:/E/1subject/HK4/VXL_VDK/doan/STM32CubeIDE_1.18.0/STM32CubeIDE/plugins/com.st.stm32cube.ide.mcu.externaltools.gnu-tools-for-stm32.13.3.rel1.win32_1.0.100.202509120712/tools/bin/../lib/gcc/arm-none-eabi/13.3.1/thumb/v7e-m+fp/hard/crti.o
                0x08009e70                _fini
 .fini          0x08009e74        0x8 D:/E/1subject/HK4/VXL_VDK/doan/STM32CubeIDE_1.18.0/STM32CubeIDE/plugins/com.st.stm32cube.ide.mcu.externaltools.gnu-tools-for-stm32.13.3.rel1.win32_1.0.100.202509120712/tools/bin/../lib/gcc/arm-none-eabi/13.3.1/thumb/v7e-m+fp/hard/crtn.o
                0x08009e7c                        . = ALIGN (0x4)
                0x08009e7c                        _etext = .

.vfp11_veneer   0x08009e7c        0x0
 .vfp11_veneer  0x08009e7c        0x0 linker stubs

.v4_bx          0x08009e7c        0x0
 .v4_bx         0x08009e7c        0x0 linker stubs

.iplt           0x08009e7c        0x0
 .iplt          0x08009e7c        0x0 D:/E/1subject/HK4/VXL_VDK/doan/STM32CubeIDE_1.18.0/STM32CubeIDE/plugins/com.st.stm32cube.ide.mcu.externaltools.gnu-tools-for-stm32.13.3.rel1.win32_1.0.100.202509120712/tools/bin/../lib/gcc/arm-none-eabi/13.3.1/thumb/v7e-m+fp/hard/crtbegin.o

.rodata         0x08009e7c    0x1d568
                0x08009e7c                        . = ALIGN (0x4)
 *(.rodata)
 *(.rodata*)
 .rodata.AHBPrescTable
                0x08009e7c       0x10 ./Core/Src/system_stm32f4xx.o
                0x08009e7c                AHBPrescTable
 .rodata.APBPrescTable
                0x08009e8c        0x8 ./Core/Src/system_stm32f4xx.o
                0x08009e8c                APBPrescTable
 .rodata.flagBitshiftOffset.0
                0x08009e94        0x8 ./Drivers/STM32F4xx_HAL_Driver/Src/stm32f4xx_hal_dma.o
 .rodata.armBitRevIndexTable1024
                0x08009e9c      0xe10 ../Middlewares/ST/ARM/DSP/Lib\libarm_cortexM4lf_math.a(arm_common_tables.o)
                0x08009e9c                armBitRevIndexTable1024
 .rodata.armBitRevIndexTable128
                0x0800acac      0x1a0 ../Middlewares/ST/ARM/DSP/Lib\libarm_cortexM4lf_math.a(arm_common_tables.o)
                0x0800acac                armBitRevIndexTable128
 .rodata.armBitRevIndexTable16
                0x0800ae4c       0x28 ../Middlewares/ST/ARM/DSP/Lib\libarm_cortexM4lf_math.a(arm_common_tables.o)
                0x0800ae4c                armBitRevIndexTable16
 .rodata.armBitRevIndexTable2048
                0x0800ae74     0x1dc0 ../Middlewares/ST/ARM/DSP/Lib\libarm_cortexM4lf_math.a(arm_common_tables.o)
                0x0800ae74                armBitRevIndexTable2048
 .rodata.armBitRevIndexTable256
                0x0800cc34      0x370 ../Middlewares/ST/ARM/DSP/Lib\libarm_cortexM4lf_math.a(arm_common_tables.o)
                0x0800cc34                armBitRevIndexTable256
 .rodata.armBitRevIndexTable32
                0x0800cfa4       0x60 ../Middlewares/ST/ARM/DSP/Lib\libarm_cortexM4lf_math.a(arm_common_tables.o)
                0x0800cfa4                armBitRevIndexTable32
 .rodata.armBitRevIndexTable4096
                0x0800d004     0x1f80 ../Middlewares/ST/ARM/DSP/Lib\libarm_cortexM4lf_math.a(arm_common_tables.o)
                0x0800d004                armBitRevIndexTable4096
 .rodata.armBitRevIndexTable512
                0x0800ef84      0x380 ../Middlewares/ST/ARM/DSP/Lib\libarm_cortexM4lf_math.a(arm_common_tables.o)
                0x0800ef84                armBitRevIndexTable512
 .rodata.armBitRevIndexTable64
                0x0800f304       0x70 ../Middlewares/ST/ARM/DSP/Lib\libarm_cortexM4lf_math.a(arm_common_tables.o)
                0x0800f304                armBitRevIndexTable64
 .rodata.twiddleCoef_1024
                0x0800f374     0x2000 ../Middlewares/ST/ARM/DSP/Lib\libarm_cortexM4lf_math.a(arm_common_tables.o)
                0x0800f374                twiddleCoef_1024
 .rodata.twiddleCoef_128
                0x08011374      0x400 ../Middlewares/ST/ARM/DSP/Lib\libarm_cortexM4lf_math.a(arm_common_tables.o)
                0x08011374                twiddleCoef_128
 .rodata.twiddleCoef_16
                0x08011774       0x80 ../Middlewares/ST/ARM/DSP/Lib\libarm_cortexM4lf_math.a(arm_common_tables.o)
                0x08011774                twiddleCoef_16
 .rodata.twiddleCoef_2048
                0x080117f4     0x4000 ../Middlewares/ST/ARM/DSP/Lib\libarm_cortexM4lf_math.a(arm_common_tables.o)
                0x080117f4                twiddleCoef_2048
 .rodata.twiddleCoef_256
                0x080157f4      0x800 ../Middlewares/ST/ARM/DSP/Lib\libarm_cortexM4lf_math.a(arm_common_tables.o)
                0x080157f4                twiddleCoef_256
 .rodata.twiddleCoef_32
                0x08015ff4      0x100 ../Middlewares/ST/ARM/DSP/Lib\libarm_cortexM4lf_math.a(arm_common_tables.o)
                0x08015ff4                twiddleCoef_32
 .rodata.twiddleCoef_4096
                0x080160f4     0x8000 ../Middlewares/ST/ARM/DSP/Lib\libarm_cortexM4lf_math.a(arm_common_tables.o)
                0x080160f4                twiddleCoef_4096
 .rodata.twiddleCoef_512
                0x0801e0f4     0x1000 ../Middlewares/ST/ARM/DSP/Lib\libarm_cortexM4lf_math.a(arm_common_tables.o)
                0x0801e0f4                twiddleCoef_512
 .rodata.twiddleCoef_64
                0x0801f0f4      0x200 ../Middlewares/ST/ARM/DSP/Lib\libarm_cortexM4lf_math.a(arm_common_tables.o)
                0x0801f0f4                twiddleCoef_64
 .rodata.twiddleCoef_rfft_1024
                0x0801f2f4     0x1000 ../Middlewares/ST/ARM/DSP/Lib\libarm_cortexM4lf_math.a(arm_common_tables.o)
                0x0801f2f4                twiddleCoef_rfft_1024
 .rodata.twiddleCoef_rfft_128
                0x080202f4      0x200 ../Middlewares/ST/ARM/DSP/Lib\libarm_cortexM4lf_math.a(arm_common_tables.o)
                0x080202f4                twiddleCoef_rfft_128
 .rodata.twiddleCoef_rfft_2048
                0x080204f4     0x2000 ../Middlewares/ST/ARM/DSP/Lib\libarm_cortexM4lf_math.a(arm_common_tables.o)
                0x080204f4                twiddleCoef_rfft_2048
 .rodata.twiddleCoef_rfft_256
                0x080224f4      0x400 ../Middlewares/ST/ARM/DSP/Lib\libarm_cortexM4lf_math.a(arm_common_tables.o)
                0x080224f4                twiddleCoef_rfft_256
 .rodata.twiddleCoef_rfft_32
                0x080228f4       0x80 ../Middlewares/ST/ARM/DSP/Lib\libarm_cortexM4lf_math.a(arm_common_tables.o)
                0x080228f4                twiddleCoef_rfft_32
 .rodata.twiddleCoef_rfft_4096
                0x08022974     0x4000 ../Middlewares/ST/ARM/DSP/Lib\libarm_cortexM4lf_math.a(arm_common_tables.o)
                0x08022974                twiddleCoef_rfft_4096
 .rodata.twiddleCoef_rfft_512
                0x08026974      0x800 ../Middlewares/ST/ARM/DSP/Lib\libarm_cortexM4lf_math.a(arm_common_tables.o)
                0x08026974                twiddleCoef_rfft_512
 .rodata.twiddleCoef_rfft_64
                0x08027174      0x100 ../Middlewares/ST/ARM/DSP/Lib\libarm_cortexM4lf_math.a(arm_common_tables.o)
                0x08027174                twiddleCoef_rfft_64
 .rodata.arm_cfft_sR_f32_len1024
                0x08027274       0x10 ../Middlewares/ST/ARM/DSP/Lib\libarm_cortexM4lf_math.a(arm_const_structs.o)
                0x08027274                arm_cfft_sR_f32_len1024
 .rodata.arm_cfft_sR_f32_len128
                0x08027284       0x10 ../Middlewares/ST/ARM/DSP/Lib\libarm_cortexM4lf_math.a(arm_const_structs.o)
                0x08027284                arm_cfft_sR_f32_len128
 .rodata.arm_cfft_sR_f32_len16
                0x08027294       0x10 ../Middlewares/ST/ARM/DSP/Lib\libarm_cortexM4lf_math.a(arm_const_structs.o)
                0x08027294                arm_cfft_sR_f32_len16
 .rodata.arm_cfft_sR_f32_len2048
                0x080272a4       0x10 ../Middlewares/ST/ARM/DSP/Lib\libarm_cortexM4lf_math.a(arm_const_structs.o)
                0x080272a4                arm_cfft_sR_f32_len2048
 .rodata.arm_cfft_sR_f32_len256
                0x080272b4       0x10 ../Middlewares/ST/ARM/DSP/Lib\libarm_cortexM4lf_math.a(arm_const_structs.o)
                0x080272b4                arm_cfft_sR_f32_len256
 .rodata.arm_cfft_sR_f32_len32
                0x080272c4       0x10 ../Middlewares/ST/ARM/DSP/Lib\libarm_cortexM4lf_math.a(arm_const_structs.o)
                0x080272c4                arm_cfft_sR_f32_len32
 .rodata.arm_cfft_sR_f32_len4096
                0x080272d4       0x10 ../Middlewares/ST/ARM/DSP/Lib\libarm_cortexM4lf_math.a(arm_const_structs.o)
                0x080272d4                arm_cfft_sR_f32_len4096
 .rodata.arm_cfft_sR_f32_len512
                0x080272e4       0x10 ../Middlewares/ST/ARM/DSP/Lib\libarm_cortexM4lf_math.a(arm_const_structs.o)
                0x080272e4                arm_cfft_sR_f32_len512
 .rodata.arm_cfft_sR_f32_len64
                0x080272f4       0x10 ../Middlewares/ST/ARM/DSP/Lib\libarm_cortexM4lf_math.a(arm_const_structs.o)
                0x080272f4                arm_cfft_sR_f32_len64
 .rodata.srand.str1.1
                0x08027304       0xde D:/E/1subject/HK4/VXL_VDK/doan/STM32CubeIDE_1.18.0/STM32CubeIDE/plugins/com.st.stm32cube.ide.mcu.externaltools.gnu-tools-for-stm32.13.3.rel1.win32_1.0.100.202509120712/tools/bin/../lib/gcc/arm-none-eabi/13.3.1/../../../../arm-none-eabi/lib/thumb/v7e-m+fp/hard\libc_nano.a(libc_a-rand.o)
                                 0x6f (size before relaxing)
 .rodata.__assert_func.str1.1
                0x080273e2        0x0 D:/E/1subject/HK4/VXL_VDK/doan/STM32CubeIDE_1.18.0/STM32CubeIDE/plugins/com.st.stm32cube.ide.mcu.externaltools.gnu-tools-for-stm32.13.3.rel1.win32_1.0.100.202509120712/tools/bin/../lib/gcc/arm-none-eabi/13.3.1/../../../../arm-none-eabi/lib/thumb/v7e-m+fp/hard\libc_nano.a(libc_a-assert.o)
                                 0x3d (size before relaxing)
 .rodata._vfprintf_r.str1.1
                0x080273e2        0x0 D:/E/1subject/HK4/VXL_VDK/doan/STM32CubeIDE_1.18.0/STM32CubeIDE/plugins/com.st.stm32cube.ide.mcu.externaltools.gnu-tools-for-stm32.13.3.rel1.win32_1.0.100.202509120712/tools/bin/../lib/gcc/arm-none-eabi/13.3.1/../../../../arm-none-eabi/lib/thumb/v7e-m+fp/hard\libc_nano.a(libc_a-nano-vfprintf.o)
                                 0x11 (size before relaxing)
 .rodata._printf_i.str1.1
                0x080273e2        0x0 D:/E/1subject/HK4/VXL_VDK/doan/STM32CubeIDE_1.18.0/STM32CubeIDE/plugins/com.st.stm32cube.ide.mcu.externaltools.gnu-tools-for-stm32.13.3.rel1.win32_1.0.100.202509120712/tools/bin/../lib/gcc/arm-none-eabi/13.3.1/../../../../arm-none-eabi/lib/thumb/v7e-m+fp/hard\libc_nano.a(libc_a-nano-vfprintf_i.o)
                                 0x22 (size before relaxing)
                0x080273e4                        . = ALIGN (0x4)
 *fill*         0x080273e2        0x2 

.ARM.extab      0x080273e4        0x0
                0x080273e4                        . = ALIGN (0x4)
 *(.ARM.extab* .gnu.linkonce.armextab.*)
                0x080273e4                        . = ALIGN (0x4)

.ARM            0x080273e4        0x8
                0x080273e4                        . = ALIGN (0x4)
                0x080273e4                        __exidx_start = .
 *(.ARM.exidx*)
 .ARM.exidx     0x080273e4        0x8 D:/E/1subject/HK4/VXL_VDK/doan/STM32CubeIDE_1.18.0/STM32CubeIDE/plugins/com.st.stm32cube.ide.mcu.externaltools.gnu-tools-for-stm32.13.3.rel1.win32_1.0.100.202509120712/tools/bin/../lib/gcc/arm-none-eabi/13.3.1/../../../../arm-none-eabi/lib/thumb/v7e-m+fp/hard\libc_nano.a(libc_a-memchr.o)
 .ARM.exidx     0x080273ec        0x0 D:/E/1subject/HK4/VXL_VDK/doan/STM32CubeIDE_1.18.0/STM32CubeIDE/plugins/com.st.stm32cube.ide.mcu.externaltools.gnu-tools-for-stm32.13.3.rel1.win32_1.0.100.202509120712/tools/bin/../lib/gcc/arm-none-eabi/13.3.1/thumb/v7e-m+fp/hard\libgcc.a(_udivmoddi4.o)
                                  0x8 (size before relaxing)
                0x080273ec                        __exidx_end = .
                0x080273ec                        . = ALIGN (0x4)

.preinit_array  0x080273ec        0x0
                0x080273ec                        . = ALIGN (0x4)
                0x080273ec                        PROVIDE (__preinit_array_start = .)
 *(.preinit_array*)
                0x080273ec                        PROVIDE (__preinit_array_end = .)
                0x080273ec                        . = ALIGN (0x4)

.init_array     0x080273ec        0x4
                0x080273ec                        . = ALIGN (0x4)
                0x080273ec                        PROVIDE (__init_array_start = .)
 *(SORT_BY_NAME(.init_array.*))
 *(.init_array*)
 .init_array    0x080273ec        0x4 D:/E/1subject/HK4/VXL_VDK/doan/STM32CubeIDE_1.18.0/STM32CubeIDE/plugins/com.st.stm32cube.ide.mcu.externaltools.gnu-tools-for-stm32.13.3.rel1.win32_1.0.100.202509120712/tools/bin/../lib/gcc/arm-none-eabi/13.3.1/thumb/v7e-m+fp/hard/crtbegin.o
                0x080273f0                        PROVIDE (__init_array_end = .)
                0x080273f0                        . = ALIGN (0x4)

.fini_array     0x080273f0        0x4
                0x080273f0                        . = ALIGN (0x4)
                [!provide]                        PROVIDE (__fini_array_start = .)
 *(SORT_BY_NAME(.fini_array.*))
 *(.fini_array*)
 .fini_array    0x080273f0        0x4 D:/E/1subject/HK4/VXL_VDK/doan/STM32CubeIDE_1.18.0/STM32CubeIDE/plugins/com.st.stm32cube.ide.mcu.externaltools.gnu-tools-for-stm32.13.3.rel1.win32_1.0.100.202509120712/tools/bin/../lib/gcc/arm-none-eabi/13.3.1/thumb/v7e-m+fp/hard/crtbegin.o
                [!provide]                        PROVIDE (__fini_array_end = .)
                0x080273f4                        . = ALIGN (0x4)
                0x080273f4                        _sidata = LOADADDR (.data)

.rel.dyn        0x080273f4        0x0
 .rel.iplt      0x080273f4        0x0 D:/E/1subject/HK4/VXL_VDK/doan/STM32CubeIDE_1.18.0/STM32CubeIDE/plugins/com.st.stm32cube.ide.mcu.externaltools.gnu-tools-for-stm32.13.3.rel1.win32_1.0.100.202509120712/tools/bin/../lib/gcc/arm-none-eabi/13.3.1/thumb/v7e-m+fp/hard/crtbegin.o

.data           0x20000000       0x9c load address 0x080273f4
                0x20000000                        . = ALIGN (0x4)
                0x20000000                        _sdata = .
 *(.data)
 *(.data*)
 .data.btn_spi  0x20000000       0x10 ./Core/Src/main.o
                0x20000000                btn_spi
 .data.btn_uart
                0x20000010       0x10 ./Core/Src/main.o
                0x20000010                btn_uart
 .data.btn_reset
                0x20000020       0x10 ./Core/Src/main.o
                0x20000020                btn_reset
 .data.min      0x20000030        0x1 ./Core/Src/main.o
                0x20000030                min
 *fill*         0x20000031        0x3 
 .data.SystemCoreClock
                0x20000034        0x4 ./Core/Src/system_stm32f4xx.o
                0x20000034                SystemCoreClock
 .data.uwTickPrio
                0x20000038        0x4 ./Drivers/STM32F4xx_HAL_Driver/Src/stm32f4xx_hal.o
                0x20000038                uwTickPrio
 .data.uwTickFreq
                0x2000003c        0x1 ./Drivers/STM32F4xx_HAL_Driver/Src/stm32f4xx_hal.o
                0x2000003c                uwTickFreq
 *fill*         0x2000003d        0x3 
 .data.__sglue  0x20000040        0xc D:/E/1subject/HK4/VXL_VDK/doan/STM32CubeIDE_1.18.0/STM32CubeIDE/plugins/com.st.stm32cube.ide.mcu.externaltools.gnu-tools-for-stm32.13.3.rel1.win32_1.0.100.202509120712/tools/bin/../lib/gcc/arm-none-eabi/13.3.1/../../../../arm-none-eabi/lib/thumb/v7e-m+fp/hard\libc_nano.a(libc_a-findfp.o)
                0x20000040                __sglue
 .data._impure_ptr
                0x2000004c        0x4 D:/E/1subject/HK4/VXL_VDK/doan/STM32CubeIDE_1.18.0/STM32CubeIDE/plugins/com.st.stm32cube.ide.mcu.externaltools.gnu-tools-for-stm32.13.3.rel1.win32_1.0.100.202509120712/tools/bin/../lib/gcc/arm-none-eabi/13.3.1/../../../../arm-none-eabi/lib/thumb/v7e-m+fp/hard\libc_nano.a(libc_a-impure.o)
                0x2000004c                _impure_ptr
 .data._impure_data
                0x20000050       0x4c D:/E/1subject/HK4/VXL_VDK/doan/STM32CubeIDE_1.18.0/STM32CubeIDE/plugins/com.st.stm32cube.ide.mcu.externaltools.gnu-tools-for-stm32.13.3.rel1.win32_1.0.100.202509120712/tools/bin/../lib/gcc/arm-none-eabi/13.3.1/../../../../arm-none-eabi/lib/thumb/v7e-m+fp/hard\libc_nano.a(libc_a-impure.o)
                0x20000050                _impure_data
 *(.RamFunc)
 *(.RamFunc*)
                0x2000009c                        . = ALIGN (0x4)
                0x2000009c                        _edata = .
                0x08027490                        _siccmram = LOADADDR (.ccmram)

.igot.plt       0x2000009c        0x0 load address 0x08027490
 .igot.plt      0x2000009c        0x0 D:/E/1subject/HK4/VXL_VDK/doan/STM32CubeIDE_1.18.0/STM32CubeIDE/plugins/com.st.stm32cube.ide.mcu.externaltools.gnu-tools-for-stm32.13.3.rel1.win32_1.0.100.202509120712/tools/bin/../lib/gcc/arm-none-eabi/13.3.1/thumb/v7e-m+fp/hard/crtbegin.o

.ccmram         0x10000000        0x0 load address 0x08027490
                0x10000000                        . = ALIGN (0x4)
                0x10000000                        _sccmram = .
 *(.ccmram)
 *(.ccmram*)
                0x10000000                        . = ALIGN (0x4)
                0x10000000                        _eccmram = .
                0x10000000                        . = ALIGN (0x4)

.bss            0x2000009c     0x1e34
                0x2000009c                        _sbss = .
                0x2000009c                        __bss_start__ = _sbss
 *(.bss)
 .bss           0x2000009c       0x1c D:/E/1subject/HK4/VXL_VDK/doan/STM32CubeIDE_1.18.0/STM32CubeIDE/plugins/com.st.stm32cube.ide.mcu.externaltools.gnu-tools-for-stm32.13.3.rel1.win32_1.0.100.202509120712/tools/bin/../lib/gcc/arm-none-eabi/13.3.1/thumb/v7e-m+fp/hard/crtbegin.o
 *(.bss*)
 .bss.spi_led_buffer
                0x200000b8       0x80 ./Core/Src/main.o
                0x200000b8                spi_led_buffer
 .bss.usart_led_buffer
                0x20000138       0x80 ./Core/Src/main.o
                0x20000138                usart_led_buffer
 .bss.smoothed_val
                0x200001b8        0x4 ./Core/Src/main.o
                0x200001b8                smoothed_val
 .bss.rainbow_hue
                0x200001bc        0x2 ./Core/Src/main.o
                0x200001bc                rainbow_hue
 *fill*         0x200001be        0x2 
 .bss.rain_hues
                0x200001c0       0x3c ./Core/Src/main.o
 .bss.rain_vals
                0x200001fc       0x1e ./Core/Src/main.o
 *fill*         0x2000021a        0x2 
 .bss.fire_heat
                0x2000021c       0x1e ./Core/Src/main.o
 *fill*         0x2000023a        0x2 
 .bss.buffer_r  0x2000023c       0x1e ./Core/Src/main.o
                0x2000023c                buffer_r
 *fill*         0x2000025a        0x2 
 .bss.buffer_g  0x2000025c       0x1e ./Core/Src/main.o
                0x2000025c                buffer_g
 *fill*         0x2000027a        0x2 
 .bss.buffer_b  0x2000027c       0x1e ./Core/Src/main.o
                0x2000027c                buffer_b
 *fill*         0x2000029a        0x2 
 .bss.adc_buffer
                0x2000029c      0x400 ./Core/Src/main.o
                0x2000029c                adc_buffer
 .bss.fft_in_buf
                0x2000069c      0x800 ./Core/Src/main.o
                0x2000069c                fft_in_buf
 .bss.fft_out_buf
                0x20000e9c      0x800 ./Core/Src/main.o
                0x20000e9c                fft_out_buf
 .bss.fft_mag_buf
                0x2000169c      0x400 ./Core/Src/main.o
                0x2000169c                fft_mag_buf
 .bss.fft_process_flag
                0x20001a9c        0x1 ./Core/Src/main.o
                0x20001a9c                fft_process_flag
 *fill*         0x20001a9d        0x3 
 .bss.fft_handler
                0x20001aa0       0x18 ./Core/Src/main.o
                0x20001aa0                fft_handler
 .bss.debug_peak_val
                0x20001ab8        0x4 ./Core/Src/main.o
                0x20001ab8                debug_peak_val
 .bss.debug_peak_hz
                0x20001abc        0x4 ./Core/Src/main.o
                0x20001abc                debug_peak_hz
 .bss.audio_peak_val
                0x20001ac0        0x4 ./Core/Src/main.o
                0x20001ac0                audio_peak_val
 .bss.audio_peak_hz
                0x20001ac4        0x4 ./Core/Src/main.o
                0x20001ac4                audio_peak_hz
 .bss.effect_mode_spi
                0x20001ac8        0x1 ./Core/Src/main.o
                0x20001ac8                effect_mode_spi
 .bss.effect_mode_uart
                0x20001ac9        0x1 ./Core/Src/main.o
                0x20001ac9                effect_mode_uart
 .bss.bt_rx_data
                0x20001aca        0x1 ./Core/Src/main.o
                0x20001aca                bt_rx_data
 *fill*         0x20001acb        0x1 
 .bss.hadc1     0x20001acc       0x48 ./Core/Src/main.o
                0x20001acc                hadc1
 .bss.hdma_adc1
                0x20001b14       0x60 ./Core/Src/main.o
                0x20001b14                hdma_adc1
 .bss.hspi3     0x20001b74       0x58 ./Core/Src/main.o
                0x20001b74                hspi3
 .bss.hdma_spi3_tx
                0x20001bcc       0x60 ./Core/Src/main.o
                0x20001bcc                hdma_spi3_tx
 .bss.htim2     0x20001c2c       0x48 ./Core/Src/main.o
                0x20001c2c                htim2
 .bss.huart2    0x20001c74       0x48 ./Core/Src/main.o
                0x20001c74                huart2
 .bss.husart6   0x20001cbc       0x44 ./Core/Src/main.o
                0x20001cbc                husart6
 .bss.hdma_usart6_tx
                0x20001d00       0x60 ./Core/Src/main.o
                0x20001d00                hdma_usart6_tx
 .bss.last_tick.6
                0x20001d60        0x4 ./Core/Src/main.o
 .bss.last_tick.5
                0x20001d64        0x4 ./Core/Src/main.o
 .bss.last_tick.4
                0x20001d68        0x4 ./Core/Src/main.o
 .bss.last_tick.3
                0x20001d6c        0x4 ./Core/Src/main.o
 .bss.last_tick.2
                0x20001d70        0x4 ./Core/Src/main.o
 .bss.last_tick.1
                0x20001d74        0x4 ./Core/Src/main.o
 .bss.last_tick.0
                0x20001d78        0x4 ./Core/Src/main.o
 .bss.__sbrk_heap_end
                0x20001d7c        0x4 ./Core/Src/sysmem.o
 .bss.uwTick    0x20001d80        0x4 ./Drivers/STM32F4xx_HAL_Driver/Src/stm32f4xx_hal.o
                0x20001d80                uwTick
 .bss.__sf      0x20001d84      0x138 D:/E/1subject/HK4/VXL_VDK/doan/STM32CubeIDE_1.18.0/STM32CubeIDE/plugins/com.st.stm32cube.ide.mcu.externaltools.gnu-tools-for-stm32.13.3.rel1.win32_1.0.100.202509120712/tools/bin/../lib/gcc/arm-none-eabi/13.3.1/../../../../arm-none-eabi/lib/thumb/v7e-m+fp/hard\libc_nano.a(libc_a-findfp.o)
                0x20001d84                __sf
 .bss.__stdio_exit_handler
                0x20001ebc        0x4 D:/E/1subject/HK4/VXL_VDK/doan/STM32CubeIDE_1.18.0/STM32CubeIDE/plugins/com.st.stm32cube.ide.mcu.externaltools.gnu-tools-for-stm32.13.3.rel1.win32_1.0.100.202509120712/tools/bin/../lib/gcc/arm-none-eabi/13.3.1/../../../../arm-none-eabi/lib/thumb/v7e-m+fp/hard\libc_nano.a(libc_a-findfp.o)
                0x20001ebc                __stdio_exit_handler
 .bss.errno     0x20001ec0        0x4 D:/E/1subject/HK4/VXL_VDK/doan/STM32CubeIDE_1.18.0/STM32CubeIDE/plugins/com.st.stm32cube.ide.mcu.externaltools.gnu-tools-for-stm32.13.3.rel1.win32_1.0.100.202509120712/tools/bin/../lib/gcc/arm-none-eabi/13.3.1/../../../../arm-none-eabi/lib/thumb/v7e-m+fp/hard\libc_nano.a(libc_a-reent.o)
                0x20001ec0                errno
 .bss.__lock___malloc_recursive_mutex
                0x20001ec4        0x1 D:/E/1subject/HK4/VXL_VDK/doan/STM32CubeIDE_1.18.0/STM32CubeIDE/plugins/com.st.stm32cube.ide.mcu.externaltools.gnu-tools-for-stm32.13.3.rel1.win32_1.0.100.202509120712/tools/bin/../lib/gcc/arm-none-eabi/13.3.1/../../../../arm-none-eabi/lib/thumb/v7e-m+fp/hard\libc_nano.a(libc_a-lock.o)
                0x20001ec4                __lock___malloc_recursive_mutex
 .bss.__lock___sfp_recursive_mutex
                0x20001ec5        0x1 D:/E/1subject/HK4/VXL_VDK/doan/STM32CubeIDE_1.18.0/STM32CubeIDE/plugins/com.st.stm32cube.ide.mcu.externaltools.gnu-tools-for-stm32.13.3.rel1.win32_1.0.100.202509120712/tools/bin/../lib/gcc/arm-none-eabi/13.3.1/../../../../arm-none-eabi/lib/thumb/v7e-m+fp/hard\libc_nano.a(libc_a-lock.o)
                0x20001ec5                __lock___sfp_recursive_mutex
 *fill*         0x20001ec6        0x2 
 .bss.__malloc_sbrk_start
                0x20001ec8        0x4 D:/E/1subject/HK4/VXL_VDK/doan/STM32CubeIDE_1.18.0/STM32CubeIDE/plugins/com.st.stm32cube.ide.mcu.externaltools.gnu-tools-for-stm32.13.3.rel1.win32_1.0.100.202509120712/tools/bin/../lib/gcc/arm-none-eabi/13.3.1/../../../../arm-none-eabi/lib/thumb/v7e-m+fp/hard\libc_nano.a(libc_a-mallocr.o)
                0x20001ec8                __malloc_sbrk_start
 .bss.__malloc_free_list
                0x20001ecc        0x4 D:/E/1subject/HK4/VXL_VDK/doan/STM32CubeIDE_1.18.0/STM32CubeIDE/plugins/com.st.stm32cube.ide.mcu.externaltools.gnu-tools-for-stm32.13.3.rel1.win32_1.0.100.202509120712/tools/bin/../lib/gcc/arm-none-eabi/13.3.1/../../../../arm-none-eabi/lib/thumb/v7e-m+fp/hard\libc_nano.a(libc_a-mallocr.o)
                0x20001ecc                __malloc_free_list
 *(COMMON)
                0x20001ed0                        . = ALIGN (0x4)
                0x20001ed0                        _ebss = .
                0x20001ed0                        __bss_end__ = _ebss

._user_heap_stack
                0x20001ed0      0x600
                0x20001ed0                        . = ALIGN (0x8)
                [!provide]                        PROVIDE (end = .)
                0x20001ed0                        PROVIDE (_end = .)
                0x200020d0                        . = (. + _Min_Heap_Size)
 *fill*         0x20001ed0      0x200 
                0x200024d0                        . = (. + _Min_Stack_Size)
 *fill*         0x200020d0      0x400 
                0x200024d0                        . = ALIGN (0x8)

/DISCARD/
 libc.a(*)
 libm.a(*)
 libgcc.a(*)

.ARM.attributes
                0x00000000       0x30
 *(.ARM.attributes)
 .ARM.attributes
                0x00000000       0x22 D:/E/1subject/HK4/VXL_VDK/doan/STM32CubeIDE_1.18.0/STM32CubeIDE/plugins/com.st.stm32cube.ide.mcu.externaltools.gnu-tools-for-stm32.13.3.rel1.win32_1.0.100.202509120712/tools/bin/../lib/gcc/arm-none-eabi/13.3.1/thumb/v7e-m+fp/hard/crti.o
 .ARM.attributes
                0x00000022       0x34 D:/E/1subject/HK4/VXL_VDK/doan/STM32CubeIDE_1.18.0/STM32CubeIDE/plugins/com.st.stm32cube.ide.mcu.externaltools.gnu-tools-for-stm32.13.3.rel1.win32_1.0.100.202509120712/tools/bin/../lib/gcc/arm-none-eabi/13.3.1/thumb/v7e-m+fp/hard/crtbegin.o
 .ARM.attributes
                0x00000056       0x34 ./Core/Src/main.o
 .ARM.attributes
                0x0000008a       0x34 ./Core/Src/stm32f4xx_hal_msp.o
 .ARM.attributes
                0x000000be       0x34 ./Core/Src/stm32f4xx_it.o
 .ARM.attributes
                0x000000f2       0x34 ./Core/Src/syscalls.o
 .ARM.attributes
                0x00000126       0x34 ./Core/Src/sysmem.o
 .ARM.attributes
                0x0000015a       0x34 ./Core/Src/system_stm32f4xx.o
 .ARM.attributes
                0x0000018e       0x21 ./Core/Startup/startup_stm32f407vetx.o
 .ARM.attributes
                0x000001af       0x34 ./Drivers/STM32F4xx_HAL_Driver/Src/stm32f4xx_hal.o
 .ARM.attributes
                0x000001e3       0x34 ./Drivers/STM32F4xx_HAL_Driver/Src/stm32f4xx_hal_adc.o
 .ARM.attributes
                0x00000217       0x34 ./Drivers/STM32F4xx_HAL_Driver/Src/stm32f4xx_hal_cortex.o
 .ARM.attributes
                0x0000024b       0x34 ./Drivers/STM32F4xx_HAL_Driver/Src/stm32f4xx_hal_dma.o
 .ARM.attributes
                0x0000027f       0x34 ./Drivers/STM32F4xx_HAL_Driver/Src/stm32f4xx_hal_gpio.o
 .ARM.attributes
                0x000002b3       0x34 ./Drivers/STM32F4xx_HAL_Driver/Src/stm32f4xx_hal_rcc.o
 .ARM.attributes
                0x000002e7       0x34 ./Drivers/STM32F4xx_HAL_Driver/Src/stm32f4xx_hal_spi.o
 .ARM.attributes
                0x0000031b       0x34 ./Drivers/STM32F4xx_HAL_Driver/Src/stm32f4xx_hal_tim.o
 .ARM.attributes
                0x0000034f       0x34 ./Drivers/STM32F4xx_HAL_Driver/Src/stm32f4xx_hal_tim_ex.o
 .ARM.attributes
                0x00000383       0x34 ./Drivers/STM32F4xx_HAL_Driver/Src/stm32f4xx_hal_uart.o
 .ARM.attributes
                0x000003b7       0x34 ./Drivers/STM32F4xx_HAL_Driver/Src/stm32f4xx_hal_usart.o
 .ARM.attributes
                0x000003eb       0x34 ../Middlewares/ST/ARM/DSP/Lib\libarm_cortexM4lf_math.a(arm_rfft_fast_init_f32.o)
 .ARM.attributes
                0x0000041f       0x34 ../Middlewares/ST/ARM/DSP/Lib\libarm_cortexM4lf_math.a(arm_rfft_fast_f32.o)
 .ARM.attributes
                0x00000453       0x34 ../Middlewares/ST/ARM/DSP/Lib\libarm_cortexM4lf_math.a(arm_cfft_f32.o)
 .ARM.attributes
                0x00000487       0x34 ../Middlewares/ST/ARM/DSP/Lib\libarm_cortexM4lf_math.a(arm_bitreversal2.o)
 .ARM.attributes
                0x000004bb       0x34 ../Middlewares/ST/ARM/DSP/Lib\libarm_cortexM4lf_math.a(arm_cmplx_mag_f32.o)
 .ARM.attributes
                0x000004ef       0x39 ../Middlewares/ST/ARM/DSP/Lib\libarm_cortexM4lf_math.a(arm_common_tables.o)
 .ARM.attributes
                0x00000528       0x34 ../Middlewares/ST/ARM/DSP/Lib\libarm_cortexM4lf_math.a(arm_cfft_init_f32.o)
 .ARM.attributes
                0x0000055c       0x34 ../Middlewares/ST/ARM/DSP/Lib\libarm_cortexM4lf_math.a(arm_cfft_radix8_f32.o)
 .ARM.attributes
                0x00000590       0x39 ../Middlewares/ST/ARM/DSP/Lib\libarm_cortexM4lf_math.a(arm_const_structs.o)
 .ARM.attributes