Archive member included to satisfy reference by file (symbol)

../Middlewares/ST/ARM/DSP/Lib\libarm_cortexM4lf_math.a(arm_rfft_fast_init_f32.o)
                              ./Core/Src/main.o (arm_rfft_fast_init_f32)
../Middlewares/ST/ARM/DSP/Lib\libarm_cortexM4lf_math.a(arm_rfft_fast_f32.o)
                              ./Core/Src/main.o (arm_rfft_fast_f32)
../Middlewares/ST/ARM/DSP/Lib\libarm_cortexM4lf_math.a(arm_cfft_f32.o)
                              ../Middlewares/ST/ARM/DSP/Lib\libarm_cortexM4lf_math.a(arm_rfft_fast_f32.o) (arm_cfft_f32)
../Middlewares/ST/ARM/DSP/Lib\libarm_cortexM4lf_math.a(arm_bitreversal2.o)
                              ../Middlewares/ST/ARM/DSP/Lib\libarm_cortexM4lf_math.a(arm_cfft_f32.o) (arm_bitreversal_32)
../Middlewares/ST/ARM/DSP/Lib\libarm_cortexM4lf_math.a(arm_cmplx_mag_f32.o)
                              ./Core/Src/main.o (arm_cmplx_mag_f32)
../Middlewares/ST/ARM/DSP/Lib\libarm_cortexM4lf_math.a(arm_common_tables.o)
                              ../Middlewares/ST/ARM/DSP/Lib\libarm_cortexM4lf_math.a(arm_rfft_fast_init_f32.o) (twiddleCoef_rfft_4096)
../Middlewares/ST/ARM/DSP/Lib\libarm_cortexM4lf_math.a(arm_cfft_init_f32.o)
                              ../Middlewares/ST/ARM/DSP/Lib\libarm_cortexM4lf_math.a(arm_rfft_fast_init_f32.o) (arm_cfft_init_f32)
../Middlewares/ST/ARM/DSP/Lib\libarm_cortexM4lf_math.a(arm_cfft_radix8_f32.o)
                              ../Middlewares/ST/ARM/DSP/Lib\libarm_cortexM4lf_math.a(arm_cfft_f32.o) (arm_radix8_butterfly_f32)
../Middlewares/ST/ARM/DSP/Lib\libarm_cortexM4lf_math.a(arm_const_structs.o)
                              ../Middlewares/ST/ARM/DSP/Lib\libarm_cortexM4lf_math.a(arm_cfft_init_f32.o) (arm_cfft_sR_f32_len4096)
D:/E/1subject/HK4/VXL_VDK/doan/STM32CubeIDE_1.18.0/STM32CubeIDE/plugins/com.st.stm32cube.ide.mcu.externaltools.gnu-tools-for-stm32.13.3.rel1.win32_1.0.100.202509120712/tools/bin/../lib/gcc/arm-none-eabi/13.3.1/../../../../arm-none-eabi/lib/thumb/v7e-m+fp/hard\libc_nano.a(libc_a-exit.o)
                              D:/E/1subject/HK4/VXL_VDK/doan/STM32CubeIDE_1.18.0/STM32CubeIDE/plugins/com.st.stm32cube.ide.mcu.externaltools.gnu-tools-for-stm32.13.3.rel1.win32_1.0.100.202509120712/tools/bin/../lib/gcc/arm-none-eabi/13.3.1/../../../../arm-none-eabi/lib/thumb/v7e-m+fp/hard/crt0.o (exit)
D:/E/1subject/HK4/VXL_VDK/doan/STM32CubeIDE_1.18.0/STM32CubeIDE/plugins/com.st.stm32cube.ide.mcu.externaltools.gnu-tools-for-stm32.13.3.rel1.win32_1.0.100.202509120712/tools/bin/../lib/gcc/arm-none-eabi/13.3.1/../../../../arm-none-eabi/lib/thumb/v7e-m+fp/hard\libc_nano.a(libc_a-findfp.o)
                              D:/E/1subject/HK4/VXL_VDK/doan/STM32CubeIDE_1.18.0/STM32CubeIDE/plugins/com.st.stm32cube.ide.mcu.externaltools.gnu-tools-for-stm32.13.3.rel1.win32_1.0.100.202509120712/tools/bin/../lib/gcc/arm-none-eabi/13.3.1/../../../../arm-none-eabi/lib/thumb/v7e-m+fp/hard\libc_nano.a(libc_a-exit.o) (__stdio_exit_handler)
D:/E/1subject/HK4/VXL_VDK/doan/STM32CubeIDE_1.18.0/STM32CubeIDE/plugins/com.st.stm32cube.ide.mcu.externaltools.gnu-tools-for-stm32.13.3.rel1.win32_1.0.100.202509120712/tools/bin/../lib/gcc/arm-none-eabi/13.3.1/../../../../arm-none-eabi/lib/thumb/v7e-m+fp/hard\libc_nano.a(libc_a-fwalk.o)
                              D:/E/1subject/HK4/VXL_VDK/doan/STM32CubeIDE_1.18.0/STM32CubeIDE/plugins/com.st.stm32cube.ide.mcu.externaltools.gnu-tools-for-stm32.13.3.rel1.win32_1.0.100.202509120712/tools/bin/../lib/gcc/arm-none-eabi/13.3.1/../../../../arm-none-eabi/lib/thumb/v7e-m+fp/hard\libc_nano.a(libc_a-findfp.o) (_fwalk_sglue)
D:/E/1subject/HK4/VXL_VDK/doan/STM32CubeIDE_1.18.0/STM32CubeIDE/plugins/com.st.stm32cube.ide.mcu.externaltools.gnu-tools-for-stm32.13.3.rel1.win32_1.0.100.202509120712/tools/bin/../lib/gcc/arm-none-eabi/13.3.1/../../../../arm-none-eabi/lib/thumb/v7e-m+fp/hard\libc_nano.a(libc_a-stdio.o)
                              D:/E/1subject/HK4/VXL_VDK/doan/STM32CubeIDE_1.18.0/STM32CubeIDE/plugins/com.st.stm32cube.ide.mcu.externaltools.gnu-tools-for-stm32.13.3.rel1.win32_1.0.100.202509120712/tools/bin/../lib/gcc/arm-none-eabi/13.3.1/../../../../arm-none-eabi/lib/thumb/v7e-m+fp/hard\libc_nano.a(libc_a-findfp.o) (__sread)
D:/E/1subject/HK4/VXL_VDK/doan/STM32CubeIDE_1.18.0/STM32CubeIDE/plugins/com.st.stm32cube.ide.mcu.externaltools.gnu-tools-for-stm32.13.3.rel1.win32_1.0.100.202509120712/tools/bin/../lib/gcc/arm-none-eabi/13.3.1/../../../../arm-none-eabi/lib/thumb/v7e-m+fp/hard\libc_nano.a(libc_a-memset.o)
                              D:/E/1subject/HK4/VXL_VDK/doan/STM32CubeIDE_1.18.0/STM32CubeIDE/plugins/com.st.stm32cube.ide.mcu.externaltools.gnu-tools-for-stm32.13.3.rel1.win32_1.0.100.202509120712/tools/bin/../lib/gcc/arm-none-eabi/13.3.1/../../../../arm-none-eabi/lib/thumb/v7e-m+fp/hard/crt0.o (memset)
[...]
Memory Configuration

Name             Origin             Length             Attributes
CCMRAM           0x10000000         0x00010000         xrw
RAM              0x20000000         0x00020000         xrw
FLASH            0x08000000         0x00080000         xr
*default*        0x00000000         0xffffffff

Linker script and memory map

LOAD D:/E/1subject/HK4/VXL_VDK/doan/STM32CubeIDE_1.18.0/STM32CubeIDE/plugins/com.st.stm32cube.ide.mcu.externaltools.gnu-tools-for-stm32.13.3.rel1.win32_1.0.100.202509120712/tools/bin/../lib/gcc/arm-none-eabi/13.3.1/thumb/v7e-m+fp/hard/crti.o
LOAD D:/E/1subject/HK4/VXL_VDK/doan/STM32CubeIDE_1.18.0/STM32CubeIDE/plugins/com.st.stm32cube.ide.mcu.externaltools.gnu-tools-for-stm32.13.3.rel1.win32_1.0.100.202509120712/tools/bin/../lib/gcc/arm-none-eabi/13.3.1/thumb/v7e-m+fp/hard/crtbegin.o
LOAD D:/E/1subject/HK4/VXL_VDK/doan/STM32CubeIDE_1.18.0/STM32CubeIDE/plugins/com.st.stm32cube.ide.mcu.externaltools.gnu-tools-for-stm32.13.3.rel1.win32_1.0.100.202509120712/tools/bin/../lib/gcc/arm-none-eabi/13.3.1/../../../../arm-none-eabi/lib/thumb/v7e-m+fp/hard/crt0.o
LOAD ./Core/Src/main.o
LOAD ./Core/Src/stm32f4xx_hal_msp.o
LOAD ./Core/Src/stm32f4xx_it.o
LOAD ./Core/Src/syscalls.o
LOAD ./Core/Src/sysmem.o
LOAD ./Core/Src/system_stm32f4xx.o
LOAD ./Core/Startup/startup_stm32f407vetx.o
LOAD ./Drivers/STM32F4xx_HAL_Driver/Src/stm32f4xx_hal.o
LOAD ./Drivers/STM32F4xx_HAL_Driver/Src/stm32f4xx_hal_adc.o
LOAD ./Drivers/STM32F4xx_HAL_Driver/Src/stm32f4xx_hal_adc_ex.o
LOAD ./Drivers/STM32F4xx_HAL_Driver/Src/stm32f4xx_hal_cortex.o
LOAD ./Drivers/STM32F4xx_HAL_Driver/Src/stm32f4xx_hal_dma.o
LOAD ./Drivers/STM32F4xx_HAL_Driver/Src/stm32f4xx_hal_dma_ex.o
LOAD ./Drivers/STM32F4xx_HAL_Driver/Src/stm32f4xx_hal_exti.o
LOAD ./Drivers/STM32F4xx_HAL_Driver/Src/stm32f4xx_hal_flash.o
LOAD ./Drivers/STM32F4xx_HAL_Driver/Src/stm32f4xx_hal_flash_ex.o
LOAD ./Drivers/STM32F4xx_HAL_Driver/Src/stm32f4xx_hal_flash_ramfunc.o
LOAD ./Drivers/STM32F4xx_HAL_Driver/Src/stm32f4xx_hal_gpio.o
LOAD ./Drivers/STM32F4xx_HAL_Driver/Src/stm32f4xx_hal_pwr.o
LOAD ./Drivers/STM32F4xx_HAL_Driver/Src/stm32f4xx_hal_pwr_ex.o
LOAD ./Drivers/STM32F4xx_HAL_Driver/Src/stm32f4xx_hal_rcc.o
LOAD ./Drivers/STM32F4xx_HAL_Driver/Src/stm32f4xx_hal_rcc_ex.o
LOAD ./Drivers/STM32F4xx_HAL_Driver/Src/stm32f4xx_hal_spi.o
LOAD ./Drivers/STM32F4xx_HAL_Driver/Src/stm32f4xx_hal_tim.o
LOAD ./Drivers/STM32F4xx_HAL_Driver/Src/stm32f4xx_hal_tim_ex.o
LOAD ./Drivers/STM32F4xx_HAL_Driver/Src/stm32f4xx_hal_usart.o
LOAD ./Drivers/STM32F4xx_HAL_Driver/Src/stm32f4xx_ll_adc.o
LOAD ../Middlewares/ST/ARM/DSP/Lib\libarm_cortexM4lf_math.a
START GROUP
LOAD D:/E/1subject/HK4/VXL_VDK/doan/STM32CubeIDE_1.18.0/STM32CubeIDE/plugins/com.st.stm32cube.ide.mcu.externaltools.gnu-tools-for-stm32.13.3.rel1.win32_1.0.100.202509120712/tools/bin/../lib/gcc/arm-none-eabi/13.3.1/../../../../arm-none-eabi/lib/thumb/v7e-m+fp/hard\libc_nano.a
LOAD D:/E/1subject/HK4/VXL_VDK/doan/STM32CubeIDE_1.18.0/STM32CubeIDE/plugins/com.st.stm32cube.ide.mcu.externaltools.gnu-tools-for-stm32.13.3.rel1.win32_1.0.100.202509120712/tools/bin/../lib/gcc/arm-none-eabi/13.3.1/../../../../arm-none-eabi/lib/thumb/v7e-m+fp/hard\libm.a
END GROUP
START GROUP
LOAD D:/E/1subject/HK4/VXL_VDK/doan/STM32CubeIDE_1.18.0/STM32CubeIDE/plugins/com.st.stm32cube.ide.mcu.externaltools.gnu-tools-for-stm32.13.3.rel1.win32_1.0.100.202509120712/tools/bin/../lib/gcc/arm-none-eabi/13.3.1/thumb/v7e-m+fp/hard\libgcc.a
LOAD D:/E/1subject/HK4/VXL_VDK/doan/STM32CubeIDE_1.18.0/STM32CubeIDE/plugins/com.st.stm32cube.ide.mcu.externaltools.gnu-tools-for-stm32.13.3.rel1.win32_1.0.100.202509120712/tools/bin/../lib/gcc/arm-none-eabi/13.3.1/../../../../arm-none-eabi/lib/thumb/v7e-m+fp/hard\libc_nano.a
END GROUP
START GROUP
LOAD D:/E/1subject/HK4/VXL_VDK/doan/STM32CubeIDE_1.18.0/STM32CubeIDE/plugins/com.st.stm32cube.ide.mcu.externaltools.gnu-tools-for-stm32.13.3.rel1.win32_1.0.100.202509120712/tools/bin/../lib/gcc/arm-none-eabi/13.3.1/thumb/v7e-m+fp/hard\libgcc.a
LOAD D:/E/1subject/HK4/VXL_VDK/doan/STM32CubeIDE_1.18.0/STM32CubeIDE/plugins/com.st.stm32cube.ide.mcu.externaltools.gnu-tools-for-stm32.13.3.rel1.win32_1.0.100.202509120712/tools/bin/../lib/gcc/arm-none-eabi/13.3.1/../../../../arm-none-eabi/lib/thumb/v7e-m+fp/hard\libc_nano.a
LOAD D:/E/1subject/HK4/VXL_VDK/doan/STM32CubeIDE_1.18.0/STM32CubeIDE/plugins/com.st.stm32cube.ide.mcu.externaltools.gnu-tools-for-stm32.13.3.rel1.win32_1.0.100.202509120712/tools/bin/../lib/gcc/arm-none-eabi/13.3.1/../../../../arm-none-eabi/lib/thumb/v7e-m+fp/hard\libnosys.a
END GROUP
START GROUP
LOAD D:/E/1subject/HK4/VXL_VDK/doan/STM32CubeIDE_1.18.0/STM32CubeIDE/plugins/com.st.stm32cube.ide.mcu.externaltools.gnu-tools-for-stm32.13.3.rel1.win32_1.0.100.202509120712/tools/bin/../lib/gcc/arm-none-eabi/13.3.1/thumb/v7e-m+fp/hard\libgcc.a
LOAD D:/E/1subject/HK4/VXL_VDK/doan/STM32CubeIDE_1.18.0/STM32CubeIDE/plugins/com.st.stm32cube.ide.mcu.externaltools.gnu-tools-for-stm32.13.3.rel1.win32_1.0.100.202509120712/tools/bin/../lib/gcc/arm-none-eabi/13.3.1/../../../../arm-none-eabi/lib/thumb/v7e-m+fp/hard\libc_nano.a
LOAD D:/E/1subject/HK4/VXL_VDK/doan/STM32CubeIDE_1.18.0/STM32CubeIDE/plugins/com.st.stm32cube.ide.mcu.externaltools.gnu-tools-for-stm32.13.3.rel1.win32_1.0.100.202509120712/tools/bin/../lib/gcc/arm-none-eabi/13.3.1/../../../../arm-none-eabi/lib/thumb/v7e-m+fp/hard\libnosys.a
END GROUP
LOAD D:/E/1subject/HK4/VXL_VDK/doan/STM32CubeIDE_1.18.0/STM32CubeIDE/plugins/com.st.stm32cube.ide.mcu.externaltools.gnu-tools-for-stm32.13.3.rel1.win32_1.0.100.202509120712/tools/bin/../lib/gcc/arm-none-eabi/13.3.1/thumb/v7e-m+fp/hard/crtend.o
LOAD D:/E/1subject/HK4/VXL_VDK/doan/STM32CubeIDE_1.18.0/STM32CubeIDE/plugins/com.st.stm32cube.ide.mcu.externaltools.gnu-tools-for-stm32.13.3.rel1.win32_1.0.100.202509120712/tools/bin/../lib/gcc/arm-none-eabi/13.3.1/thumb/v7e-m+fp/hard/crtn.o
                0x20020000                        _estack = (ORIGIN (RAM) + LENGTH (RAM))
                0x00000200                        _Min_Heap_Size = 0x200
                0x00000400                        _Min_Stack_Size = 0x400

.isr_vector     0x08000000      0x188
                0x08000000                        . = ALIGN (0x4)
 *(.isr_vector)
 .isr_vector    0x08000000      0x188 ./Core/Startup/startup_stm32f407vetx.o
                0x08000000                g_pfnVectors
                0x08000188                        . = ALIGN (0x4)

.text           0x08000188     0x620c
                0x08000188                        . = ALIGN (0x4)
 *(.text)
 .text          0x08000188       0x40 D:/E/1subject/HK4/VXL_VDK/doan/STM32CubeIDE_1.18.0/STM32CubeIDE/plugins/com.st.stm32cube.ide.mcu.externaltools.gnu-tools-for-stm32.13.3.rel1.win32_1.0.100.202509120712/tools/bin/../lib/gcc/arm-none-eabi/13.3.1/thumb/v7e-m+fp/hard/crtbegin.o
 .text          0x080001c8       0x30 D:/E/1subject/HK4/VXL_VDK/doan/STM32CubeIDE_1.18.0/STM32CubeIDE/plugins/com.st.stm32cube.ide.mcu.externaltools.gnu-tools-for-stm32.13.3.rel1.win32_1.0.100.202509120712/tools/bin/../lib/gcc/arm-none-eabi/13.3.1/thumb/v7e-m+fp/hard\libgcc.a(_aeabi_uldivmod.o)
                0x080001c8                __aeabi_uldivmod
 .text          0x080001f8      0x2f8 D:/E/1subject/HK4/VXL_VDK/doan/STM32CubeIDE_1.18.0/STM32CubeIDE/plugins/com.st.stm32cube.ide.mcu.externaltools.gnu-tools-for-stm32.13.3.rel1.win32_1.0.100.202509120712/tools/bin/../lib/gcc/arm-none-eabi/13.3.1/thumb/v7e-m+fp/hard\libgcc.a(_udivmoddi4.o)
                0x080001f8                __udivmoddi4
 .text          0x080004f0        0x4 D:/E/1subject/HK4/VXL_VDK/doan/STM32CubeIDE_1.18.0/STM32CubeIDE/plugins/com.st.stm32cube.ide.mcu.externaltools.gnu-tools-for-stm32.13.3.rel1.win32_1.0.100.202509120712/tools/bin/../lib/gcc/arm-none-eabi/13.3.1/thumb/v7e-m+fp/hard\libgcc.a(_dvmd_tls.o)
                0x080004f0                __aeabi_idiv0
                0x080004f0                __aeabi_ldiv0
 *(.text*)
 .text.spi_update
                0x080004f4       0x1c ./Core/Src/main.o
                0x080004f4                spi_update
 .text.spi_set_led
                0x08000510       0x6c ./Core/Src/main.o
                0x08000510                spi_set_led
 .text.usart_set_led
                0x0800057c       0x6c ./Core/Src/main.o
                0x0800057c                usart_set_led
 .text.usart_update
                0x080005e8       0x28 ./Core/Src/main.o
                0x080005e8                usart_update
 .text.led_init
                0x08000610       0xa8 ./Core/Src/main.o
                0x08000610                led_init
 .text.process_audio_data
                0x080006b8      0x1e4 ./Core/Src/main.o
                0x080006b8                process_audio_data
 .text.update_led_smart
                0x0800089c       0xfc ./Core/Src/main.o
                0x0800089c                update_led_smart
 .text.main     0x08000998       0x80 ./Core/Src/main.o
                0x08000998                main
 .text.SystemClock_Config
                0x08000a18       0xd4 ./Core/Src/main.o
                0x08000a18                SystemClock_Config
 .text.MX_ADC1_Init
                0x08000aec       0xa4 ./Core/Src/main.o
 .text.MX_SPI3_Init
                0x08000b90       0x6c ./Core/Src/main.o
 .text.MX_TIM2_Init
                0x08000bfc       0x98 ./Core/Src/main.o
 .text.MX_USART6_Init
                0x08000c94       0x5c ./Core/Src/main.o
 .text.MX_DMA_Init
                0x08000cf0       0x7c ./Core/Src/main.o
 .text.MX_GPIO_Init
                0x08000d6c       0x6c ./Core/Src/main.o
 .text.HAL_SPI_TxCpltCallback
                0x08000dd8       0x14 ./Core/Src/main.o
                0x08000dd8                HAL_SPI_TxCpltCallback
 .text.HAL_ADC_ConvCpltCallback
                0x08000dec       0x34 ./Core/Src/main.o
                0x08000dec                HAL_ADC_ConvCpltCallback
 .text.Error_Handler
                0x08000e20        0xc ./Core/Src/main.o
                0x08000e20                Error_Handler
 .text.HAL_MspInit
                0x08000e2c       0x50 ./Core/Src/stm32f4xx_hal_msp.o
                0x08000e2c                HAL_MspInit
 .text.HAL_ADC_MspInit
                0x08000e7c       0xf0 ./Core/Src/stm32f4xx_hal_msp.o
                0x08000e7c                HAL_ADC_MspInit
 .text.HAL_SPI_MspInit
                0x08000f6c      0x144 ./Core/Src/stm32f4xx_hal_msp.o
                0x08000f6c                HAL_SPI_MspInit
 .text.HAL_TIM_Base_MspInit
                0x080010b0       0x40 ./Core/Src/stm32f4xx_hal_msp.o
                0x080010b0                HAL_TIM_Base_MspInit
 .text.HAL_USART_MspInit
                0x080010f0      0x104 ./Core/Src/stm32f4xx_hal_msp.o
                0x080010f0                HAL_USART_MspInit
 .text.NMI_Handler
                0x080011f4        0x8 ./Core/Src/stm32f4xx_it.o
                0x080011f4                NMI_Handler
 .text.HardFault_Handler
                0x080011fc        0x8 ./Core/Src/stm32f4xx_it.o
                0x080011fc                HardFault_Handler
 .text.MemManage_Handler
                0x08001204        0x8 ./Core/Src/stm32f4xx_it.o
                0x08001204                MemManage_Handler
 .text.BusFault_Handler
                0x0800120c        0x8 ./Core/Src/stm32f4xx_it.o
                0x0800120c                BusFault_Handler
 .text.UsageFault_Handler
                0x08001214        0x8 ./Core/Src/stm32f4xx_it.o
                0x08001214                UsageFault_Handler
 .text.SVC_Handler
                0x0800121c        0xe ./Core/Src/stm32f4xx_it.o
                0x0800121c                SVC_Handler
 .text.DebugMon_Handler
                0x0800122a        0xe ./Core/Src/stm32f4xx_it.o
                0x0800122a                DebugMon_Handler
 .text.PendSV_Handler
                0x08001238        0xe ./Core/Src/stm32f4xx_it.o
                0x08001238                PendSV_Handler
 .text.SysTick_Handler
                0x08001246        0xc ./Core/Src/stm32f4xx_it.o
                0x08001246                SysTick_Handler
 *fill*         0x08001252        0x2 
 .text.DMA1_Stream5_IRQHandler
                0x08001254       0x14 ./Core/Src/stm32f4xx_it.o
                0x08001254                DMA1_Stream5_IRQHandler
 .text.SPI3_IRQHandler
                0x08001268       0x14 ./Core/Src/stm32f4xx_it.o
                0x08001268                SPI3_IRQHandler
 .text.DMA2_Stream0_IRQHandler
                0x0800127c       0x14 ./Core/Src/stm32f4xx_it.o
                0x0800127c                DMA2_Stream0_IRQHandler
 .text.DMA2_Stream6_IRQHandler
                0x08001290       0x14 ./Core/Src/stm32f4xx_it.o
                0x08001290                DMA2_Stream6_IRQHandler
 .text.USART6_IRQHandler
                0x080012a4       0x14 ./Core/Src/stm32f4xx_it.o
                0x080012a4                USART6_IRQHandler
 .text.SystemInit
                0x080012b8       0x24 ./Core/Src/system_stm32f4xx.o
                0x080012b8                SystemInit
 .text.Reset_Handler
                0x080012dc       0x50 ./Core/Startup/startup_stm32f407vetx.o
                0x080012dc                Reset_Handler
 .text.Default_Handler
                0x0800132c        0x2 ./Core/Startup/startup_stm32f407vetx.o
                0x0800132c                RTC_Alarm_IRQHandler
                0x0800132c                HASH_RNG_IRQHandler
                0x0800132c                EXTI2_IRQHandler
                0x0800132c                TIM8_CC_IRQHandler
                0x0800132c                TIM1_CC_IRQHandler
                0x0800132c                DMA2_Stream5_IRQHandler
                0x0800132c                PVD_IRQHandler
                0x0800132c                SDIO_IRQHandler
                0x0800132c                TAMP_STAMP_IRQHandler
                0x0800132c                CAN2_RX1_IRQHandler
                0x0800132c                EXTI3_IRQHandler
                0x0800132c                TIM8_TRG_COM_TIM14_IRQHandler
                0x0800132c                TIM1_UP_TIM10_IRQHandler
                0x0800132c                TIM8_UP_TIM13_IRQHandler
                0x0800132c                I2C3_ER_IRQHandler
                0x0800132c                EXTI0_IRQHandler
                0x0800132c                I2C2_EV_IRQHandler
                0x0800132c                DMA1_Stream2_IRQHandler
                0x0800132c                CAN1_RX0_IRQHandler
                0x0800132c                FPU_IRQHandler
                0x0800132c                OTG_HS_WKUP_IRQHandler
                0x0800132c                CAN2_SCE_IRQHandler
                0x0800132c                DMA2_Stream2_IRQHandler
                0x0800132c                SPI1_IRQHandler
                0x0800132c                TIM6_DAC_IRQHandler
                0x0800132c                TIM1_BRK_TIM9_IRQHandler
                0x0800132c                DCMI_IRQHandler
                0x0800132c                CAN2_RX0_IRQHandler
                0x0800132c                DMA2_Stream3_IRQHandler
                0x0800132c                USART3_IRQHandler
                0x0800132c                CAN1_RX1_IRQHandler
                0x0800132c                UART5_IRQHandler
                0x0800132c                TIM4_IRQHandler
                0x0800132c                I2C1_EV_IRQHandler
                0x0800132c                DMA1_Stream6_IRQHandler
                0x0800132c                DMA1_Stream1_IRQHandler
                0x0800132c                UART4_IRQHandler
                0x0800132c                TIM3_IRQHandler
                0x0800132c                RCC_IRQHandler
                0x0800132c                TIM8_BRK_TIM12_IRQHandler
                0x0800132c                Default_Handler
                0x0800132c                EXTI15_10_IRQHandler
                0x0800132c                ADC_IRQHandler
                0x0800132c                DMA1_Stream7_IRQHandler
                0x0800132c                TIM7_IRQHandler
                0x0800132c                CAN2_TX_IRQHandler
                0x0800132c                TIM5_IRQHandler
                0x0800132c                DMA2_Stream7_IRQHandler
                0x0800132c                I2C3_EV_IRQHandler
                0x0800132c                EXTI9_5_IRQHandler
                0x0800132c                RTC_WKUP_IRQHandler
                0x0800132c                ETH_WKUP_IRQHandler
                0x0800132c                SPI2_IRQHandler
                0x0800132c                OTG_HS_EP1_IN_IRQHandler
                0x0800132c                DMA1_Stream0_IRQHandler
                0x0800132c                CAN1_TX_IRQHandler
                0x0800132c                EXTI4_IRQHandler
                0x0800132c                FSMC_IRQHandler
                0x0800132c                ETH_IRQHandler
                0x0800132c                OTG_HS_EP1_OUT_IRQHandler
                0x0800132c                WWDG_IRQHandler
                0x0800132c                TIM2_IRQHandler
                0x0800132c                OTG_FS_WKUP_IRQHandler
                0x0800132c                TIM1_TRG_COM_TIM11_IRQHandler
                0x0800132c                OTG_HS_IRQHandler
                0x0800132c                EXTI1_IRQHandler
                0x0800132c                USART2_IRQHandler
                0x0800132c                I2C2_ER_IRQHandler
                0x0800132c                DMA2_Stream1_IRQHandler
                0x0800132c                CAN1_SCE_IRQHandler
                0x0800132c                FLASH_IRQHandler
                0x0800132c                DMA2_Stream4_IRQHandler
                0x0800132c                USART1_IRQHandler
                0x0800132c                OTG_FS_IRQHandler
                0x0800132c                DMA1_Stream4_IRQHandler
                0x0800132c                I2C1_ER_IRQHandler
                0x0800132c                DMA1_Stream3_IRQHandler
 *fill*         0x0800132e        0x2 
 .text.HAL_Init
                0x08001330       0x44 ./Drivers/STM32F4xx_HAL_Driver/Src/stm32f4xx_hal.o
                0x08001330                HAL_Init
 .text.HAL_InitTick
                0x08001374       0x60 ./Drivers/STM32F4xx_HAL_Driver/Src/stm32f4xx_hal.o
                0x08001374                HAL_InitTick
 .text.HAL_IncTick
                0x080013d4       0x28 ./Drivers/STM32F4xx_HAL_Driver/Src/stm32f4xx_hal.o
                0x080013d4                HAL_IncTick
 .text.HAL_GetTick
                0x080013fc       0x18 ./Drivers/STM32F4xx_HAL_Driver/Src/stm32f4xx_hal.o
                0x080013fc                HAL_GetTick
 .text.HAL_ADC_Init
                0x08001414       0x86 ./Drivers/STM32F4xx_HAL_Driver/Src/stm32f4xx_hal_adc.o
                0x08001414                HAL_ADC_Init
 *fill*         0x0800149a        0x2 
 .text.HAL_ADC_Start_DMA
                0x0800149c      0x228 ./Drivers/STM32F4xx_HAL_Driver/Src/stm32f4xx_hal_adc.o
                0x0800149c                HAL_ADC_Start_DMA
 .text.HAL_ADC_Stop_DMA
                0x080016c4       0xb4 ./Drivers/STM32F4xx_HAL_Driver/Src/stm32f4xx_hal_adc.o
                0x080016c4                HAL_ADC_Stop_DMA
 .text.HAL_ADC_ConvHalfCpltCallback
                0x08001778       0x14 ./Drivers/STM32F4xx_HAL_Driver/Src/stm32f4xx_hal_adc.o
                0x08001778                HAL_ADC_ConvHalfCpltCallback
 .text.HAL_ADC_ErrorCallback
                0x0800178c       0x14 ./Drivers/STM32F4xx_HAL_Driver/Src/stm32f4xx_hal_adc.o
                0x0800178c                HAL_ADC_ErrorCallback
 .text.HAL_ADC_ConfigChannel
                0x080017a0      0x244 ./Drivers/STM32F4xx_HAL_Driver/Src/stm32f4xx_hal_adc.o
                0x080017a0                HAL_ADC_ConfigChannel
 .text.ADC_Init
                0x080019e4      0x1f8 ./Drivers/STM32F4xx_HAL_Driver/Src/stm32f4xx_hal_adc.o
 .text.ADC_DMAConvCplt
                0x08001bdc       0xba ./Drivers/STM32F4xx_HAL_Driver/Src/stm32f4xx_hal_adc.o
 .text.ADC_DMAHalfConvCplt
                0x08001c96       0x1c ./Drivers/STM32F4xx_HAL_Driver/Src/stm32f4xx_hal_adc.o
 .text.ADC_DMAError
                0x08001cb2       0x2e ./Drivers/STM32F4xx_HAL_Driver/Src/stm32f4xx_hal_adc.o
 .text.__NVIC_SetPriorityGrouping
                0x08001ce0       0x48 ./Drivers/STM32F4xx_HAL_Driver/Src/stm32f4xx_hal_cortex.o
 .text.__NVIC_GetPriorityGrouping
                0x08001d28       0x1c ./Drivers/STM32F4xx_HAL_Driver/Src/stm32f4xx_hal_cortex.o
 .text.__NVIC_EnableIRQ
                0x08001d44       0x3c ./Drivers/STM32F4xx_HAL_Driver/Src/stm32f4xx_hal_cortex.o
 .text.__NVIC_SetPriority
                0x08001d80       0x54 ./Drivers/STM32F4xx_HAL_Driver/Src/stm32f4xx_hal_cortex.o
 .text.NVIC_EncodePriority
                0x08001dd4       0x66 ./Drivers/STM32F4xx_HAL_Driver/Src/stm32f4xx_hal_cortex.o
 *fill*         0x08001e3a        0x2 
 .text.SysTick_Config
                0x08001e3c       0x44 ./Drivers/STM32F4xx_HAL_Driver/Src/stm32f4xx_hal_cortex.o
 .text.HAL_NVIC_SetPriorityGrouping
                0x08001e80       0x16 ./Drivers/STM32F4xx_HAL_Driver/Src/stm32f4xx_hal_cortex.o
                0x08001e80                HAL_NVIC_SetPriorityGrouping
 .text.HAL_NVIC_SetPriority
                0x08001e96       0x38 ./Drivers/STM32F4xx_HAL_Driver/Src/stm32f4xx_hal_cortex.o
                0x08001e96                HAL_NVIC_SetPriority
 .text.HAL_NVIC_EnableIRQ
                0x08001ece       0x1c ./Drivers/STM32F4xx_HAL_Driver/Src/stm32f4xx_hal_cortex.o
                0x08001ece                HAL_NVIC_EnableIRQ
 .text.HAL_SYSTICK_Config
                0x08001eea       0x18 ./Drivers/STM32F4xx_HAL_Driver/Src/stm32f4xx_hal_cortex.o
                0x08001eea                HAL_SYSTICK_Config
 *fill*         0x08001f02        0x2 
 .text.HAL_DMA_Init
                0x08001f04      0x15c ./Drivers/STM32F4xx_HAL_Driver/Src/stm32f4xx_hal_dma.o
                0x08001f04                HAL_DMA_Init
 .text.HAL_DMA_Start_IT
                0x08002060       0xb0 ./Drivers/STM32F4xx_HAL_Driver/Src/stm32f4xx_hal_dma.o
                0x08002060                HAL_DMA_Start_IT
 .text.HAL_DMA_Abort
                0x08002110       0xe0 ./Drivers/STM32F4xx_HAL_Driver/Src/stm32f4xx_hal_dma.o
                0x08002110                HAL_DMA_Abort
 .text.HAL_DMA_Abort_IT
                0x080021f0       0x44 ./Drivers/STM32F4xx_HAL_Driver/Src/stm32f4xx_hal_dma.o
                0x080021f0                HAL_DMA_Abort_IT
 .text.HAL_DMA_IRQHandler
                0x08002234      0x314 ./Drivers/STM32F4xx_HAL_Driver/Src/stm32f4xx_hal_dma.o
                0x08002234                HAL_DMA_IRQHandler
 .text.DMA_SetConfig
                0x08002548       0x5c ./Drivers/STM32F4xx_HAL_Driver/Src/stm32f4xx_hal_dma.o
 .text.DMA_CalcBaseAndBitshift
                0x080025a4       0x6c ./Drivers/STM32F4xx_HAL_Driver/Src/stm32f4xx_hal_dma.o
 .text.DMA_CheckFifoParam
                0x08002610       0xf8 ./Drivers/STM32F4xx_HAL_Driver/Src/stm32f4xx_hal_dma.o
 .text.HAL_GPIO_Init
                0x08002708      0x338 ./Drivers/STM32F4xx_HAL_Driver/Src/stm32f4xx_hal_gpio.o
                0x08002708                HAL_GPIO_Init
 .text.HAL_RCC_OscConfig
                0x08002a40      0x4f0 ./Drivers/STM32F4xx_HAL_Driver/Src/stm32f4xx_hal_rcc.o
                0x08002a40                HAL_RCC_OscConfig
 .text.HAL_RCC_ClockConfig
                0x08002f30      0x1cc ./Drivers/STM32F4xx_HAL_Driver/Src/stm32f4xx_hal_rcc.o
                0x08002f30                HAL_RCC_ClockConfig
 .text.HAL_RCC_GetSysClockFreq
                0x080030fc      0x18c ./Drivers/STM32F4xx_HAL_Driver/Src/stm32f4xx_hal_rcc.o
                0x080030fc                HAL_RCC_GetSysClockFreq
 .text.HAL_RCC_GetHCLKFreq
                0x08003288       0x18 ./Drivers/STM32F4xx_HAL_Driver/Src/stm32f4xx_hal_rcc.o
                0x08003288                HAL_RCC_GetHCLKFreq
 .text.HAL_RCC_GetPCLK1Freq
                0x080032a0       0x28 ./Drivers/STM32F4xx_HAL_Driver/Src/stm32f4xx_hal_rcc.o
                0x080032a0                HAL_RCC_GetPCLK1Freq
 .text.HAL_RCC_GetPCLK2Freq
                0x080032c8       0x28 ./Drivers/STM32F4xx_HAL_Driver/Src/stm32f4xx_hal_rcc.o
                0x080032c8                HAL_RCC_GetPCLK2Freq
 .text.HAL_SPI_Init
                0x080032f0      0x112 ./Drivers/STM32F4xx_HAL_Driver/Src/stm32f4xx_hal_spi.o
                0x080032f0                HAL_SPI_Init
 *fill*         0x08003402        0x2 
 .text.HAL_SPI_Transmit_DMA
                0x08003404      0x164 ./Drivers/STM32F4xx_HAL_Driver/Src/stm32f4xx_hal_spi.o
                0x08003404                HAL_SPI_Transmit_DMA
 .text.HAL_SPI_IRQHandler
                0x08003568      0x200 ./Drivers/STM32F4xx_HAL_Driver/Src/stm32f4xx_hal_spi.o
                0x08003568                HAL_SPI_IRQHandler
 .text.HAL_SPI_TxHalfCpltCallback
                0x08003768       0x14 ./Drivers/STM32F4xx_HAL_Driver/Src/stm32f4xx_hal_spi.o
                0x08003768                HAL_SPI_TxHalfCpltCallback
 .text.HAL_SPI_ErrorCallback
                0x0800377c       0x14 ./Drivers/STM32F4xx_HAL_Driver/Src/stm32f4xx_hal_spi.o
                0x0800377c                HAL_SPI_ErrorCallback
 .text.SPI_DMATransmitCplt
                0x08003790       0xa8 ./Drivers/STM32F4xx_HAL_Driver/Src/stm32f4xx_hal_spi.o
 .text.SPI_DMAHalfTransmitCplt
                0x08003838       0x1c ./Drivers/STM32F4xx_HAL_Driver/Src/stm32f4xx_hal_spi.o
 .text.SPI_DMAError
                0x08003854       0x40 ./Drivers/STM32F4xx_HAL_Driver/Src/stm32f4xx_hal_spi.o
 .text.SPI_DMAAbortOnError
                0x08003894       0x28 ./Drivers/STM32F4xx_HAL_Driver/Src/stm32f4xx_hal_spi.o
 .text.SPI_WaitFlagStateUntilTimeout
                0x080038bc      0x110 ./Drivers/STM32F4xx_HAL_Driver/Src/stm32f4xx_hal_spi.o
 .text.SPI_EndRxTxTransaction
                0x080039cc       0xa8 ./Drivers/STM32F4xx_HAL_Driver/Src/stm32f4xx_hal_spi.o
 .text.HAL_TIM_Base_Init
                0x08003a74       0x9e ./Drivers/STM32F4xx_HAL_Driver/Src/stm32f4xx_hal_tim.o
                0x08003a74                HAL_TIM_Base_Init
 *fill*         0x08003b12        0x2 
 .text.HAL_TIM_Base_Start
                0x08003b14       0xd0 ./Drivers/STM32F4xx_HAL_Driver/Src/stm32f4xx_hal_tim.o
                0x08003b14                HAL_TIM_Base_Start
 .text.HAL_TIM_ConfigClockSource
                0x08003be4      0x18e ./Drivers/STM32F4xx_HAL_Driver/Src/stm32f4xx_hal_tim.o
                0x08003be4                HAL_TIM_ConfigClockSource
 *fill*         0x08003d72        0x2 
 .text.TIM_Base_SetConfig
                0x08003d74      0x14c ./Drivers/STM32F4xx_HAL_Driver/Src/stm32f4xx_hal_tim.o
                0x08003d74                TIM_Base_SetConfig
 .text.TIM_TI1_ConfigInputStage
                0x08003ec0       0x5e ./Drivers/STM32F4xx_HAL_Driver/Src/stm32f4xx_hal_tim.o
 .text.TIM_TI2_ConfigInputStage
                0x08003f1e       0x60 ./Drivers/STM32F4xx_HAL_Driver/Src/stm32f4xx_hal_tim.o
 .text.TIM_ITRx_SetConfig
                0x08003f7e       0x36 ./Drivers/STM32F4xx_HAL_Driver/Src/stm32f4xx_hal_tim.o
 .text.TIM_ETR_SetConfig
                0x08003fb4       0x40 ./Drivers/STM32F4xx_HAL_Driver/Src/stm32f4xx_hal_tim.o
                0x08003fb4                TIM_ETR_SetConfig
 .text.HAL_TIMEx_MasterConfigSynchronization
                0x08003ff4       0xf8 ./Drivers/STM32F4xx_HAL_Driver/Src/stm32f4xx_hal_tim_ex.o
                0x08003ff4                HAL_TIMEx_MasterConfigSynchronization
 .text.HAL_USART_Init
                0x080040ec       0x82 ./Drivers/STM32F4xx_HAL_Driver/Src/stm32f4xx_hal_usart.o
                0x080040ec                HAL_USART_Init
 *fill*         0x0800416e        0x2 
 .text.HAL_USART_Transmit_DMA
                0x08004170      0x100 ./Drivers/STM32F4xx_HAL_Driver/Src/stm32f4xx_hal_usart.o
                0x08004170                HAL_USART_Transmit_DMA
 .text.HAL_USART_IRQHandler
                0x08004270      0x23c ./Drivers/STM32F4xx_HAL_Driver/Src/stm32f4xx_hal_usart.o
                0x08004270                HAL_USART_IRQHandler
 .text.HAL_USART_TxCpltCallback
                0x080044ac       0x14 ./Drivers/STM32F4xx_HAL_Driver/Src/stm32f4xx_hal_usart.o
                0x080044ac                HAL_USART_TxCpltCallback
 .text.HAL_USART_TxHalfCpltCallback
                0x080044c0       0x14 ./Drivers/STM32F4xx_HAL_Driver/Src/stm32f4xx_hal_usart.o
                0x080044c0                HAL_USART_TxHalfCpltCallback
 .text.HAL_USART_RxCpltCallback
                0x080044d4       0x14 ./Drivers/STM32F4xx_HAL_Driver/Src/stm32f4xx_hal_usart.o
                0x080044d4                HAL_USART_RxCpltCallback
 .text.HAL_USART_TxRxCpltCallback
                0x080044e8       0x14 ./Drivers/STM32F4xx_HAL_Driver/Src/stm32f4xx_hal_usart.o
                0x080044e8                HAL_USART_TxRxCpltCallback
 .text.HAL_USART_ErrorCallback
                0x080044fc       0x14 ./Drivers/STM32F4xx_HAL_Driver/Src/stm32f4xx_hal_usart.o
                0x080044fc                HAL_USART_ErrorCallback
 .text.HAL_USART_GetState
                0x08004510       0x1c ./Drivers/STM32F4xx_HAL_Driver/Src/stm32f4xx_hal_usart.o
                0x08004510                HAL_USART_GetState
 .text.USART_DMATransmitCplt
                0x0800452c       0x6a ./Drivers/STM32F4xx_HAL_Driver/Src/stm32f4xx_hal_usart.o
 .text.USART_DMATxHalfCplt
                0x08004596       0x1c ./Drivers/STM32F4xx_HAL_Driver/Src/stm32f4xx_hal_usart.o
 .text.USART_DMAError
                0x080045b2       0x9c ./Drivers/STM32F4xx_HAL_Driver/Src/stm32f4xx_hal_usart.o
 .text.USART_EndTxTransfer
                0x0800464e       0x2c ./Drivers/STM32F4xx_HAL_Driver/Src/stm32f4xx_hal_usart.o
 .text.USART_EndRxTransfer
                0x0800467a       0x3c ./Drivers/STM32F4xx_HAL_Driver/Src/stm32f4xx_hal_usart.o
 .text.USART_DMAAbortOnError
                0x080046b6       0x28 ./Drivers/STM32F4xx_HAL_Driver/Src/stm32f4xx_hal_usart.o
 .text.USART_Transmit_IT
                0x080046de       0xa0 ./Drivers/STM32F4xx_HAL_Driver/Src/stm32f4xx_hal_usart.o
 .text.USART_EndTransmit_IT
                0x0800477e       0x40 ./Drivers/STM32F4xx_HAL_Driver/Src/stm32f4xx_hal_usart.o
 .text.USART_Receive_IT
                0x080047be      0x10c ./Drivers/STM32F4xx_HAL_Driver/Src/stm32f4xx_hal_usart.o
 .text.USART_TransmitReceive_IT
                0x080048ca      0x19a ./Drivers/STM32F4xx_HAL_Driver/Src/stm32f4xx_hal_usart.o
 .text.USART_SetConfig
                0x08004a64      0x530 ./Drivers/STM32F4xx_HAL_Driver/Src/stm32f4xx_hal_usart.o
 .text.arm_rfft_32_fast_init_f32
                0x08004f94       0x24 ../Middlewares/ST/ARM/DSP/Lib\libarm_cortexM4lf_math.a(arm_rfft_fast_init_f32.o)
 .text.arm_rfft_64_fast_init_f32
                0x08004fb8       0x24 ../Middlewares/ST/ARM/DSP/Lib\libarm_cortexM4lf_math.a(arm_rfft_fast_init_f32.o)
 .text.arm_rfft_128_fast_init_f32
                0x08004fdc       0x24 ../Middlewares/ST/ARM/DSP/Lib\libarm_cortexM4lf_math.a(arm_rfft_fast_init_f32.o)
 .text.arm_rfft_256_fast_init_f32
                0x08005000       0x24 ../Middlewares/ST/ARM/DSP/Lib\libarm_cortexM4lf_math.a(arm_rfft_fast_init_f32.o)
 .text.arm_rfft_512_fast_init_f32
                0x08005024       0x28 ../Middlewares/ST/ARM/DSP/Lib\libarm_cortexM4lf_math.a(arm_rfft_fast_init_f32.o)
 .text.arm_rfft_1024_fast_init_f32
                0x0800504c       0x28 ../Middlewares/ST/ARM/DSP/Lib\libarm_cortexM4lf_math.a(arm_rfft_fast_init_f32.o)
 .text.arm_rfft_2048_fast_init_f32
                0x08005074       0x28 ../Middlewares/ST/ARM/DSP/Lib\libarm_cortexM4lf_math.a(arm_rfft_fast_init_f32.o)
 .text.arm_rfft_4096_fast_init_f32
                0x0800509c       0x28 ../Middlewares/ST/ARM/DSP/Lib\libarm_cortexM4lf_math.a(arm_rfft_fast_init_f32.o)
 .text.arm_rfft_fast_init_f32
                0x080050c4       0x74 ../Middlewares/ST/ARM/DSP/Lib\libarm_cortexM4lf_math.a(arm_rfft_fast_init_f32.o)
                0x080050c4                arm_rfft_fast_init_f32
 .text.stage_rfft_f32
                0x08005138       0xb4 ../Middlewares/ST/ARM/DSP/Lib\libarm_cortexM4lf_math.a(arm_rfft_fast_f32.o)
                0x08005138                stage_rfft_f32
 .text.merge_rfft_f32
                0x080051ec       0xac ../Middlewares/ST/ARM/DSP/Lib\libarm_cortexM4lf_math.a(arm_rfft_fast_f32.o)
                0x080051ec                merge_rfft_f32
 .text.arm_rfft_fast_f32
                0x08005298       0x38 ../Middlewares/ST/ARM/DSP/Lib\libarm_cortexM4lf_math.a(arm_rfft_fast_f32.o)
                0x08005298                arm_rfft_fast_f32
 .text.arm_cfft_radix8by2_f32
                0x080052d0      0x1a4 ../Middlewares/ST/ARM/DSP/Lib\libarm_cortexM4lf_math.a(arm_cfft_f32.o)
                0x080052d0                arm_cfft_radix8by2_f32
 .text.arm_cfft_radix8by4_f32
                0x08005474      0x4ac ../Middlewares/ST/ARM/DSP/Lib\libarm_cortexM4lf_math.a(arm_cfft_f32.o)
                0x08005474                arm_cfft_radix8by4_f32
 .text.arm_cfft_f32
                0x08005920       0xf0 ../Middlewares/ST/ARM/DSP/Lib\libarm_cortexM4lf_math.a(arm_cfft_f32.o)
                0x08005920                arm_cfft_f32
 .text.arm_bitreversal_32
                0x08005a10       0x40 ../Middlewares/ST/ARM/DSP/Lib\libarm_cortexM4lf_math.a(arm_bitreversal2.o)
                0x08005a10                arm_bitreversal_32
 .text.arm_cmplx_mag_f32
                0x08005a50      0x248 ../Middlewares/ST/ARM/DSP/Lib\libarm_cortexM4lf_math.a(arm_cmplx_mag_f32.o)
                0x08005a50                arm_cmplx_mag_f32
 .text.arm_cfft_init_f32
                0x08005c98       0xa4 ../Middlewares/ST/ARM/DSP/Lib\libarm_cortexM4lf_math.a(arm_cfft_init_f32.o)
                0x08005c98                arm_cfft_init_f32
 .text.arm_radix8_butterfly_f32
                0x08005d3c      0x598 ../Middlewares/ST/ARM/DSP/Lib\libarm_cortexM4lf_math.a(arm_cfft_radix8_f32.o)
                0x08005d3c                arm_radix8_butterfly_f32
 .text.memset   0x080062d4       0x10 D:/E/1subject/HK4/VXL_VDK/doan/STM32CubeIDE_1.18.0/STM32CubeIDE/plugins/com.st.stm32cube.ide.mcu.externaltools.gnu-tools-for-stm32.13.3.rel1.win32_1.0.100.202509120712/tools/bin/../lib/gcc/arm-none-eabi/13.3.1/../../../../arm-none-eabi/lib/thumb/v7e-m+fp/hard\libc_nano.a(libc_a-memset.o)
                0x080062d4                memset
 .text.__errno  0x080062e4        0xc D:/E/1subject/HK4/VXL_VDK/doan/STM32CubeIDE_1.18.0/STM32CubeIDE/plugins/com.st.stm32cube.ide.mcu.externaltools.gnu-tools-for-stm32.13.3.rel1.win32_1.0.100.202509120712/tools/bin/../lib/gcc/arm-none-eabi/13.3.1/../../../../arm-none-eabi/lib/thumb/v7e-m+fp/hard\libc_nano.a(libc_a-errno.o)
                0x080062e4                __errno
 .text.__libc_init_array
                0x080062f0       0x48 D:/E/1subject/HK4/VXL_VDK/doan/STM32CubeIDE_1.18.0/STM32CubeIDE/plugins/com.st.stm32cube.ide.mcu.externaltools.gnu-tools-for-stm32.13.3.rel1.win32_1.0.100.202509120712/tools/bin/../lib/gcc/arm-none-eabi/13.3.1/../../../../arm-none-eabi/lib/thumb/v7e-m+fp/hard\libc_nano.a(libc_a-init.o)
                0x080062f0                __libc_init_array
 .text.sqrtf    0x08006338       0x3c D:/E/1subject/HK4/VXL_VDK/doan/STM32CubeIDE_1.18.0/STM32CubeIDE/plugins/com.st.stm32cube.ide.mcu.externaltools.gnu-tools-for-stm32.13.3.rel1.win32_1.0.100.202509120712/tools/bin/../lib/gcc/arm-none-eabi/13.3.1/../../../../arm-none-eabi/lib/thumb/v7e-m+fp/hard\libm.a(libm_a-wf_sqrt.o)
                0x08006338                sqrtf
 .text.__ieee754_sqrtf
                0x08006374        0x6 D:/E/1subject/HK4/VXL_VDK/doan/STM32CubeIDE_1.18.0/STM32CubeIDE/plugins/com.st.stm32cube.ide.mcu.externaltools.gnu-tools-for-stm32.13.3.rel1.win32_1.0.100.202509120712/tools/bin/../lib/gcc/arm-none-eabi/13.3.1/../../../../arm-none-eabi/lib/thumb/v7e-m+fp/hard\libm.a(libm_a-ef_sqrt.o)
                0x08006374                __ieee754_sqrtf
 *(.glue_7)
 .glue_7        0x0800637a        0x0 linker stubs
 *(.glue_7t)
 .glue_7t       0x0800637a        0x0 linker stubs
 *(.eh_frame)
 *fill*         0x0800637a        0x2 
 .eh_frame      0x0800637c        0x0 D:/E/1subject/HK4/VXL_VDK/doan/STM32CubeIDE_1.18.0/STM32CubeIDE/plugins/com.st.stm32cube.ide.mcu.externaltools.gnu-tools-for-stm32.13.3.rel1.win32_1.0.100.202509120712/tools/bin/../lib/gcc/arm-none-eabi/13.3.1/thumb/v7e-m+fp/hard/crtbegin.o
 *(.init)
 .init          0x0800637c        0x4 D:/E/1subject/HK4/VXL_VDK/doan/STM32CubeIDE_1.18.0/STM32CubeIDE/plugins/com.st.stm32cube.ide.mcu.externaltools.gnu-tools-for-stm32.13.3.rel1.win32_1.0.100.202509120712/tools/bin/../lib/gcc/arm-none-eabi/13.3.1/thumb/v7e-m+fp/hard/crti.o
                0x0800637c                _init
 .init          0x08006380        0x8 D:/E/1subject/HK4/VXL_VDK/doan/STM32CubeIDE_1.18.0/STM32CubeIDE/plugins/com.st.stm32cube.ide.mcu.externaltools.gnu-tools-for-stm32.13.3.rel1.win32_1.0.100.202509120712/tools/bin/../lib/gcc/arm-none-eabi/13.3.1/thumb/v7e-m+fp/hard/crtn.o
 *(.fini)
 .fini          0x08006388        0x4 D:/E/1subject/HK4/VXL_VDK/doan/STM32CubeIDE_1.18.0/STM32CubeIDE/plugins/com.st.stm32cube.ide.mcu.externaltools.gnu-tools-for-stm32.13.3.rel1.win32_1.0.100.202509120712/tools/bin/../lib/gcc/arm-none-eabi/13.3.1/thumb/v7e-m+fp/hard/crti.o
                0x08006388                _fini
 .fini          0x0800638c        0x8 D:/E/1subject/HK4/VXL_VDK/doan/STM32CubeIDE_1.18.0/STM32CubeIDE/plugins/com.st.stm32cube.ide.mcu.externaltools.gnu-tools-for-stm32.13.3.rel1.win32_1.0.100.202509120712/tools/bin/../lib/gcc/arm-none-eabi/13.3.1/thumb/v7e-m+fp/hard/crtn.o
                0x08006394                        . = ALIGN (0x4)
                0x08006394                        _etext = .

.vfp11_veneer   0x08006394        0x0
 .vfp11_veneer  0x08006394        0x0 linker stubs

.v4_bx          0x08006394        0x0
 .v4_bx         0x08006394        0x0 linker stubs

.iplt           0x08006394        0x0
 .iplt          0x08006394        0x0 D:/E/1subject/HK4/VXL_VDK/doan/STM32CubeIDE_1.18.0/STM32CubeIDE/plugins/com.st.stm32cube.ide.mcu.externaltools.gnu-tools-for-stm32.13.3.rel1.win32_1.0.100.202509120712/tools/bin/../lib/gcc/arm-none-eabi/13.3.1/thumb/v7e-m+fp/hard/crtbegin.o

.rodata         0x08006394    0x1d488
                0x08006394                        . = ALIGN (0x4)
 *(.rodata)
 *(.rodata*)
 .rodata.AHBPrescTable
                0x08006394       0x10 ./Core/Src/system_stm32f4xx.o
                0x08006394                AHBPrescTable
 .rodata.APBPrescTable
                0x080063a4        0x8 ./Core/Src/system_stm32f4xx.o
                0x080063a4                APBPrescTable
 .rodata.flagBitshiftOffset.0
                0x080063ac        0x8 ./Drivers/STM32F4xx_HAL_Driver/Src/stm32f4xx_hal_dma.o
 .rodata.armBitRevIndexTable1024
                0x080063b4      0xe10 ../Middlewares/ST/ARM/DSP/Lib\libarm_cortexM4lf_math.a(arm_common_tables.o)
                0x080063b4                armBitRevIndexTable1024
 .rodata.armBitRevIndexTable128
                0x080071c4      0x1a0 ../Middlewares/ST/ARM/DSP/Lib\libarm_cortexM4lf_math.a(arm_common_tables.o)
                0x080071c4                armBitRevIndexTable128
 .rodata.armBitRevIndexTable16
                0x08007364       0x28 ../Middlewares/ST/ARM/DSP/Lib\libarm_cortexM4lf_math.a(arm_common_tables.o)
                0x08007364                armBitRevIndexTable16
 .rodata.armBitRevIndexTable2048
                0x0800738c     0x1dc0 ../Middlewares/ST/ARM/DSP/Lib\libarm_cortexM4lf_math.a(arm_common_tables.o)
                0x0800738c                armBitRevIndexTable2048
 .rodata.armBitRevIndexTable256
                0x0800914c      0x370 ../Middlewares/ST/ARM/DSP/Lib\libarm_cortexM4lf_math.a(arm_common_tables.o)
                0x0800914c                armBitRevIndexTable256
 .rodata.armBitRevIndexTable32
                0x080094bc       0x60 ../Middlewares/ST/ARM/DSP/Lib\libarm_cortexM4lf_math.a(arm_common_tables.o)
                0x080094bc                armBitRevIndexTable32
 .rodata.armBitRevIndexTable4096
                0x0800951c     0x1f80 ../Middlewares/ST/ARM/DSP/Lib\libarm_cortexM4lf_math.a(arm_common_tables.o)
                0x0800951c                armBitRevIndexTable4096
 .rodata.armBitRevIndexTable512
                0x0800b49c      0x380 ../Middlewares/ST/ARM/DSP/Lib\libarm_cortexM4lf_math.a(arm_common_tables.o)
                0x0800b49c                armBitRevIndexTable512
 .rodata.armBitRevIndexTable64
                0x0800b81c       0x70 ../Middlewares/ST/ARM/DSP/Lib\libarm_cortexM4lf_math.a(arm_common_tables.o)
                0x0800b81c                armBitRevIndexTable64
 .rodata.twiddleCoef_1024
                0x0800b88c     0x2000 ../Middlewares/ST/ARM/DSP/Lib\libarm_cortexM4lf_math.a(arm_common_tables.o)
                0x0800b88c                twiddleCoef_1024
 .rodata.twiddleCoef_128
                0x0800d88c      0x400 ../Middlewares/ST/ARM/DSP/Lib\libarm_cortexM4lf_math.a(arm_common_tables.o)
                0x0800d88c                twiddleCoef_128
 .rodata.twiddleCoef_16
                0x0800dc8c       0x80 ../Middlewares/ST/ARM/DSP/Lib\libarm_cortexM4lf_math.a(arm_common_tables.o)
                0x0800dc8c                twiddleCoef_16
 .rodata.twiddleCoef_2048
                0x0800dd0c     0x4000 ../Middlewares/ST/ARM/DSP/Lib\libarm_cortexM4lf_math.a(arm_common_tables.o)
                0x0800dd0c                twiddleCoef_2048
 .rodata.twiddleCoef_256
                0x08011d0c      0x800 ../Middlewares/ST/ARM/DSP/Lib\libarm_cortexM4lf_math.a(arm_common_tables.o)
                0x08011d0c                twiddleCoef_256
 .rodata.twiddleCoef_32
                0x0801250c      0x100 ../Middlewares/ST/ARM/DSP/Lib\libarm_cortexM4lf_math.a(arm_common_tables.o)
                0x0801250c                twiddleCoef_32
 .rodata.twiddleCoef_4096
                0x0801260c     0x8000 ../Middlewares/ST/ARM/DSP/Lib\libarm_cortexM4lf_math.a(arm_common_tables.o)
                0x0801260c                twiddleCoef_4096
 .rodata.twiddleCoef_512
                0x0801a60c     0x1000 ../Middlewares/ST/ARM/DSP/Lib\libarm_cortexM4lf_math.a(arm_common_tables.o)
                0x0801a60c                twiddleCoef_512
 .rodata.twiddleCoef_64
                0x0801b60c      0x200 ../Middlewares/ST/ARM/DSP/Lib\libarm_cortexM4lf_math.a(arm_common_tables.o)
                0x0801b60c                twiddleCoef_64
 .rodata.twiddleCoef_rfft_1024
                0x0801b80c     0x1000 ../Middlewares/ST/ARM/DSP/Lib\libarm_cortexM4lf_math.a(arm_common_tables.o)
                0x0801b80c                twiddleCoef_rfft_1024
 .rodata.twiddleCoef_rfft_128
                0x0801c80c      0x200 ../Middlewares/ST/ARM/DSP/Lib\libarm_cortexM4lf_math.a(arm_common_tables.o)
                0x0801c80c                twiddleCoef_rfft_128
 .rodata.twiddleCoef_rfft_2048
                0x0801ca0c     0x2000 ../Middlewares/ST/ARM/DSP/Lib\libarm_cortexM4lf_math.a(arm_common_tables.o)
                0x0801ca0c                twiddleCoef_rfft_2048
 .rodata.twiddleCoef_rfft_256
                0x0801ea0c      0x400 ../Middlewares/ST/ARM/DSP/Lib\libarm_cortexM4lf_math.a(arm_common_tables.o)
                0x0801ea0c                twiddleCoef_rfft_256
 .rodata.twiddleCoef_rfft_32
                0x0801ee0c       0x80 ../Middlewares/ST/ARM/DSP/Lib\libarm_cortexM4lf_math.a(arm_common_tables.o)
                0x0801ee0c                twiddleCoef_rfft_32
 .rodata.twiddleCoef_rfft_4096
                0x0801ee8c     0x4000 ../Middlewares/ST/ARM/DSP/Lib\libarm_cortexM4lf_math.a(arm_common_tables.o)
                0x0801ee8c                twiddleCoef_rfft_4096
 .rodata.twiddleCoef_rfft_512
                0x08022e8c      0x800 ../Middlewares/ST/ARM/DSP/Lib\libarm_cortexM4lf_math.a(arm_common_tables.o)
                0x08022e8c                twiddleCoef_rfft_512
 .rodata.twiddleCoef_rfft_64
                0x0802368c      0x100 ../Middlewares/ST/ARM/DSP/Lib\libarm_cortexM4lf_math.a(arm_common_tables.o)
                0x0802368c                twiddleCoef_rfft_64
 .rodata.arm_cfft_sR_f32_len1024
                0x0802378c       0x10 ../Middlewares/ST/ARM/DSP/Lib\libarm_cortexM4lf_math.a(arm_const_structs.o)
                0x0802378c                arm_cfft_sR_f32_len1024
 .rodata.arm_cfft_sR_f32_len128
                0x0802379c       0x10 ../Middlewares/ST/ARM/DSP/Lib\libarm_cortexM4lf_math.a(arm_const_structs.o)
                0x0802379c                arm_cfft_sR_f32_len128
 .rodata.arm_cfft_sR_f32_len16
                0x080237ac       0x10 ../Middlewares/ST/ARM/DSP/Lib\libarm_cortexM4lf_math.a(arm_const_structs.o)
                0x080237ac                arm_cfft_sR_f32_len16
 .rodata.arm_cfft_sR_f32_len2048
                0x080237bc       0x10 ../Middlewares/ST/ARM/DSP/Lib\libarm_cortexM4lf_math.a(arm_const_structs.o)
                0x080237bc                arm_cfft_sR_f32_len2048
 .rodata.arm_cfft_sR_f32_len256
                0x080237cc       0x10 ../Middlewares/ST/ARM/DSP/Lib\libarm_cortexM4lf_math.a(arm_const_structs.o)
                0x080237cc                arm_cfft_sR_f32_len256
 .rodata.arm_cfft_sR_f32_len32
                0x080237dc       0x10 ../Middlewares/ST/ARM/DSP/Lib\libarm_cortexM4lf_math.a(arm_const_structs.o)
                0x080237dc                arm_cfft_sR_f32_len32
 .rodata.arm_cfft_sR_f32_len4096
                0x080237ec       0x10 ../Middlewares/ST/ARM/DSP/Lib\libarm_cortexM4lf_math.a(arm_const_structs.o)
                0x080237ec                arm_cfft_sR_f32_len4096
 .rodata.arm_cfft_sR_f32_len512
                0x080237fc       0x10 ../Middlewares/ST/ARM/DSP/Lib\libarm_cortexM4lf_math.a(arm_const_structs.o)
                0x080237fc                arm_cfft_sR_f32_len512
 .rodata.arm_cfft_sR_f32_len64
                0x0802380c       0x10 ../Middlewares/ST/ARM/DSP/Lib\libarm_cortexM4lf_math.a(arm_const_structs.o)
                0x0802380c                arm_cfft_sR_f32_len64
                0x0802381c                        . = ALIGN (0x4)

.ARM.extab      0x0802381c        0x0
                0x0802381c                        . = ALIGN (0x4)
 *(.ARM.extab* .gnu.linkonce.armextab.*)
                0x0802381c                        . = ALIGN (0x4)

.ARM            0x0802381c        0x8
                0x0802381c                        . = ALIGN (0x4)
                0x0802381c                        __exidx_start = .
 *(.ARM.exidx*)
 .ARM.exidx     0x0802381c        0x8 D:/E/1subject/HK4/VXL_VDK/doan/STM32CubeIDE_1.18.0/STM32CubeIDE/plugins/com.st.stm32cube.ide.mcu.externaltools.gnu-tools-for-stm32.13.3.rel1.win32_1.0.100.202509120712/tools/bin/../lib/gcc/arm-none-eabi/13.3.1/thumb/v7e-m+fp/hard\libgcc.a(_udivmoddi4.o)
                0x08023824                        __exidx_end = .
                0x08023824                        . = ALIGN (0x4)

.preinit_array  0x08023824        0x0
                0x08023824                        . = ALIGN (0x4)
                0x08023824                        PROVIDE (__preinit_array_start = .)
 *(.preinit_array*)
                0x08023824                        PROVIDE (__preinit_array_end = .)
                0x08023824                        . = ALIGN (0x4)

.init_array     0x08023824        0x4
                0x08023824                        . = ALIGN (0x4)
                0x08023824                        PROVIDE (__init_array_start = .)
 *(SORT_BY_NAME(.init_array.*))
 *(.init_array*)
 .init_array    0x08023824        0x4 D:/E/1subject/HK4/VXL_VDK/doan/STM32CubeIDE_1.18.0/STM32CubeIDE/plugins/com.st.stm32cube.ide.mcu.externaltools.gnu-tools-for-stm32.13.3.rel1.win32_1.0.100.202509120712/tools/bin/../lib/gcc/arm-none-eabi/13.3.1/thumb/v7e-m+fp/hard/crtbegin.o
                0x08023828                        PROVIDE (__init_array_end = .)
                0x08023828                        . = ALIGN (0x4)

.fini_array     0x08023828        0x4
                0x08023828                        . = ALIGN (0x4)
                [!provide]                        PROVIDE (__fini_array_start = .)
 *(SORT_BY_NAME(.fini_array.*))
 *(.fini_array*)
 .fini_array    0x08023828        0x4 D:/E/1subject/HK4/VXL_VDK/doan/STM32CubeIDE_1.18.0/STM32CubeIDE/plugins/com.st.stm32cube.ide.mcu.externaltools.gnu-tools-for-stm32.13.3.rel1.win32_1.0.100.202509120712/tools/bin/../lib/gcc/arm-none-eabi/13.3.1/thumb/v7e-m+fp/hard/crtbegin.o
                [!provide]                        PROVIDE (__fini_array_end = .)
                0x0802382c                        . = ALIGN (0x4)
                0x0802382c                        _sidata = LOADADDR (.data)

.rel.dyn        0x0802382c        0x0
 .rel.iplt      0x0802382c        0x0 D:/E/1subject/HK4/VXL_VDK/doan/STM32CubeIDE_1.18.0/STM32CubeIDE/plugins/com.st.stm32cube.ide.mcu.externaltools.gnu-tools-for-stm32.13.3.rel1.win32_1.0.100.202509120712/tools/bin/../lib/gcc/arm-none-eabi/13.3.1/thumb/v7e-m+fp/hard/crtbegin.o

.data           0x20000000       0x5c load address 0x0802382c
                0x20000000                        . = ALIGN (0x4)
                0x20000000                        _sdata = .
 *(.data)
 *(.data*)
 .data.SystemCoreClock
                0x20000000        0x4 ./Core/Src/system_stm32f4xx.o
                0x20000000                SystemCoreClock
 .data.uwTickPrio
                0x20000004        0x4 ./Drivers/STM32F4xx_HAL_Driver/Src/stm32f4xx_hal.o
                0x20000004                uwTickPrio
 .data.uwTickFreq
                0x20000008        0x1 ./Drivers/STM32F4xx_HAL_Driver/Src/stm32f4xx_hal.o
                0x20000008                uwTickFreq
 *fill*         0x20000009        0x3 
 .data._impure_ptr
                0x2000000c        0x4 D:/E/1subject/HK4/VXL_VDK/doan/STM32CubeIDE_1.18.0/STM32CubeIDE/plugins/com.st.stm32cube.ide.mcu.externaltools.gnu-tools-for-stm32.13.3.rel1.win32_1.0.100.202509120712/tools/bin/../lib/gcc/arm-none-eabi/13.3.1/../../../../arm-none-eabi/lib/thumb/v7e-m+fp/hard\libc_nano.a(libc_a-impure.o)
                0x2000000c                _impure_ptr
 .data._impure_data
                0x20000010       0x4c D:/E/1subject/HK4/VXL_VDK/doan/STM32CubeIDE_1.18.0/STM32CubeIDE/plugins/com.st.stm32cube.ide.mcu.externaltools.gnu-tools-for-stm32.13.3.rel1.win32_1.0.100.202509120712/tools/bin/../lib/gcc/arm-none-eabi/13.3.1/../../../../arm-none-eabi/lib/thumb/v7e-m+fp/hard\libc_nano.a(libc_a-impure.o)
                0x20000010                _impure_data
 *(.RamFunc)
 *(.RamFunc*)
                0x2000005c                        . = ALIGN (0x4)
                0x2000005c                        _edata = .
                0x08023888                        _siccmram = LOADADDR (.ccmram)

.igot.plt       0x2000005c        0x0 load address 0x08023888
 .igot.plt      0x2000005c        0x0 D:/E/1subject/HK4/VXL_VDK/doan/STM32CubeIDE_1.18.0/STM32CubeIDE/plugins/com.st.stm32cube.ide.mcu.externaltools.gnu-tools-for-stm32.13.3.rel1.win32_1.0.100.202509120712/tools/bin/../lib/gcc/arm-none-eabi/13.3.1/thumb/v7e-m+fp/hard/crtbegin.o

.ccmram         0x10000000        0x0 load address 0x08023888
                0x10000000                        . = ALIGN (0x4)
                0x10000000                        _sccmram = .
 *(.ccmram)
 *(.ccmram*)
                0x10000000                        . = ALIGN (0x4)
                0x10000000                        _eccmram = .
                0x10000000                        . = ALIGN (0x4)

.bss            0x2000005c     0x1cd4
                0x2000005c                        _sbss = .
                0x2000005c                        __bss_start__ = _sbss
 *(.bss)
 .bss           0x2000005c       0x1c D:/E/1subject/HK4/VXL_VDK/doan/STM32CubeIDE_1.18.0/STM32CubeIDE/plugins/com.st.stm32cube.ide.mcu.externaltools.gnu-tools-for-stm32.13.3.rel1.win32_1.0.100.202509120712/tools/bin/../lib/gcc/arm-none-eabi/13.3.1/thumb/v7e-m+fp/hard/crtbegin.o
 *(.bss*)
 .bss.hadc1     0x20000078       0x48 ./Core/Src/main.o
                0x20000078                hadc1
 .bss.hdma_adc1
                0x200000c0       0x60 ./Core/Src/main.o
                0x200000c0                hdma_adc1
 .bss.hspi3     0x20000120       0x58 ./Core/Src/main.o
                0x20000120                hspi3
 .bss.hdma_spi3_tx
                0x20000178       0x60 ./Core/Src/main.o
                0x20000178                hdma_spi3_tx
 .bss.htim2     0x200001d8       0x48 ./Core/Src/main.o
                0x200001d8                htim2
 .bss.husart6   0x20000220       0x44 ./Core/Src/main.o
                0x20000220                husart6
 .bss.hdma_usart6_tx
                0x20000264       0x60 ./Core/Src/main.o
                0x20000264                hdma_usart6_tx
 .bss.spi_led_buffer
                0x200002c4       0x80 ./Core/Src/main.o
                0x200002c4                spi_led_buffer
 .bss.usart_led_buffer
                0x20000344       0x80 ./Core/Src/main.o
                0x20000344                usart_led_buffer
 .bss.adc_buffer
                0x200003c4      0x400 ./Core/Src/main.o
                0x200003c4                adc_buffer
 .bss.fft_in_buf
                0x200007c4      0x800 ./Core/Src/main.o
                0x200007c4                fft_in_buf
 .bss.fft_out_buf
                0x20000fc4      0x800 ./Core/Src/main.o
                0x20000fc4                fft_out_buf
 .bss.fft_mag_buf
                0x200017c4      0x400 ./Core/Src/main.o
                0x200017c4                fft_mag_buf
 .bss.fft_process_flag
                0x20001bc4        0x1 ./Core/Src/main.o
                0x20001bc4                fft_process_flag
 *fill*         0x20001bc5        0x3 
 .bss.fft_handler
                0x20001bc8       0x18 ./Core/Src/main.o
                0x20001bc8                fft_handler
 .bss.audio_peak_val
                0x20001be0        0x4 ./Core/Src/main.o
                0x20001be0                audio_peak_val
 .bss.audio_peak_hz
                0x20001be4        0x4 ./Core/Src/main.o
                0x20001be4                audio_peak_hz
 .bss.debug_peak_val
                0x20001be8        0x4 ./Core/Src/main.o
                0x20001be8                debug_peak_val
 .bss.debug_peak_hz
                0x20001bec        0x4 ./Core/Src/main.o
                0x20001bec                debug_peak_hz
 .bss.last_led_tick
                0x20001bf0        0x4 ./Core/Src/main.o
                0x20001bf0                last_led_tick
 .bss.uwTick    0x20001bf4        0x4 ./Drivers/STM32F4xx_HAL_Driver/Src/stm32f4xx_hal.o
                0x20001bf4                uwTick
 .bss.__sf      0x20001bf8      0x138 D:/E/1subject/HK4/VXL_VDK/doan/STM32CubeIDE_1.18.0/STM32CubeIDE/plugins/com.st.stm32cube.ide.mcu.externaltools.gnu-tools-for-stm32.13.3.rel1.win32_1.0.100.202509120712/tools/bin/../lib/gcc/arm-none-eabi/13.3.1/../../../../arm-none-eabi/lib/thumb/v7e-m+fp/hard\libc_nano.a(libc_a-findfp.o)
                0x20001bf8                __sf
 *(COMMON)
                0x20001d30                        . = ALIGN (0x4)
                0x20001d30                        _ebss = .
                0x20001d30                        __bss_end__ = _ebss

._user_heap_stack
                0x20001d30      0x600
                0x20001d30                        . = ALIGN (0x8)
                [!provide]                        PROVIDE (end = .)
                0x20001d30                        PROVIDE (_end = .)
                0x20001f30                        . = (. + _Min_Heap_Size)
 *fill*         0x20001d30      0x200 
                0x20002330                        . = (. + _Min_Stack_Size)
 *fill*         0x20001f30      0x400 
                0x20002330                        . = ALIGN (0x8)

/DISCARD/
 libc.a(*)
 libm.a(*)
 libgcc.a(*)

.ARM.attributes
                0x00000000       0x30
 *(.ARM.attributes)
 .ARM.attributes
                0x00000000       0x22 D:/E/1subject/HK4/VXL_VDK/doan/STM32CubeIDE_1.18.0/STM32CubeIDE/plugins/com.st.stm32cube.ide.mcu.externaltools.gnu-tools-for-stm32.13.3.rel1.win32_1.0.100.202509120712/tools/bin/../lib/gcc/arm-none-eabi/13.3.1/thumb/v7e-m+fp/hard/crti.o
 .ARM.attributes
                0x00000022       0x34 D:/E/1subject/HK4/VXL_VDK/doan/STM32CubeIDE_1.18.0/STM32CubeIDE/plugins/com.st.stm32cube.ide.mcu.externaltools.gnu-tools-for-stm32.13.3.rel1.win32_1.0.100.202509120712/tools/bin/../lib/gcc/arm-none-eabi/13.3.1/thumb/v7e-m+fp/hard/crtbegin.o
 .ARM.attributes
                0x00000056       0x34 ./Core/Src/main.o
 .ARM.attributes
                0x0000008a       0x34 ./Core/Src/stm32f4xx_hal_msp.o
 .ARM.attributes
                0x000000be       0x34 ./Core/Src/stm32f4xx_it.o
 .ARM.attributes
                0x000000f2       0x34 ./Core/Src/system_stm32f4xx.o
 .ARM.attributes
                0x00000126       0x21 ./Core/Startup/startup_stm32f407vetx.o
 .ARM.attributes
                0x00000147       0x34 ./Drivers/STM32F4xx_HAL_Driver/Src/stm32f4xx_hal.o
 .ARM.attributes
                0x0000017b       0x34 ./Drivers/STM32F4xx_HAL_Driver/Src/stm32f4xx_hal_adc.o
 .ARM.attributes
                0x000001af       0x34 ./Drivers/STM32F4xx_HAL_Driver/Src/stm32f4xx_hal_cortex.o
 .ARM.attributes
                0x000001e3       0x34 ./Drivers/STM32F4xx_HAL_Driver/Src/stm32f4xx_hal_dma.o
 .ARM.attributes
                0x00000217       0x34 ./Drivers/STM32F4xx_HAL_Driver/Src/stm32f4xx_hal_gpio.o
 .ARM.attributes
                0x0000024b       0x34 ./Drivers/STM32F4xx_HAL_Driver/Src/stm32f4xx_hal_rcc.o
 .ARM.attributes
                0x0000027f       0x34 ./Drivers/STM32F4xx_HAL_Driver/Src/stm32f4xx_hal_spi.o
 .ARM.attributes
                0x000002b3       0x34 ./Drivers/STM32F4xx_HAL_Driver/Src/stm32f4xx_hal_tim.o
 .ARM.attributes
                0x000002e7       0x34 ./Drivers/STM32F4xx_HAL_Driver/Src/stm32f4xx_hal_tim_ex.o
 .ARM.attributes
                0x0000031b       0x34 ./Drivers/STM32F4xx_HAL_Driver/Src/stm32f4xx_hal_usart.o
 .ARM.attributes
                0x0000034f       0x34 ../Middlewares/ST/ARM/DSP/Lib\libarm_cortexM4lf_math.a(arm_rfft_fast_init_f32.o)
 .ARM.attributes
                0x00000383       0x34 ../Middlewares/ST/ARM/DSP/Lib\libarm_cortexM4lf_math.a(arm_rfft_fast_f32.o)
 .ARM.attributes
                0x000003b7       0x34 ../Middlewares/ST/ARM/DSP/Lib\libarm_cortexM4lf_math.a(arm_cfft_f32.o)
 .ARM.attributes
                0x000003eb       0x34 ../Middlewares/ST/ARM/DSP/Lib\libarm_cortexM4lf_math.a(arm_bitreversal2.o)
 .ARM.attributes
                0x0000041f       0x34 ../Middlewares/ST/ARM/DSP/Lib\libarm_cortexM4lf_math.a(arm_cmplx_mag_f32.o)
 .ARM.attributes
                0x00000453       0x39 ../Middlewares/ST/ARM/DSP/Lib\libarm_cortexM4lf_math.a(arm_common_tables.o)
 .ARM.attributes
                0x0000048c       0x34 ../Middlewares/ST/ARM/DSP/Lib\libarm_cortexM4lf_math.a(arm_cfft_init_f32.o)
 .ARM.attributes
                0x000004c0       0x34 ../Middlewares/ST/ARM/DSP/Lib\libarm_cortexM4lf_math.a(arm_cfft_radix8_f32.o)
 .ARM.attributes
                0x000004f4       0x39 ../Middlewares/ST/ARM/DSP/Lib\libarm_cortexM4lf_math.a(arm_const_structs.o)
 .ARM.attributes
                0x0000052d       0x34 D:/E/1subject/HK4/VXL_VDK/doan/STM32CubeIDE_1.18.0/STM32CubeIDE/plugins/com.st.stm32cube.ide.mcu.externaltools.gnu-tools-for-stm32.13.3.rel1.win32_1.0.100.202509120712/tools/bin/../lib/gcc/arm-none-eabi/13.3.1/../../../../arm-none-eabi/lib/thumb/v7e-m+fp/hard\libc_nano.a(libc_a-findfp.o)
 .ARM.attributes
                0x00000561       0x34 D:/E/1subject/HK4/VXL_VDK/doan/STM32CubeIDE_1.18.0/STM32CubeIDE/plugins/com.st.stm32cube.ide.mcu.externaltools.gnu-tools-for-stm32.13.3.rel1.win32_1.0.100.202509120712/tools/bin/../lib/gcc/arm-none-eabi/13.3.1/../../../../arm-none-eabi/lib/thumb/v7e-m+fp/hard\libc_nano.a(libc_a-memset.o)
 .ARM.attributes
                0x00000595       0x34 D:/E/1subject/HK4/VXL_VDK/doan/STM32CubeIDE_1.18.0/STM32CubeIDE/plugins/com.st.stm32cube.ide.mcu.externaltools.gnu-tools-for-stm32.13.3.rel1.win32_1.0.100.202509120712/tools/bin/../lib/gcc/arm-none-eabi/13.3.1/../../../../arm-none-eabi/lib/thumb/v7e-m+fp/hard\libc_nano.a(libc_a-impure.o)
 .ARM.attributes
                0x000005c9       0x34 D:/E/1subject/HK4/VXL_VDK/doan/STM32CubeIDE_1.18.0/STM32CubeIDE/plugins/com.st.stm32cube.ide.mcu.externaltools.gnu-tools-for-stm32.13.3.rel1.win32_1.0.100.202509120712/tools/bin/../lib/gcc/arm-none-eabi/13.3.1/../../../../arm-none-eabi/lib/thumb/v7e-m+fp/hard\libc_nano.a(libc_a-errno.o)
 .ARM.attributes
                0x000005fd       0x34 D:/E/1subject/HK4/VXL_VDK/doan/STM32CubeIDE_1.18.0/STM32CubeIDE/plugins/com.st.stm32cube.ide.mcu.externaltools.gnu-tools-for-stm32.13.3.rel1.win32_1.0.100.202509120712/tools/bin/../lib/gcc/arm-none-eabi/13.3.1/../../../../arm-none-eabi/lib/thumb/v7e-m+fp/hard\libc_nano.a(libc_a-init.o)
 .ARM.attributes
                0x00000631       0x34 D:/E/1subject/HK4/VXL_VDK/doan/STM32CubeIDE_1.18.0/STM32CubeIDE/plugins/com.st.stm32cube.ide.mcu.externaltools.gnu-tools-for-stm32.13.3.rel1.win32_1.0.100.202509120712/tools/bin/../lib/gcc/arm-none-eabi/13.3.1/../../../../arm-none-eabi/lib/thumb/v7e-m+fp/hard\libm.a(libm_a-wf_sqrt.o)
 .ARM.attributes
                0x00000665       0x34 D:/E/1subject/HK4/VXL_VDK/doan/STM32CubeIDE_1.18.0/STM32CubeIDE/plugins/com.st.stm32cube.ide.mcu.externaltools.gnu-tools-for-stm32.13.3.rel1.win32_1.0.100.202509120712/tools/bin/../lib/gcc/arm-none-eabi/13.3.1/../../../../arm-none-eabi/lib/thumb/v7e-m+fp/hard\libm.a(libm_a-ef_sqrt.o)
 .ARM.attributes
                0x00000699       0x22 D:/E/1subject/HK4/VXL_VDK/doan/STM32CubeIDE_1.18.0/STM32CubeIDE/plugins/com.st.stm32cube.ide.mcu.externaltools.gnu-tools-for-stm32.13.3.rel1.win32_1.0.100.202509120712/tools/bin/../lib/gcc/arm-none-eabi/13.3.1/thumb/v7e-m+fp/hard\libgcc.a(_aeabi_uldivmod.o)
 .ARM.attributes
                0x000006bb       0x34 D:/E/1subject/HK4/VXL_VDK/doan/STM32CubeIDE_1.18.0/STM32CubeIDE/plugins/com.st.stm32cube.ide.mcu.externaltools.gnu-tools-for-stm32.13.3.rel1.win32_1.0.100.202509120712/tools/bin/../lib/gcc/arm-none-eabi/13.3.1/thumb/v7e-m+fp/hard\libgcc.a(_udivmoddi4.o)
 .ARM.attributes
                0x000006ef       0x22 D:/E/1subject/HK4/VXL_VDK/doan/STM32CubeIDE_1.18.0/STM32CubeIDE/plugins/com.st.stm32cube.ide.mcu.externaltools.gnu-tools-for-stm32.13.3.rel1.win32_1.0.100.202509120712/tools/bin/../lib/gcc/arm-none-eabi/13.3.1/thumb/v7e-m+fp/hard\libgcc.a(_dvmd_tls.o)
 .ARM.attributes
                0x00000711       0x22 D:/E/1subject/HK4/VXL_VDK/doan/STM32CubeIDE_1.18.0/STM32CubeIDE/plugins/com.st.stm32cube.ide.mcu.externaltools.gnu-tools-for-stm32.13.3.rel1.win32_1.0.100.202509120712/tools/bin/../lib/gcc/arm-none-eabi/13.3.1/thumb/v7e-m+fp/hard/crtn.o
OUTPUT(SPI_LED.elf elf32-littlearm)
LOAD linker stubs
LOAD D:/E/1subject/HK4/VXL_VDK/doan/STM32CubeIDE_1.18.0/STM32CubeIDE/plugins/com.st.stm32cube.ide.mcu.externaltools.gnu-tools-for-stm32.13.3.rel1.win32_1.0.100.202509120712/tools/bin/../lib/gcc/arm-none-eabi/13.3.1/../../../../arm-none-eabi/lib/thumb/v7e-m+fp/hard\libc.a
LOAD D:/E/1subject/HK4/VXL_VDK/doan/STM32CubeIDE_1.18.0/STM32CubeIDE/plugins/com.st.stm32cube.ide.mcu.externaltools.gnu-tools-for-stm32.13.3.rel1.win32_1.0.100.202509120712/tools/bin/../lib/gcc/arm-none-eabi/13.3.1/../../../../arm-none-eabi/lib/thumb/v7e-m+fp/hard\libm.a
LOAD D:/E/1subject/HK4/VXL_VDK/doan/STM32CubeIDE_1.18.0/STM32CubeIDE/plugins/com.st.stm32cube.ide.mcu.externaltools.gnu-tools-for-stm32.13.3.rel1.win32_1.0.100.202509120712/tools/bin/../lib/gcc/arm-none-eabi/13.3.1/thumb/v7e-m+fp/hard\libgcc.a

.debug_info     0x00000000    0x1bf85
 .debug_info    0x00000000     0x1e69 ./Core/Src/main.o
 .debug_info    0x00001e69     0x1580 ./Core/Src/stm32f4xx_hal_msp.o
 .debug_info    0x000033e9      0x8fb ./Core/Src/stm32f4xx_it.o
 .debug_info    0x00003ce4      0x512 ./Core/Src/system_stm32f4xx.o
 .debug_info    0x000041f6       0x30 ./Core/Startup/startup_stm32f407vetx.o
 .debug_info    0x00004226      0x944 ./Drivers/STM32F4xx_HAL_Driver/Src/stm32f4xx_hal.o
 .debug_info    0x00004b6a      0xce3 ./Drivers/STM32F4xx_HAL_Driver/Src/stm32f4xx_hal_adc.o
 .debug_info    0x0000584d      0xd8c ./Drivers/STM32F4xx_HAL_Driver/Src/stm32f4xx_hal_cortex.o
 .debug_info    0x000065d9      0x8e7 ./Drivers/STM32F4xx_HAL_Driver/Src/stm32f4xx_hal_dma.o
 .debug_info    0x00006ec0      0x6c3 ./Drivers/STM32F4xx_HAL_Driver/Src/stm32f4xx_hal_gpio.o
 .debug_info    0x00007583      0x8c3 ./Drivers/STM32F4xx_HAL_Driver/Src/stm32f4xx_hal_rcc.o
 .debug_info    0x00007e46     0x1525 ./Drivers/STM32F4xx_HAL_Driver/Src/stm32f4xx_hal_spi.o
 .debug_info    0x0000936b     0x299d ./Drivers/STM32F4xx_HAL_Driver/Src/stm32f4xx_hal_tim.o
 .debug_info    0x0000bd08     0x14db ./Drivers/STM32F4xx_HAL_Driver/Src/stm32f4xx_hal_tim_ex.o
 .debug_info    0x0000d1e3     0x1138 ./Drivers/STM32F4xx_HAL_Driver/Src/stm32f4xx_hal_usart.o
 .debug_info    0x0000e31b     0x1c2f ../Middlewares/ST/ARM/DSP/Lib\libarm_cortexM4lf_math.a(arm_rfft_fast_init_f32.o)
 .debug_info    0x0000ff4a      0xfb8 ../Middlewares/ST/ARM/DSP/Lib\libarm_cortexM4lf_math.a(arm_rfft_fast_f32.o)
 .debug_info    0x00010f02     0x1ed6 ../Middlewares/ST/ARM/DSP/Lib\libarm_cortexM4lf_math.a(arm_cfft_f32.o)
 .debug_info    0x00012dd8     0x19aa ../Middlewares/ST/ARM/DSP/Lib\libarm_cortexM4lf_math.a(arm_bitreversal2.o)
 .debug_info    0x00014782      0xcbb ../Middlewares/ST/ARM/DSP/Lib\libarm_cortexM4lf_math.a(arm_cmplx_mag_f32.o)
 .debug_info    0x0001543d     0x1e86 ../Middlewares/ST/ARM/DSP/Lib\libarm_cortexM4lf_math.a(arm_common_tables.o)
 .debug_info    0x000172c3     0x1c05 ../Middlewares/ST/ARM/DSP/Lib\libarm_cortexM4lf_math.a(arm_cfft_init_f32.o)
 .debug_info    0x00018ec8      0xeda ../Middlewares/ST/ARM/DSP/Lib\libarm_cortexM4lf_math.a(arm_cfft_radix8_f32.o)
 .debug_info    0x00019da2     0x21e3 ../Middlewares/ST/ARM/DSP/Lib\libarm_cortexM4lf_math.a(arm_const_structs.o)

.debug_abbrev   0x00000000     0x35ee
 .debug_abbrev  0x00000000      0x3b1 ./Core/Src/main.o
 .debug_abbrev  0x000003b1      0x27d ./Core/Src/stm32f4xx_hal_msp.o
 .debug_abbrev  0x0000062e      0x1a0 ./Core/Src/stm32f4xx_it.o
 .debug_abbrev  0x000007ce      0x11a ./Core/Src/system_stm32f4xx.o
 .debug_abbrev  0x000008e8       0x24 ./Core/Startup/startup_stm32f407vetx.o
 .debug_abbrev  0x0000090c      0x214 ./Drivers/STM32F4xx_HAL_Driver/Src/stm32f4xx_hal.o
 .debug_abbrev  0x00000b20      0x252 ./Drivers/STM32F4xx_HAL_Driver/Src/stm32f4xx_hal_adc.o
 .debug_abbrev  0x00000d72      0x31d ./Drivers/STM32F4xx_HAL_Driver/Src/stm32f4xx_hal_cortex.o
 .debug_abbrev  0x0000108f      0x264 ./Drivers/STM32F4xx_HAL_Driver/Src/stm32f4xx_hal_dma.o
 .debug_abbrev  0x000012f3      0x1d4 ./Drivers/STM32F4xx_HAL_Driver/Src/stm32f4xx_hal_gpio.o
 .debug_abbrev  0x000014c7      0x2b7 ./Drivers/STM32F4xx_HAL_Driver/Src/stm32f4xx_hal_rcc.o
 .debug_abbrev  0x0000177e      0x27a ./Drivers/STM32F4xx_HAL_Driver/Src/stm32f4xx_hal_spi.o
 .debug_abbrev  0x000019f8      0x278 ./Drivers/STM32F4xx_HAL_Driver/Src/stm32f4xx_hal_tim.o
 .debug_abbrev  0x00001c70      0x283 ./Drivers/STM32F4xx_HAL_Driver/Src/stm32f4xx_hal_tim_ex.o
 .debug_abbrev  0x00001ef3      0x28f ./Drivers/STM32F4xx_HAL_Driver/Src/stm32f4xx_hal_usart.o
 .debug_abbrev  0x00002182      0x2c9 ../Middlewares/ST/ARM/DSP/Lib\libarm_cortexM4lf_math.a(arm_rfft_fast_init_f32.o)
 .debug_abbrev  0x0000244b      0x260 ../Middlewares/ST/ARM/DSP/Lib\libarm_cortexM4lf_math.a(arm_rfft_fast_f32.o)
 .debug_abbrev  0x000026ab      0x288 ../Middlewares/ST/ARM/DSP/Lib\libarm_cortexM4lf_math.a(arm_cfft_f32.o)
 .debug_abbrev  0x00002933      0x21a ../Middlewares/ST/ARM/DSP/Lib\libarm_cortexM4lf_math.a(arm_bitreversal2.o)
 .debug_abbrev  0x00002b4d      0x288 ../Middlewares/ST/ARM/DSP/Lib\libarm_cortexM4lf_math.a(arm_cmplx_mag_f32.o)
 .debug_abbrev  0x00002dd5      0x1ec ../Middlewares/ST/ARM/DSP/Lib\libarm_cortexM4lf_math.a(arm_common_tables.o)
 .debug_abbrev  0x00002fc1      0x232 ../Middlewares/ST/ARM/DSP/Lib\libarm_cortexM4lf_math.a(arm_cfft_init_f32.o)
 .debug_abbrev  0x000031f3      0x20b ../Middlewares/ST/ARM/DSP/Lib\libarm_cortexM4lf_math.a(arm_cfft_radix8_f32.o)
 .debug_abbrev  0x000033fe      0x1f0 ../Middlewares/ST/ARM/DSP/Lib\libarm_cortexM4lf_math.a(arm_const_structs.o)

.debug_aranges  0x00000000     0x1068
 .debug_aranges
                0x00000000       0xb8 ./Core/Src/main.o
 .debug_aranges
                0x000000b8       0x60 ./Core/Src/stm32f4xx_hal_msp.o
 .debug_aranges
                0x00000118       0x88 ./Core/Src/stm32f4xx_it.o
 .debug_aranges
                0x000001a0       0x28 ./Core/Src/system_stm32f4xx.o
 .debug_aranges
                0x000001c8       0x28 ./Core/Startup/startup_stm32f407vetx.o
 .debug_aranges
                0x000001f0       0xf0 ./Drivers/STM32F4xx_HAL_Driver/Src/stm32f4xx_hal.o
 .debug_aranges
                0x000002e0       0xe8 ./Drivers/STM32F4xx_HAL_Driver/Src/stm32f4xx_hal_adc.o
 .debug_aranges
                0x000003c8      0x130 ./Drivers/STM32F4xx_HAL_Driver/Src/stm32f4xx_hal_cortex.o
 .debug_aranges
                0x000004f8       0x90 ./Drivers/STM32F4xx_HAL_Driver/Src/stm32f4xx_hal_dma.o
 .debug_aranges
                0x00000588       0x58 ./Drivers/STM32F4xx_HAL_Driver/Src/stm32f4xx_hal_gpio.o
 .debug_aranges
                0x000005e0       0x88 ./Drivers/STM32F4xx_HAL_Driver/Src/stm32f4xx_hal_rcc.o
 .debug_aranges
                0x00000668      0x1d0 ./Drivers/STM32F4xx_HAL_Driver/Src/stm32f4xx_hal_spi.o
 .debug_aranges
                0x00000838      0x3d0 ./Drivers/STM32F4xx_HAL_Driver/Src/stm32f4xx_hal_tim.o
 .debug_aranges
                0x00000c08      0x168 ./Drivers/STM32F4xx_HAL_Driver/Src/stm32f4xx_hal_tim_ex.o
 .debug_aranges
                0x00000d70      0x178 ./Drivers/STM32F4xx_HAL_Driver/Src/stm32f4xx_hal_usart.o
 .debug_aranges
                0x00000ee8       0x60 ../Middlewares/ST/ARM/DSP/Lib\libarm_cortexM4lf_math.a(arm_rfft_fast_init_f32.o)
 .debug_aranges
                0x00000f48       0x30 ../Middlewares/ST/ARM/DSP/Lib\libarm_cortexM4lf_math.a(arm_rfft_fast_f32.o)
 .debug_aranges
                0x00000f78       0x30 ../Middlewares/ST/ARM/DSP/Lib\libarm_cortexM4lf_math.a(arm_cfft_f32.o)
 .debug_aranges
                0x00000fa8       0x30 ../Middlewares/ST/ARM/DSP/Lib\libarm_cortexM4lf_math.a(arm_bitreversal2.o)
 .debug_aranges
                0x00000fd8       0x20 ../Middlewares/ST/ARM/DSP/Lib\libarm_cortexM4lf_math.a(arm_cmplx_mag_f32.o)
 .debug_aranges
                0x00000ff8       0x18 ../Middlewares/ST/ARM/DSP/Lib\libarm_cortexM4lf_math.a(arm_common_tables.o)
 .debug_aranges
                0x00001010       0x20 ../Middlewares/ST/ARM/DSP/Lib\libarm_cortexM4lf_math.a(arm_cfft_init_f32.o)
 .debug_aranges
                0x00001030       0x20 ../Middlewares/ST/ARM/DSP/Lib\libarm_cortexM4lf_math.a(arm_cfft_radix8_f32.o)
 .debug_aranges
                0x00001050       0x18 ../Middlewares/ST/ARM/DSP/Lib\libarm_cortexM4lf_math.a(arm_const_structs.o)

.debug_rnglists
                0x00000000      0xb97
 .debug_rnglists
                0x00000000       0x8c ./Core/Src/main.o
 .debug_rnglists
                0x0000008c       0x46 ./Core/Src/stm32f4xx_hal_msp.o
 .debug_rnglists
                0x000000d2       0x61 ./Core/Src/stm32f4xx_it.o
 .debug_rnglists
                0x00000133       0x1a ./Core/Src/system_stm32f4xx.o
 .debug_rnglists
                0x0000014d       0x19 ./Core/Startup/startup_stm32f407vetx.o
 .debug_rnglists
                0x00000166       0xaf ./Drivers/STM32F4xx_HAL_Driver/Src/stm32f4xx_hal.o
 .debug_rnglists
                0x00000215       0xb5 ./Drivers/STM32F4xx_HAL_Driver/Src/stm32f4xx_hal_adc.o
 .debug_rnglists
                0x000002ca       0xe0 ./Drivers/STM32F4xx_HAL_Driver/Src/stm32f4xx_hal_cortex.o
 .debug_rnglists
                0x000003aa       0x70 ./Drivers/STM32F4xx_HAL_Driver/Src/stm32f4xx_hal_dma.o
 .debug_rnglists
                0x0000041a       0x3f ./Drivers/STM32F4xx_HAL_Driver/Src/stm32f4xx_hal_gpio.o
 .debug_rnglists
                0x00000459       0x66 ./Drivers/STM32F4xx_HAL_Driver/Src/stm32f4xx_hal_rcc.o
 .debug_rnglists
                0x000004bf      0x16f ./Drivers/STM32F4xx_HAL_Driver/Src/stm32f4xx_hal_spi.o
 .debug_rnglists
                0x0000062e      0x31a ./Drivers/STM32F4xx_HAL_Driver/Src/stm32f4xx_hal_tim.o
 .debug_rnglists
                0x00000948      0x125 ./Drivers/STM32F4xx_HAL_Driver/Src/stm32f4xx_hal_tim_ex.o
 .debug_rnglists
                0x00000a6d      0x12a ./Drivers/STM32F4xx_HAL_Driver/Src/stm32f4xx_hal_usart.o

.debug_macro    0x00000000    0x22da2
 .debug_macro   0x00000000      0x3bf ./Core/Src/main.o
 .debug_macro   0x000003bf      0xade ./Core/Src/main.o
 .debug_macro   0x00000e9d      0x2a7 ./Core/Src/main.o
 .debug_macro   0x00001144       0x2e ./Core/Src/main.o
 .debug_macro   0x00001172       0x2f ./Core/Src/main.o
 .debug_macro   0x000011a1       0x22 ./Core/Src/main.o
 .debug_macro   0x000011c3       0x8e ./Core/Src/main.o
 .debug_macro   0x00001251       0x51 ./Core/Src/main.o
 .debug_macro   0x000012a2      0x103 ./Core/Src/main.o
 .debug_macro   0x000013a5       0x6a ./Core/Src/main.o
 .debug_macro   0x0000140f      0x1df ./Core/Src/main.o
 .debug_macro   0x000015ee       0x1c ./Core/Src/main.o
 .debug_macro   0x0000160a       0x22 ./Core/Src/main.o
 .debug_macro   0x0000162c       0xfb ./Core/Src/main.o
 .debug_macro   0x00001727     0x1011 ./Core/Src/main.o
 .debug_macro   0x00002738      0x11f ./Core/Src/main.o
 .debug_macro   0x00002857    0x15ea5 ./Core/Src/main.o
 .debug_macro   0x000186fc       0x6d ./Core/Src/main.o
 .debug_macro   0x00018769     0x3693 ./Core/Src/main.o
 .debug_macro   0x0001bdfc      0x190 ./Core/Src/main.o
 .debug_macro   0x0001bf8c       0x5c ./Core/Src/main.o
 .debug_macro   0x0001bfe8      0x980 ./Core/Src/main.o
 .debug_macro   0x0001c968      0x9e9 ./Core/Src/main.o
 .debug_macro   0x0001d351      0x115 ./Core/Src/main.o
 .debug_macro   0x0001d466      0x13e ./Core/Src/main.o
 .debug_macro   0x0001d5a4       0xa5 ./Core/Src/main.o
 .debug_macro   0x0001d649      0x174 ./Core/Src/main.o
 .debug_macro   0x0001d7bd      0x287 ./Core/Src/main.o
 .debug_macro   0x0001da44       0x5f ./Core/Src/main.o
 .debug_macro   0x0001daa3      0x236 ./Core/Src/main.o
 .debug_macro   0x0001dcd9      0xb5b ./Core/Src/main.o
 .debug_macro   0x0001e834      0x38b ./Core/Src/main.o
 .debug_macro   0x0001ebbf      0x176 ./Core/Src/main.o
 .debug_macro   0x0001ed35       0xf9 ./Core/Src/main.o
 .debug_macro   0x0001ee2e      0x12c ./Core/Src/main.o
 .debug_macro   0x0001ef5a      0x21e ./Core/Src/main.o
 .debug_macro   0x0001f178       0x2e ./Core/Src/main.o
 .debug_macro   0x0001f1a6      0x127 ./Core/Src/main.o
 .debug_macro   0x0001f2cd       0x7e ./Core/Src/main.o
 .debug_macro   0x0001f34b       0x89 ./Core/Src/main.o
 .debug_macro   0x0001f3d4      0x225 ./Core/Src/main.o
 .debug_macro   0x0001f5f9      0x8ed ./Core/Src/main.o
 .debug_macro   0x0001fee6       0x4d ./Core/Src/main.o
 .debug_macro   0x0001ff33      0x217 ./Core/Src/main.o
 .debug_macro   0x0002014a      0x12d ./Core/Src/main.o
 .debug_macro   0x00020277       0x61 ./Core/Src/main.o
 .debug_macro   0x000202d8       0x2a ./Core/Src/main.o
 .debug_macro   0x00020302       0x43 ./Core/Src/main.o
 .debug_macro   0x00020345       0x34 ./Core/Src/main.o
 .debug_macro   0x00020379      0x370 ./Core/Src/main.o
 .debug_macro   0x000206e9       0x16 ./Core/Src/main.o
 .debug_macro   0x000206ff       0x4a ./Core/Src/main.o
 .debug_macro   0x00020749       0x34 ./Core/Src/main.o
 .debug_macro   0x0002077d       0x10 ./Core/Src/main.o
 .debug_macro   0x0002078d       0x58 ./Core/Src/main.o
 .debug_macro   0x000207e5       0x8e ./Core/Src/main.o
 .debug_macro   0x00020873       0x1c ./Core/Src/main.o
 .debug_macro   0x0002088f      0x185 ./Core/Src/main.o
 .debug_macro   0x00020a14       0x10 ./Core/Src/main.o
 .debug_macro   0x00020a24       0x3c ./Core/Src/main.o
 .debug_macro   0x00020a60       0x20 ./Core/Src/main.o
 .debug_macro   0x00020a80      0x19b ./Core/Src/main.o
 .debug_macro   0x00020c1b      0x201 ./Core/Src/main.o
 .debug_macro   0x00020e1c       0x7c ./Core/Src/main.o
 .debug_macro   0x00020e98       0x17 ./Core/Src/main.o
 .debug_macro   0x00020eaf      0x118 ./Core/Src/main.o
 .debug_macro   0x00020fc7      0x169 ./Core/Src/main.o
 .debug_macro   0x00021130       0x1c ./Core/Src/main.o
 .debug_macro   0x0002114c       0x10 ./Core/Src/main.o
 .debug_macro   0x0002115c       0x1c ./Core/Src/main.o
 .debug_macro   0x00021178       0x16 ./Core/Src/main.o
 .debug_macro   0x0002118e      0x146 ./Core/Src/main.o
 .debug_macro   0x000212d4      0x20a ./Core/Src/stm32f4xx_hal_msp.o
 .debug_macro   0x000214de      0x214 ./Core/Src/stm32f4xx_it.o
 .debug_macro   0x000216f2      0x200 ./Core/Src/system_stm32f4xx.o
 .debug_macro   0x000218f2      0x260 ./Drivers/STM32F4xx_HAL_Driver/Src/stm32f4xx_hal.o
 .debug_macro   0x00021b52      0x201 ./Drivers/STM32F4xx_HAL_Driver/Src/stm32f4xx_hal_adc.o
 .debug_macro   0x00021d53      0x200 ./Drivers/STM32F4xx_HAL_Driver/Src/stm32f4xx_hal_cortex.o
 .debug_macro   0x00021f53      0x206 ./Drivers/STM32F4xx_HAL_Driver/Src/stm32f4xx_hal_dma.o
 .debug_macro   0x00022159      0x206 ./Drivers/STM32F4xx_HAL_Driver/Src/stm32f4xx_hal_gpio.o
 .debug_macro   0x0002235f      0x224 ./Drivers/STM32F4xx_HAL_Driver/Src/stm32f4xx_hal_rcc.o
 .debug_macro   0x00022583      0x20f ./Drivers/STM32F4xx_HAL_Driver/Src/stm32f4xx_hal_spi.o
 .debug_macro   0x00022792      0x201 ./Drivers/STM32F4xx_HAL_Driver/Src/stm32f4xx_hal_tim.o
 .debug_macro   0x00022993      0x200 ./Drivers/STM32F4xx_HAL_Driver/Src/stm32f4xx_hal_tim_ex.o
 .debug_macro   0x00022b93      0x20f ./Drivers/STM32F4xx_HAL_Driver/Src/stm32f4xx_hal_usart.o

.debug_line     0x00000000    0x13857
 .debug_line    0x00000000      0xf05 ./Core/Src/main.o
 .debug_line    0x00000f05      0x933 ./Core/Src/stm32f4xx_hal_msp.o
 .debug_line    0x00001838      0x8a8 ./Core/Src/stm32f4xx_it.o
 .debug_line    0x000020e0      0x7f7 ./Core/Src/system_stm32f4xx.o
 .debug_line    0x000028d7       0x7a ./Core/Startup/startup_stm32f407vetx.o
 .debug_line    0x00002951      0xa73 ./Drivers/STM32F4xx_HAL_Driver/Src/stm32f4xx_hal.o
 .debug_line    0x000033c4     0x128a ./Drivers/STM32F4xx_HAL_Driver/Src/stm32f4xx_hal_adc.o
 .debug_line    0x0000464e      0xd43 ./Drivers/STM32F4xx_HAL_Driver/Src/stm32f4xx_hal_cortex.o
 .debug_line    0x00005391      0xfdf ./Drivers/STM32F4xx_HAL_Driver/Src/stm32f4xx_hal_dma.o
 .debug_line    0x00006370      0xbcb ./Drivers/STM32F4xx_HAL_Driver/Src/stm32f4xx_hal_gpio.o
 .debug_line    0x00006f3b      0xe80 ./Drivers/STM32F4xx_HAL_Driver/Src/stm32f4xx_hal_rcc.o
 .debug_line    0x00007dbb     0x1d0e ./Drivers/STM32F4xx_HAL_Driver/Src/stm32f4xx_hal_spi.o
 .debug_line    0x00009ac9     0x37e8 ./Drivers/STM32F4xx_HAL_Driver/Src/stm32f4xx_hal_tim.o
 .debug_line    0x0000d2b1     0x19d3 ./Drivers/STM32F4xx_HAL_Driver/Src/stm32f4xx_hal_tim_ex.o
 .debug_line    0x0000ec84     0x1785 ./Drivers/STM32F4xx_HAL_Driver/Src/stm32f4xx_hal_usart.o
 .debug_line    0x00010409      0x4d0 ../Middlewares/ST/ARM/DSP/Lib\libarm_cortexM4lf_math.a(arm_rfft_fast_init_f32.o)
 .debug_line    0x000108d9      0x4ab ../Middlewares/ST/ARM/DSP/Lib\libarm_cortexM4lf_math.a(arm_rfft_fast_f32.o)
 .debug_line    0x00010d84      0xef2 ../Middlewares/ST/ARM/DSP/Lib\libarm_cortexM4lf_math.a(arm_cfft_f32.o)
 .debug_line    0x00011c76      0x39a ../Middlewares/ST/ARM/DSP/Lib\libarm_cortexM4lf_math.a(arm_bitreversal2.o)
 .debug_line    0x00012010      0x501 ../Middlewares/ST/ARM/DSP/Lib\libarm_cortexM4lf_math.a(arm_cmplx_mag_f32.o)
 .debug_line    0x00012511      0x1f7 ../Middlewares/ST/ARM/DSP/Lib\libarm_cortexM4lf_math.a(arm_common_tables.o)
 .debug_line    0x00012708      0x2a5 ../Middlewares/ST/ARM/DSP/Lib\libarm_cortexM4lf_math.a(arm_cfft_init_f32.o)
 .debug_line    0x000129ad      0xc9c ../Middlewares/ST/ARM/DSP/Lib\libarm_cortexM4lf_math.a(arm_cfft_radix8_f32.o)
 .debug_line    0x00013649      0x20e ../Middlewares/ST/ARM/DSP/Lib\libarm_cortexM4lf_math.a(arm_const_structs.o)

.debug_str      0x00000000    0xdc3b6
 .debug_str     0x00000000    0xdc3b6 ./Core/Src/main.o
                              0xd7c97 (size before relaxing)
 .debug_str     0x000dc3b6        0x0 ./Core/Src/stm32f4xx_hal_msp.o
                              0xd231a (size before relaxing)
 .debug_str     0x000dc3b6        0x0 ./Core/Src/stm32f4xx_it.o
                              0xd183f (size before relaxing)
 .debug_str     0x000dc3b6        0x0 ./Core/Src/system_stm32f4xx.o
                              0xd12df (size before relaxing)
 .debug_str     0x000dc3b6        0x0 ./Core/Startup/startup_stm32f407vetx.o
                                 0x76 (size before relaxing)
 .debug_str     0x000dc3b6        0x0 ./Drivers/STM32F4xx_HAL_Driver/Src/stm32f4xx_hal.o
                              0xd1e63 (size before relaxing)
 .debug_str     0x000dc3b6        0x0 ./Drivers/STM32F4xx_HAL_Driver/Src/stm32f4xx_hal_adc.o
                              0xd18cc (size before relaxing)
 .debug_str     0x000dc3b6        0x0 ./Drivers/STM32F4xx_HAL_Driver/Src/stm32f4xx_hal_cortex.o
                              0xd1bdf (size before relaxing)
 .debug_str     0x000dc3b6        0x0 ./Drivers/STM32F4xx_HAL_Driver/Src/stm32f4xx_hal_dma.o
                              0xd16f9 (size before relaxing)
 .debug_str     0x000dc3b6        0x0 ./Drivers/STM32F4xx_HAL_Driver/Src/stm32f4xx_hal_gpio.o
                              0xd145a (size before relaxing)
 .debug_str     0x000dc3b6        0x0 ./Drivers/STM32F4xx_HAL_Driver/Src/stm32f4xx_hal_rcc.o
                              0xd1713 (size before relaxing)
 .debug_str     0x000dc3b6        0x0 ./Drivers/STM32F4xx_HAL_Driver/Src/stm32f4xx_hal_spi.o
                              0xd1b9d (size before relaxing)
 .debug_str     0x000dc3b6        0x0 ./Drivers/STM32F4xx_HAL_Driver/Src/stm32f4xx_hal_tim.o
                              0xd2669 (size before relaxing)
 .debug_str     0x000dc3b6        0x0 ./Drivers/STM32F4xx_HAL_Driver/Src/stm32f4xx_hal_tim_ex.o
                              0xd1e75 (size before relaxing)
 .debug_str     0x000dc3b6        0x0 ./Drivers/STM32F4xx_HAL_Driver/Src/stm32f4xx_hal_usart.o
                              0xd1b0b (size before relaxing)
 .debug_str     0x000dc3b6        0x0 ../Middlewares/ST/ARM/DSP/Lib\libarm_cortexM4lf_math.a(arm_rfft_fast_init_f32.o)
                               0x11c9 (size before relaxing)
 .debug_str     0x000dc3b6        0x0 ../Middlewares/ST/ARM/DSP/Lib\libarm_cortexM4lf_math.a(arm_rfft_fast_f32.o)
                                0x73b (size before relaxing)
 .debug_str     0x000dc3b6        0x0 ../Middlewares/ST/ARM/DSP/Lib\libarm_cortexM4lf_math.a(arm_cfft_f32.o)
                               0x10f3 (size before relaxing)
 .debug_str     0x000dc3b6        0x0 ../Middlewares/ST/ARM/DSP/Lib\libarm_cortexM4lf_math.a(arm_bitreversal2.o)
                                0xffe (size before relaxing)
 .debug_str     0x000dc3b6        0x0 ../Middlewares/ST/ARM/DSP/Lib\libarm_cortexM4lf_math.a(arm_cmplx_mag_f32.o)
                                0x736 (size before relaxing)
 .debug_str     0x000dc3b6        0x0 ../Middlewares/ST/ARM/DSP/Lib\libarm_cortexM4lf_math.a(arm_common_tables.o)
                                0xf92 (size before relaxing)
 .debug_str     0x000dc3b6        0x0 ../Middlewares/ST/ARM/DSP/Lib\libarm_cortexM4lf_math.a(arm_cfft_init_f32.o)
                               0x1412 (size before relaxing)
 .debug_str     0x000dc3b6        0x0 ../Middlewares/ST/ARM/DSP/Lib\libarm_cortexM4lf_math.a(arm_cfft_radix8_f32.o)
                                0x69d (size before relaxing)
 .debug_str     0x000dc3b6        0x0 ../Middlewares/ST/ARM/DSP/Lib\libarm_cortexM4lf_math.a(arm_const_structs.o)
                               0x17bc (size before relaxing)

.comment        0x00000000       0xbc
 .comment       0x00000000       0xbc ./Core/Src/main.o
                                 0x44 (size before relaxing)
 .comment       0x000000bc        0x0 ./Core/Src/stm32f4xx_hal_msp.o
                                 0x44 (size before relaxing)
 .comment       0x000000bc        0x0 ./Core/Src/stm32f4xx_it.o
                                 0x44 (size before relaxing)
 .comment       0x000000bc        0x0 ./Core/Src/system_stm32f4xx.o
                                 0x44 (size before relaxing)
 .comment       0x000000bc        0x0 ./Drivers/STM32F4xx_HAL_Driver/Src/stm32f4xx_hal.o
                                 0x44 (size before relaxing)
 .comment       0x000000bc        0x0 ./Drivers/STM32F4xx_HAL_Driver/Src/stm32f4xx_hal_adc.o
                                 0x44 (size before relaxing)
 .comment       0x000000bc        0x0 ./Drivers/STM32F4xx_HAL_Driver/Src/stm32f4xx_hal_cortex.o
                                 0x44 (size before relaxing)
 .comment       0x000000bc        0x0 ./Drivers/STM32F4xx_HAL_Driver/Src/stm32f4xx_hal_dma.o
                                 0x44 (size before relaxing)
 .comment       0x000000bc        0x0 ./Drivers/STM32F4xx_HAL_Driver/Src/stm32f4xx_hal_gpio.o
                                 0x44 (size before relaxing)
 .comment       0x000000bc        0x0 ./Drivers/STM32F4xx_HAL_Driver/Src/stm32f4xx_hal_rcc.o
                                 0x44 (size before relaxing)
 .comment       0x000000bc        0x0 ./Drivers/STM32F4xx_HAL_Driver/Src/stm32f4xx_hal_spi.o
                                 0x44 (size before relaxing)
 .comment       0x000000bc        0x0 ./Drivers/STM32F4xx_HAL_Driver/Src/stm32f4xx_hal_tim.o
                                 0x44 (size before relaxing)
 .comment       0x000000bc        0x0 ./Drivers/STM32F4xx_HAL_Driver/Src/stm32f4xx_hal_tim_ex.o
                                 0x44 (size before relaxing)
 .comment       0x000000bc        0x0 ./Drivers/STM32F4xx_HAL_Driver/Src/stm32f4xx_hal_usart.o
                                 0x44 (size before relaxing)
 .comment       0x000000bc        0x0 ../Middlewares/ST/ARM/DSP/Lib\libarm_cortexM4lf_math.a(arm_rfft_fast_init_f32.o)
                                 0x7a (size before relaxing)
 .comment       0x000000bc        0x0 ../Middlewares/ST/ARM/DSP/Lib\libarm_cortexM4lf_math.a(arm_rfft_fast_f32.o)
                                 0x7a (size before relaxing)
 .comment       0x000000bc        0x0 ../Middlewares/ST/ARM/DSP/Lib\libarm_cortexM4lf_math.a(arm_cfft_f32.o)
                                 0x7a (size before relaxing)
 .comment       0x000000bc        0x0 ../Middlewares/ST/ARM/DSP/Lib\libarm_cortexM4lf_math.a(arm_bitreversal2.o)
                                 0x7a (size before relaxing)
 .comment       0x000000bc        0x0 ../Middlewares/ST/ARM/DSP/Lib\libarm_cortexM4lf_math.a(arm_cmplx_mag_f32.o)
                                 0x7a (size before relaxing)
 .comment       0x000000bc        0x0 ../Middlewares/ST/ARM/DSP/Lib\libarm_cortexM4lf_math.a(arm_common_tables.o)
                                 0x7a (size before relaxing)
 .comment       0x000000bc        0x0 ../Middlewares/ST/ARM/DSP/Lib\libarm_cortexM4lf_math.a(arm_cfft_init_f32.o)
                                 0x7a (size before relaxing)
 .comment       0x000000bc        0x0 ../Middlewares/ST/ARM/DSP/Lib\libarm_cortexM4lf_math.a(arm_cfft_radix8_f32.o)
                                 0x7a (size before relaxing)
 .comment       0x000000bc        0x0 ../Middlewares/ST/ARM/DSP/Lib\libarm_cortexM4lf_math.a(arm_const_structs.o)
                                 0x7a (size before relaxing)

.debug_frame    0x00000000     0x4564
 .debug_frame   0x00000000      0x2c4 ./Core/Src/main.o
 .debug_frame   0x000002c4      0x160 ./Core/Src/stm32f4xx_hal_msp.o
 .debug_frame   0x00000424      0x190 ./Core/Src/stm32f4xx_it.o
 .debug_frame   0x000005b4       0x58 ./Core/Src/system_stm32f4xx.o
 .debug_frame   0x0000060c      0x374 ./Drivers/STM32F4xx_HAL_Driver/Src/stm32f4xx_hal.o
 .debug_frame   0x00000980      0x3fc ./Drivers/STM32F4xx_HAL_Driver/Src/stm32f4xx_hal_adc.o
 .debug_frame   0x00000d7c      0x508 ./Drivers/STM32F4xx_HAL_Driver/Src/stm32f4xx_hal_cortex.o
 .debug_frame   0x00001284      0x250 ./Drivers/STM32F4xx_HAL_Driver/Src/stm32f4xx_hal_dma.o
 .debug_frame   0x000014d4      0x14c ./Drivers/STM32F4xx_HAL_Driver/Src/stm32f4xx_hal_gpio.o
 .debug_frame   0x00001620      0x1f4 ./Drivers/STM32F4xx_HAL_Driver/Src/stm32f4xx_hal_rcc.o
 .debug_frame   0x00001814      0x828 ./Drivers/STM32F4xx_HAL_Driver/Src/stm32f4xx_hal_spi.o
 .debug_frame   0x0000203c     0x11c0 ./Drivers/STM32F4xx_HAL_Driver/Src/stm32f4xx_hal_tim.o
 .debug_frame   0x000031fc      0x638 ./Drivers/STM32F4xx_HAL_Driver/Src/stm32f4xx_hal_tim_ex.o
 .debug_frame   0x00003834      0x6ac ./Drivers/STM32F4xx_HAL_Driver/Src/stm32f4xx_hal_usart.o
 .debug_frame   0x00003ee0      0x100 ../Middlewares/ST/ARM/DSP/Lib\libarm_cortexM4lf_math.a(arm_rfft_fast_init_f32.o)
 .debug_frame   0x00003fe0       0x7c ../Middlewares/ST/ARM/DSP/Lib\libarm_cortexM4lf_math.a(arm_rfft_fast_f32.o)
 .debug_frame   0x0000405c      0x108 ../Middlewares/ST/ARM/DSP/Lib\libarm_cortexM4lf_math.a(arm_cfft_f32.o)
 .debug_frame   0x00004164       0x84 ../Middlewares/ST/ARM/DSP/Lib\libarm_cortexM4lf_math.a(arm_bitreversal2.o)
 .debug_frame   0x000041e8       0x4c ../Middlewares/ST/ARM/DSP/Lib\libarm_cortexM4lf_math.a(arm_cmplx_mag_f32.o)
 .debug_frame   0x00004234       0x34 ../Middlewares/ST/ARM/DSP/Lib\libarm_cortexM4lf_math.a(arm_cfft_init_f32.o)
 .debug_frame   0x00004268       0x94 ../Middlewares/ST/ARM/DSP/Lib\libarm_cortexM4lf_math.a(arm_cfft_radix8_f32.o)
 .debug_frame   0x000042fc      0x144 D:/E/1subject/HK4/VXL_VDK/doan/STM32CubeIDE_1.18.0/STM32CubeIDE/plugins/com.st.stm32cube.ide.mcu.externaltools.gnu-tools-for-stm32.13.3.rel1.win32_1.0.100.202509120712/tools/bin/../lib/gcc/arm-none-eabi/13.3.1/../../../../arm-none-eabi/lib/thumb/v7e-m+fp/hard\libc_nano.a(libc_a-findfp.o)
 .debug_frame   0x00004440       0x20 D:/E/1subject/HK4/VXL_VDK/doan/STM32CubeIDE_1.18.0/STM32CubeIDE/plugins/com.st.stm32cube.ide.mcu.externaltools.gnu-tools-for-stm32.13.3.rel1.win32_1.0.100.202509120712/tools/bin/../lib/gcc/arm-none-eabi/13.3.1/../../../../arm-none-eabi/lib/thumb/v7e-m+fp/hard\libc_nano.a(libc_a-memset.o)
 .debug_frame   0x00004460       0x20 D:/E/1subject/HK4/VXL_VDK/doan/STM32CubeIDE_1.18.0/STM32CubeIDE/plugins/com.st.stm32cube.ide.mcu.externaltools.gnu-tools-for-stm32.13.3.rel1.win32_1.0.100.202509120712/tools/bin/../lib/gcc/arm-none-eabi/13.3.1/../../../../arm-none-eabi/lib/thumb/v7e-m+fp/hard\libc_nano.a(libc_a-errno.o)
 .debug_frame   0x00004480       0x2c D:/E/1subject/HK4/VXL_VDK/doan/STM32CubeIDE_1.18.0/STM32CubeIDE/plugins/com.st.stm32cube.ide.mcu.externaltools.gnu-tools-for-stm32.13.3.rel1.win32_1.0.100.202509120712/tools/bin/../lib/gcc/arm-none-eabi/13.3.1/../../../../arm-none-eabi/lib/thumb/v7e-m+fp/hard\libc_nano.a(libc_a-init.o)
 .debug_frame   0x000044ac       0x38 D:/E/1subject/HK4/VXL_VDK/doan/STM32CubeIDE_1.18.0/STM32CubeIDE/plugins/com.st.stm32cube.ide.mcu.externaltools.gnu-tools-for-stm32.13.3.rel1.win32_1.0.100.202509120712/tools/bin/../lib/gcc/arm-none-eabi/13.3.1/../../../../arm-none-eabi/lib/thumb/v7e-m+fp/hard\libm.a(libm_a-wf_sqrt.o)
 .debug_frame   0x000044e4       0x20 D:/E/1subject/HK4/VXL_VDK/doan/STM32CubeIDE_1.18.0/STM32CubeIDE/plugins/com.st.stm32cube.ide.mcu.externaltools.gnu-tools-for-stm32.13.3.rel1.win32_1.0.100.202509120712/tools/bin/../lib/gcc/arm-none-eabi/13.3.1/../../../../arm-none-eabi/lib/thumb/v7e-m+fp/hard\libm.a(libm_a-ef_sqrt.o)
 .debug_frame   0x00004504       0x2c D:/E/1subject/HK4/VXL_VDK/doan/STM32CubeIDE_1.18.0/STM32CubeIDE/plugins/com.st.stm32cube.ide.mcu.externaltools.gnu-tools-for-stm32.13.3.rel1.win32_1.0.100.202509120712/tools/bin/../lib/gcc/arm-none-eabi/13.3.1/thumb/v7e-m+fp/hard\libgcc.a(_aeabi_uldivmod.o)
 .debug_frame   0x00004530       0x34 D:/E/1subject/HK4/VXL_VDK/doan/STM32CubeIDE_1.18.0/STM32CubeIDE/plugins/com.st.stm32cube.ide.mcu.externaltools.gnu-tools-for-stm32.13.3.rel1.win32_1.0.100.202509120712/tools/bin/../lib/gcc/arm-none-eabi/13.3.1/thumb/v7e-m+fp/hard\libgcc.a(_udivmoddi4.o)

.debug_line_str
                0x00000000       0x5a
 .debug_line_str
                0x00000000       0x5a ./Core/Startup/startup_stm32f407vetx.o

.debug_loc      0x00000000     0x391c
 .debug_loc     0x00000000      0x519 ../Middlewares/ST/ARM/DSP/Lib\libarm_cortexM4lf_math.a(arm_rfft_fast_init_f32.o)
 .debug_loc     0x00000519      0x9d7 ../Middlewares/ST/ARM/DSP/Lib\libarm_cortexM4lf_math.a(arm_rfft_fast_f32.o)
 .debug_loc     0x00000ef0     0x1406 ../Middlewares/ST/ARM/DSP/Lib\libarm_cortexM4lf_math.a(arm_cfft_f32.o)
 .debug_loc     0x000022f6      0x2cf ../Middlewares/ST/ARM/DSP/Lib\libarm_cortexM4lf_math.a(arm_bitreversal2.o)
 .debug_loc     0x000025c5      0x961 ../Middlewares/ST/ARM/DSP/Lib\libarm_cortexM4lf_math.a(arm_cmplx_mag_f32.o)
 .debug_loc     0x00002f26       0xee ../Middlewares/ST/ARM/DSP/Lib\libarm_cortexM4lf_math.a(arm_cfft_init_f32.o)
 .debug_loc     0x00003014      0x908 ../Middlewares/ST/ARM/DSP/Lib\libarm_cortexM4lf_math.a(arm_cfft_radix8_f32.o)

.debug_ranges   0x00000000      0x1b0
 .debug_ranges  0x00000000       0x50 ../Middlewares/ST/ARM/DSP/Lib\libarm_cortexM4lf_math.a(arm_rfft_fast_init_f32.o)
 .debug_ranges  0x00000050       0x20 ../Middlewares/ST/ARM/DSP/Lib\libarm_cortexM4lf_math.a(arm_rfft_fast_f32.o)
 .debug_ranges  0x00000070       0x20 ../Middlewares/ST/ARM/DSP/Lib\libarm_cortexM4lf_math.a(arm_cfft_f32.o)
 .debug_ranges  0x00000090       0x20 ../Middlewares/ST/ARM/DSP/Lib\libarm_cortexM4lf_math.a(arm_bitreversal2.o)
 .debug_ranges  0x000000b0       0xe0 ../Middlewares/ST/ARM/DSP/Lib\libarm_cortexM4lf_math.a(arm_cmplx_mag_f32.o)
 .debug_ranges  0x00000190       0x10 ../Middlewares/ST/ARM/DSP/Lib\libarm_cortexM4lf_math.a(arm_cfft_init_f32.o)
 .debug_ranges  0x000001a0       0x10 ../Middlewares/ST/ARM/DSP/Lib\libarm_cortexM4lf_math.a(arm_cfft_radix8_f32.o)