../Core/Inc/knob.h:10:6:knob_init	8	static
../Core/Inc/knob.h:15:6:brightness_update	4	static
../Core/Inc/SPI_LED.h:16:6:spi_update	8	static
../Core/Inc/SPI_LED.h:23:6:spi_set_led	24	static
../Core/Inc/SPI_LED.h:46:6:spi_init_buffer	32	static
../Core/Inc/UART_LED.h:18:6:usart_set_led	24	static
../Core/Inc/UART_LED.h:32:6:usart_update	8	static
../Core/Inc/UART_LED.h:42:6:usart_init_buffer	32	static
../Core/Inc/effect.h:32:6:update_all_strips	8	static
../Core/Inc/effect.h:37:6:led_init	8	static
../Core/Inc/effect.h:46:6:set_pixel_color	32	static
../Core/Inc/effect.h:52:6:hsv_to_rgb	24	static
../Core/Inc/effect.h:69:6:effect_startup_breathing	48	static
../Core/Inc/effect.h:92:6:effect_vu_meter_smart	56	static
../Core/Inc/effect.h:120:6:effect_freq_color	56	static
../Core/Inc/effect.h:149:6:effect_rainbow_pulse	48	static
../Core/Inc/effect.h:172:6:effect_music_rain	64	static
../Core/Inc/effect.h:211:6:effect_falling_rain	56	static
../Core/Inc/effect.h:239:6:effect_fire	64	static
../Core/Inc/effect.h:277:6:effect_center_pulse	56	static
../Core/Inc/effect.h:301:6:led_effects_manager	16	static
../Core/Inc/FFT.h:36:6:audio_init	8	static
../Core/Inc/FFT.h:41:6:process_audio_data	40	static
../Core/Inc/FFT.h:106:6:HAL_ADC_ConvCpltCallback	16	static
../Core/Inc/button.h:43:6:button_scan	16	static
../Core/Inc/bluetooth.h:30:6:bluetooth_init	8	static
../Core/Inc/bluetooth.h:35:6:bluetooth_check_connection	8	static
../Core/Inc/bluetooth.h:53:6:HAL_UART_RxCpltCallback	16	static
../Core/Src/main.c:92:5:main	8	static
../Core/Src/main.c:173:6:SystemClock_Config	88	static
../Core/Src/main.c:220:13:MX_ADC1_Init	24	static
../Core/Src/main.c:272:13:MX_ADC2_Init	24	static
../Core/Src/main.c:324:13:MX_SPI3_Init	8	static
../Core/Src/main.c:362:13:MX_TIM2_Init	32	static
../Core/Src/main.c:407:13:MX_TIM3_Init	32	static
../Core/Src/main.c:452:13:MX_USART2_UART_Init	8	static
../Core/Src/main.c:485:13:MX_USART6_Init	8	static
../Core/Src/main.c:517:13:MX_DMA_Init	16	static
../Core/Src/main.c:545:13:MX_GPIO_Init	48	static
../Core/Src/main.c:592:6:HAL_SPI_TxCpltCallback	16	static
../Core/Src/main.c:605:6:Error_Handler	4	static,ignoring_inline_asm
