../Core/Src/main.c:116:6:spi_update	8	static
../Core/Src/main.c:123:6:spi_set_led	24	static
../Core/Src/main.c:145:6:spi_chase_effect	24	static
../Core/Src/main.c:163:6:usart_set_led	24	static
../Core/Src/main.c:177:6:usart_update	8	static
../Core/Src/main.c:187:6:usart_chase_effect	24	static
../Core/Src/main.c:205:6:led_init	32	static
../Core/Src/main.c:230:6:process_audio_data	40	static
../Core/Src/main.c:293:6:update_led_smart	48	static
../Core/Src/main.c:333:5:main	8	static
../Core/Src/main.c:399:6:SystemClock_Config	88	static
../Core/Src/main.c:446:13:MX_ADC1_Init	24	static
../Core/Src/main.c:498:13:MX_SPI3_Init	8	static
../Core/Src/main.c:536:13:MX_TIM2_Init	32	static
../Core/Src/main.c:581:13:MX_USART6_Init	8	static
../Core/Src/main.c:613:13:MX_DMA_Init	16	static
../Core/Src/main.c:638:13:MX_GPIO_Init	24	static
../Core/Src/main.c:655:6:HAL_SPI_TxCpltCallback	16	static
../Core/Src/main.c:664:6:HAL_ADC_ConvCpltCallback	16	static
../Core/Src/main.c:680:6:Error_Handler	4	static,ignoring_inline_asm
