../Core/Inc/SPI_LED.h:16:6:spi_update	8	static
../Core/Inc/SPI_LED.h:23:6:spi_set_led	24	static
../Core/Inc/SPI_LED.h:46:6:spi_init_buffer	32	static
../Core/Inc/UART_LED.h:18:6:usart_set_led	24	static
../Core/Inc/UART_LED.h:32:6:usart_update	8	static
../Core/Inc/UART_LED.h:42:6:usart_init_buffer	32	static
../Core/Inc/effect.h:30:6:update_all_strips	8	static
../Core/Inc/effect.h:35:6:led_init	8	static
../Core/Inc/effect.h:44:6:set_pixel_color	32	static
../Core/Inc/effect.h:50:6:hsv_to_rgb	24	static
../Core/Inc/effect.h:67:6:effect_startup_breathing	48	static
../Core/Inc/effect.h:90:6:effect_vu_meter_smart	56	static
../Core/Inc/effect.h:118:6:effect_freq_color	56	static
../Core/Inc/effect.h:147:6:effect_rainbow_pulse	48	static
../Core/Inc/effect.h:170:6:effect_music_rain	64	static
../Core/Inc/effect.h:209:6:effect_falling_rain	56	static
../Core/Inc/effect.h:237:6:effect_fire	64	static
../Core/Inc/effect.h:275:6:effect_center_pulse	56	static
../Core/Inc/effect.h:299:6:led_effects_manager	16	static
../Core/Inc/effect.h:321:6:reset_system_effects	24	static
../Core/Inc/FFT.h:36:6:audio_init	8	static
../Core/Inc/FFT.h:41:6:process_audio_data	40	static
../Core/Inc/FFT.h:106:6:HAL_ADC_ConvCpltCallback	16	static
../Core/Inc/button.h:44:6:button_scan	16	static
../Core/Inc/bluetooth.h:30:6:bluetooth_init	8	static
../Core/Inc/bluetooth.h:35:6:bluetooth_check_connection	8	static
../Core/Inc/bluetooth.h:53:6:HAL_UART_RxCpltCallback	16	static
../Core/Src/main.c:84:5:main	8	static
../Core/Src/main.c:159:6:SystemClock_Config	88	static
../Core/Src/main.c:206:13:MX_ADC1_Init	24	static
../Core/Src/main.c:258:13:MX_SPI3_Init	8	static
../Core/Src/main.c:296:13:MX_TIM2_Init	32	static
../Core/Src/main.c:341:13:MX_USART2_UART_Init	8	static
../Core/Src/main.c:374:13:MX_USART6_Init	8	static
../Core/Src/main.c:406:13:MX_DMA_Init	16	static
../Core/Src/main.c:431:13:MX_GPIO_Init	48	static
../Core/Src/main.c:478:6:HAL_SPI_TxCpltCallback	16	static
../Core/Src/main.c:491:6:Error_Handler	4	static,ignoring_inline_asm
