../Drivers/CMSIS/Include/core_cm4.h:1938:34:__NVIC_SystemReset	4	static,ignoring_inline_asm
../Core/Inc/SPI_LED.h:20:6:spi_update	8	static
../Core/Inc/SPI_LED.h:27:6:spi_set_led	24	static
../Core/Inc/SPI_LED.h:50:6:spi_init_buffer	32	static
../Core/Inc/UART_LED.h:22:6:usart_set_led	24	static
../Core/Inc/UART_LED.h:36:6:usart_update	8	static
../Core/Inc/UART_LED.h:46:6:usart_init_buffer	32	static
../Core/Inc/FFT.h:40:6:audio_init	8	static
../Core/Inc/FFT.h:47:6:process_audio_data	40	static
../Core/Inc/FFT.h:108:6:HAL_ADC_ConvCpltCallback	16	static
../Core/Inc/knob.h:13:6:knob_init	8	static
../Core/Inc/knob.h:18:6:brightness_update	4	static
../Core/Inc/button.h:43:6:button_init	8	static
../Core/Inc/button.h:75:6:check_system_reset_cause	16	static
../Core/Inc/button.h:94:6:button_scan	16	static
../Core/Inc/effect.h:57:6:update_all_strips	8	static
../Core/Inc/effect.h:62:6:set_strip_color	32	static
../Core/Inc/effect.h:67:6:hsv_to_rgb	24	static
../Core/Inc/effect.h:83:6:effect_clear	32	static
../Core/Inc/effect.h:93:6:effect_breathing	56	static
../Core/Inc/effect.h:123:6:effect_vu_meter_smart	56	static
../Core/Inc/effect.h:138:6:effect_freq_color	64	static
../Core/Inc/effect.h:154:6:effect_rainbow_pulse	56	static
../Core/Inc/effect.h:167:6:effect_music_rain	56	static
../Core/Inc/effect.h:186:6:effect_fire	64	static
../Core/Inc/effect.h:246:6:effect_center_pulse	64	static
../Core/Inc/effect.h:261:6:led_effects_manager	16	static
../Core/Inc/effect.h:297:6:led_init	8	static
../Core/Inc/effect.h:304:6:perform_system_reset	8	static
../Core/Inc/bluetooth.h:28:6:bluetooth_init	8	static
../Core/Inc/bluetooth.h:33:6:bluetooth_check_connection	8	static
../Core/Inc/bluetooth.h:51:6:HAL_UART_RxCpltCallback	16	static
../Core/Src/main.c:90:5:main	8	static
../Core/Src/main.c:151:6:SystemClock_Config	88	static
../Core/Src/main.c:198:13:MX_ADC1_Init	24	static
../Core/Src/main.c:250:13:MX_ADC2_Init	24	static
../Core/Src/main.c:302:13:MX_SPI3_Init	8	static
../Core/Src/main.c:340:13:MX_TIM2_Init	32	static
../Core/Src/main.c:385:13:MX_TIM3_Init	32	static
../Core/Src/main.c:430:13:MX_USART2_UART_Init	8	static
../Core/Src/main.c:463:13:MX_USART6_Init	8	static
../Core/Src/main.c:495:13:MX_DMA_Init	16	static
../Core/Src/main.c:523:13:MX_GPIO_Init	48	static
../Core/Src/main.c:564:6:HAL_SPI_TxCpltCallback	16	static
../Core/Src/main.c:577:6:Error_Handler	4	static,ignoring_inline_asm
