../Core/Inc/SPI_LED.h:16:6:spi_update	8	static
../Core/Inc/SPI_LED.h:23:6:spi_set_led	24	static
../Core/Inc/SPI_LED.h:46:6:spi_init_buffer	32	static
../Core/Inc/UART_LED.h:18:6:usart_set_led	24	static
../Core/Inc/UART_LED.h:32:6:usart_update	8	static
../Core/Inc/UART_LED.h:42:6:usart_init_buffer	32	static
../Core/Inc/effect.h:33:6:update_all_strips	8	static
../Core/Inc/effect.h:39:6:set_pixel_color	32	static
../Core/Inc/effect.h:45:6:hsv_to_rgb	24	static
../Core/Inc/effect.h:62:6:effect_clear	32	static
../Core/Inc/effect.h:71:6:effect_breathing	40	static
../Core/Inc/effect.h:82:6:effect_vu_meter_smart	56	static
../Core/Inc/effect.h:97:6:effect_freq_color	64	static
../Core/Inc/effect.h:113:6:effect_rainbow_pulse	56	static
../Core/Inc/effect.h:125:6:effect_music_rain	56	static
../Core/Inc/effect.h:144:6:effect_fire	64	static
../Core/Inc/effect.h:176:6:effect_center_pulse	64	static
../Core/Inc/effect.h:189:6:effect_mirror_vu	48	static
../Core/Inc/effect.h:208:6:effect_fire_ice	48	static
../Core/Inc/effect.h:235:6:led_effects_manager	16	static
../Core/Inc/effect.h:279:6:led_init	16	static
../Core/Inc/effect.h:288:6:perform_system_reset	8	static
../Core/Inc/FFT.h:36:6:audio_init	8	static
../Core/Inc/FFT.h:41:6:process_audio_data	40	static
../Core/Inc/FFT.h:106:6:HAL_ADC_ConvCpltCallback	16	static
../Core/Inc/button.h:49:9:check_button	24	static
../Core/Inc/button.h:76:6:button_scan	8	static
../Core/Inc/bluetooth.h:32:6:bluetooth_init	8	static
../Core/Inc/bluetooth.h:38:6:bluetooth_check_connection	8	static
../Core/Inc/bluetooth.h:47:6:HAL_UART_RxCpltCallback	24	static
../Core/Src/main.c:85:5:main	8	static
../Core/Src/main.c:157:6:SystemClock_Config	88	static
../Core/Src/main.c:204:13:MX_ADC1_Init	24	static
../Core/Src/main.c:256:13:MX_SPI3_Init	8	static
../Core/Src/main.c:294:13:MX_TIM2_Init	32	static
../Core/Src/main.c:339:13:MX_USART2_UART_Init	8	static
../Core/Src/main.c:372:13:MX_USART6_Init	8	static
../Core/Src/main.c:404:13:MX_DMA_Init	16	static
../Core/Src/main.c:429:13:MX_GPIO_Init	48	static
../Core/Src/main.c:476:6:HAL_SPI_TxCpltCallback	16	static
../Core/Src/main.c:489:6:Error_Handler	4	static,ignoring_inline_asm
